<html>
<body>
<pre>
<h1>礦ision Build Log</h1>
<h2>Tool Versions:</h2>
IDE-Version: μVision V5.23.0.0
Copyright (C) 2017 ARM Ltd and ARM Germany GmbH. All rights reserved.
License Information: LI Li's, YI, LIC=LJWDY-I1E8R-EYAVT-RY872-Q66JZ-2PQWC
 
Tool Versions:
Toolchain:       MDK-ARM Professional  Version: 5.23
Toolchain Path:  d:\KeilV5\ARM\ARMCC\Bin
C Compiler:      Armcc.exe V5.06 update 4 (build 422)
Assembler:       Armasm.exe V5.06 update 4 (build 422)
Linker/Locator:  ArmLink.exe V5.06 update 4 (build 422)
Library Manager: ArmAr.exe V5.06 update 4 (build 422)
Hex Converter:   FromElf.exe V5.06 update 4 (build 422)
CPU DLL:         SARMCM3.DLL V5.23
Dialog DLL:      DCM.DLL V1.15.0.0
Target DLL:      UL2CM3.DLL V1.159.7.0
Dialog DLL:      TCM.DLL V1.27.0.0
 
<h2>Project:</h2>
E:\项目\数显表\1.程序\72x72 3_多功能表\trunk\build\72_All_Multimeters.uvprojx
Project File Date:  01/23/2018

<h2>Output:</h2>
*** Using Compiler 'V5.06 update 4 (build 422)', folder: 'd:\KeilV5\ARM\ARMCC\Bin'
Rebuild target 'LED_Mult_7_103'
assembling startup_stm32f10x_md.s...
compiling taskGUI.c...
compiling core_cm3.c...
compiling system_stm32f10x.c...
compiling taskProtect.c...
compiling taskExtra.c...
..\src\User\Task\taskExtra.c(413): warning:  #186-D: pointless comparison of unsigned integer with zero
  			if(AnaNum < 0)
..\src\User\Task\taskExtra.c: 1 warning, 0 errors
compiling taskRS232.c...
..\src\User\Task\taskRS232.c(411): warning:  #177-D: variable "k"  was declared but never referenced
      u8 i,j,k,l;
..\src\User\Task\taskRS232.c(411): warning:  #177-D: variable "l"  was declared but never referenced
      u8 i,j,k,l;
..\src\User\Task\taskRS232.c(449): warning:  #177-D: variable "index"  was declared but never referenced
      int index,th;
..\src\User\Task\taskRS232.c(449): warning:  #177-D: variable "th"  was declared but never referenced
      int index,th;
..\src\User\Task\taskRS232.c(450): warning:  #177-D: variable "Hi"  was declared but never referenced
      u8 i,Hi,Lo;
..\src\User\Task\taskRS232.c(450): warning:  #177-D: variable "Lo"  was declared but never referenced
      u8 i,Hi,Lo;
..\src\User\Task\taskRS232.c: 6 warnings, 0 errors
compiling bsp_LCD.c...
compiling drvSerial.c...
compiling taskLedGUI.c...
..\src\User\Task\taskLedGUI.c(2924): warning:  #177-D: variable "TmpPf"  was declared but never referenced
      s16 TmpPf;
..\src\User\Task\taskLedGUI.c(455): warning:  #550-D: variable "g_bBlackLightEnble"  was set but never used
  static BOOL g_bBlackLightEnble = FALSE;  // 背光亮
..\src\User\Task\taskLedGUI.c: 2 warnings, 0 errors
compiling drvFram.c...
compiling bsp_RN8302B.c...
..\src\Driver\bsp_RN8302B.c(2337): warning:  #550-D: variable "ftemp_P"  was set but never used
  	float ftemp_N,ftemp_P;
..\src\Driver\bsp_RN8302B.c: 1 warning, 0 errors
compiling param.c...
compiling drvLED.c...
compiling sysMain.c...
compiling stm32f10x_it.c...
compiling Bsp.c...
compiling misc.c...
compiling stm32f10x_adc.c...
compiling stm32f10x_bkp.c...
compiling stm32f10x_can.c...
compiling stm32f10x_cec.c...
compiling stm32f10x_crc.c...
compiling stm32f10x_dac.c...
compiling stm32f10x_dbgmcu.c...
compiling stm32f10x_dma.c...
compiling stm32f10x_exti.c...
compiling stm32f10x_flash.c...
compiling stm32f10x_fsmc.c...
compiling stm32f10x_gpio.c...
compiling stm32f10x_i2c.c...
compiling stm32f10x_iwdg.c...
compiling stm32f10x_pwr.c...
compiling stm32f10x_rcc.c...
compiling stm32f10x_rtc.c...
compiling stm32f10x_sdio.c...
compiling stm32f10x_spi.c...
compiling stm32f10x_usart.c...
compiling stm32f10x_tim.c...
compiling stm32f10x_wwdg.c...
compiling MemDataOperate.c...
compiling pt_sem.c...
compiling pt.c...
compiling pt_timer.c...
compiling SCH.c...
linking...
Program Size: Code=71372 RO-data=1300 RW-data=1400 ZI-data=9224  
FromELF: creating hex file...
".\temp\72_LED_Mult_103.axf" - 0 Error(s), 10 Warning(s).

<h2>Collection of Component include folders:</h2>
  .\RTE\_LED_Mult_7_103
  d:\KeilV5\ARM\PACK\Keil\STM32F1xx_DFP\1.0.5\Device\Include

<h2>Collection of Component Files used:</h2>
Build Time Elapsed:  00:00:09
</pre>
</body>
</html>
<SCRIPT Language=VBScript><!--

//--></SCRIPT>