Component: ARM Compiler 5.06 update 4 (build 422) Tool: armlink [4d35d2]

==============================================================================

Section Cross References

    system_stm32f10x.o(i.SetSysClock) refers to system_stm32f10x.o(i.SetSysClockTo72) for SetSysClockTo72
    system_stm32f10x.o(i.SystemCoreClockUpdate) refers to system_stm32f10x.o(.data) for .data
    system_stm32f10x.o(i.SystemInit) refers to system_stm32f10x.o(i.SetSysClock) for SetSysClock
    startup_stm32f10x_md.o(STACK) refers (Special) to heapauxi.o(.text) for __use_two_region_memory
    startup_stm32f10x_md.o(HEAP) refers (Special) to heapauxi.o(.text) for __use_two_region_memory
    startup_stm32f10x_md.o(RESET) refers (Special) to heapauxi.o(.text) for __use_two_region_memory
    startup_stm32f10x_md.o(RESET) refers to startup_stm32f10x_md.o(STACK) for __initial_sp
    startup_stm32f10x_md.o(RESET) refers to startup_stm32f10x_md.o(.text) for Reset_Handler
    startup_stm32f10x_md.o(RESET) refers to stm32f10x_it.o(i.NMI_Handler) for NMI_Handler
    startup_stm32f10x_md.o(RESET) refers to stm32f10x_it.o(i.HardFault_Handler) for HardFault_Handler
    startup_stm32f10x_md.o(RESET) refers to stm32f10x_it.o(i.SVC_Handler) for SVC_Handler
    startup_stm32f10x_md.o(RESET) refers to stm32f10x_it.o(i.PendSV_Handler) for PendSV_Handler
    startup_stm32f10x_md.o(RESET) refers to stm32f10x_it.o(i.SysTick_Handler) for SysTick_Handler
    startup_stm32f10x_md.o(RESET) refers to stm32f10x_it.o(i.DMA1_Channel1_IRQHandler) for DMA1_Channel1_IRQHandler
    startup_stm32f10x_md.o(RESET) refers to stm32f10x_it.o(i.TIM3_IRQHandler) for TIM3_IRQHandler
    startup_stm32f10x_md.o(RESET) refers to stm32f10x_it.o(i.USART1_IRQHandler) for USART1_IRQHandler
    startup_stm32f10x_md.o(.text) refers (Special) to heapauxi.o(.text) for __use_two_region_memory
    startup_stm32f10x_md.o(.text) refers to system_stm32f10x.o(i.SystemInit) for SystemInit
    startup_stm32f10x_md.o(.text) refers to __main.o(!!!main) for __main
    startup_stm32f10x_md.o(.text) refers to startup_stm32f10x_md.o(HEAP) for Heap_Mem
    startup_stm32f10x_md.o(.text) refers to startup_stm32f10x_md.o(STACK) for Stack_Mem
    taskextra.o(i.Ddi_Protect_JudgeLowProtectHappen) refers to taskextra.o(i.svc_Protect_ProtectHappen) for svc_Protect_ProtectHappen
    taskextra.o(i.Ddi_Protect_JudgeLowProtectHappen) refers to taskextra.o(i.svc_Protect_CancelJudge) for svc_Protect_CancelJudge
    taskextra.o(i.Ddi_Protect_JudgeLowProtectHappen) refers to taskextra.o(i.svc_Protect_ProtectRtn) for svc_Protect_ProtectRtn
    taskextra.o(i.Ddi_Protect_JudgeLowProtectHappen) refers to taskextra.o(.bss) for .bss
    taskextra.o(i.Ddi_Protect_JudgeOverProtectHappen) refers to taskextra.o(i.svc_Protect_ProtectHappen) for svc_Protect_ProtectHappen
    taskextra.o(i.Ddi_Protect_JudgeOverProtectHappen) refers to taskextra.o(i.svc_Protect_CancelJudge) for svc_Protect_CancelJudge
    taskextra.o(i.Ddi_Protect_JudgeOverProtectHappen) refers to taskextra.o(i.svc_Protect_ProtectRtn) for svc_Protect_ProtectRtn
    taskextra.o(i.Ddi_Protect_JudgeOverProtectHappen) refers to taskextra.o(.bss) for .bss
    taskextra.o(i.DinStatus) refers to stm32f10x_gpio.o(i.GPIO_ReadInputDataBit) for GPIO_ReadInputDataBit
    taskextra.o(i.DinStatus) refers to taskextra.o(.data) for .data
    taskextra.o(i.DinStatus) refers to param.o(.bss) for RtuSecondaryData
    taskextra.o(i.OutHandler_First) refers to taskextra.o(i.Ddi_Protect_JudgeOverProtectHappen) for Ddi_Protect_JudgeOverProtectHappen
    taskextra.o(i.OutHandler_First) refers to taskextra.o(i.Ddi_Protect_JudgeLowProtectHappen) for Ddi_Protect_JudgeLowProtectHappen
    taskextra.o(i.OutHandler_First) refers to param.o(.bss) for g_tParam
    taskextra.o(i.OutHandler_First) refers to taskextra.o(.data) for .data
    taskextra.o(i.OutHandler_First) refers to bsp_rn8302b.o(.bss) for vg_Power2_Val
    taskextra.o(i.OutHandler_First) refers to taskextra.o(.bss) for .bss
    taskextra.o(i.OutHandler_Second) refers to taskextra.o(i.Ddi_Protect_JudgeOverProtectHappen) for Ddi_Protect_JudgeOverProtectHappen
    taskextra.o(i.OutHandler_Second) refers to taskextra.o(i.Ddi_Protect_JudgeLowProtectHappen) for Ddi_Protect_JudgeLowProtectHappen
    taskextra.o(i.OutHandler_Second) refers to param.o(.bss) for g_tParam
    taskextra.o(i.OutHandler_Second) refers to taskextra.o(.data) for .data
    taskextra.o(i.OutHandler_Second) refers to bsp_rn8302b.o(.bss) for vg_Power2_Val
    taskextra.o(i.OutHandler_Second) refers to taskextra.o(.bss) for .bss
    taskextra.o(i.OutStatus) refers to taskextra.o(.data) for .data
    taskextra.o(i.OutStatus) refers to param.o(.bss) for RtuSecondaryData
    taskextra.o(i.PwmPercentOutput_First) refers to stm32f10x_tim.o(i.TIM_SetCompare4) for TIM_SetCompare4
    taskextra.o(i.PwmPercentOutput_First) refers to fflt_clz.o(x$fpl$fflt) for __aeabi_i2f
    taskextra.o(i.PwmPercentOutput_First) refers to fdiv.o(x$fpl$fdiv) for __aeabi_fdiv
[...]
    __rt_lib_init_lc_numeric_1               0x080001a3   Thumb Code     0  libinit2.o(.ARM.Collect$$libinit$$00000017)
    __rt_lib_init_lc_time_1                  0x080001a3   Thumb Code     0  libinit2.o(.ARM.Collect$$libinit$$00000019)
    __rt_lib_init_preinit_1                  0x080001a3   Thumb Code     0  libinit2.o(.ARM.Collect$$libinit$$00000004)
    __rt_lib_init_rand_1                     0x080001a3   Thumb Code     0  libinit2.o(.ARM.Collect$$libinit$$0000000E)
    __rt_lib_init_return                     0x080001a3   Thumb Code     0  libinit2.o(.ARM.Collect$$libinit$$00000033)
    __rt_lib_init_signal_1                   0x080001a3   Thumb Code     0  libinit2.o(.ARM.Collect$$libinit$$0000001D)
    __rt_lib_init_stdio_1                    0x080001a3   Thumb Code     0  libinit2.o(.ARM.Collect$$libinit$$00000025)
    __rt_lib_init_user_alloc_1               0x080001a3   Thumb Code     0  libinit2.o(.ARM.Collect$$libinit$$0000000C)
    __rt_lib_shutdown                        0x080001a5   Thumb Code     0  libshutdown.o(.ARM.Collect$$libshutdown$$00000000)
    __rt_lib_shutdown_cpp_1                  0x080001a7   Thumb Code     0  libshutdown2.o(.ARM.Collect$$libshutdown$$00000002)
    __rt_lib_shutdown_fp_trap_1              0x080001a7   Thumb Code     0  libshutdown2.o(.ARM.Collect$$libshutdown$$00000007)
    __rt_lib_shutdown_heap_1                 0x080001a7   Thumb Code     0  libshutdown2.o(.ARM.Collect$$libshutdown$$0000000F)
    __rt_lib_shutdown_return                 0x080001a7   Thumb Code     0  libshutdown2.o(.ARM.Collect$$libshutdown$$00000010)
    __rt_lib_shutdown_signal_1               0x080001a7   Thumb Code     0  libshutdown2.o(.ARM.Collect$$libshutdown$$0000000A)
    __rt_lib_shutdown_stdio_1                0x080001a7   Thumb Code     0  libshutdown2.o(.ARM.Collect$$libshutdown$$00000004)
    __rt_lib_shutdown_user_alloc_1           0x080001a7   Thumb Code     0  libshutdown2.o(.ARM.Collect$$libshutdown$$0000000C)
    __rt_entry                               0x080001a9   Thumb Code     0  __rtentry.o(.ARM.Collect$$rtentry$$00000000)
    __rt_entry_presh_1                       0x080001a9   Thumb Code     0  __rtentry2.o(.ARM.Collect$$rtentry$$00000002)
    __rt_entry_sh                            0x080001a9   Thumb Code     0  __rtentry4.o(.ARM.Collect$$rtentry$$00000004)
    __rt_entry_li                            0x080001af   Thumb Code     0  __rtentry2.o(.ARM.Collect$$rtentry$$0000000A)
    __rt_entry_postsh_1                      0x080001af   Thumb Code     0  __rtentry2.o(.ARM.Collect$$rtentry$$00000009)
    __rt_entry_main                          0x080001b3   Thumb Code     0  __rtentry2.o(.ARM.Collect$$rtentry$$0000000D)
    __rt_entry_postli_1                      0x080001b3   Thumb Code     0  __rtentry2.o(.ARM.Collect$$rtentry$$0000000C)
    __rt_exit                                0x080001bb   Thumb Code     0  rtexit.o(.ARM.Collect$$rtexit$$00000000)
    __rt_exit_ls                             0x080001bd   Thumb Code     0  rtexit2.o(.ARM.Collect$$rtexit$$00000003)
    __rt_exit_prels_1                        0x080001bd   Thumb Code     0  rtexit2.o(.ARM.Collect$$rtexit$$00000002)
    __rt_exit_exit                           0x080001c1   Thumb Code     0  rtexit2.o(.ARM.Collect$$rtexit$$00000004)
    Reset_Handler                            0x080001c9   Thumb Code     8  startup_stm32f10x_md.o(.text)
    MemManage_Handler                        0x080001d5   Thumb Code     2  startup_stm32f10x_md.o(.text)
    BusFault_Handler                         0x080001d7   Thumb Code     2  startup_stm32f10x_md.o(.text)
    UsageFault_Handler                       0x080001d9   Thumb Code     2  startup_stm32f10x_md.o(.text)
    DebugMon_Handler                         0x080001dd   Thumb Code     2  startup_stm32f10x_md.o(.text)
    ADC1_2_IRQHandler                        0x080001e3   Thumb Code     0  startup_stm32f10x_md.o(.text)
    CAN1_RX1_IRQHandler                      0x080001e3   Thumb Code     0  startup_stm32f10x_md.o(.text)
    CAN1_SCE_IRQHandler                      0x080001e3   Thumb Code     0  startup_stm32f10x_md.o(.text)
    DMA1_Channel2_IRQHandler                 0x080001e3   Thumb Code     0  startup_stm32f10x_md.o(.text)
    DMA1_Channel3_IRQHandler                 0x080001e3   Thumb Code     0  startup_stm32f10x_md.o(.text)
    DMA1_Channel4_IRQHandler                 0x080001e3   Thumb Code     0  startup_stm32f10x_md.o(.text)
    DMA1_Channel5_IRQHandler                 0x080001e3   Thumb Code     0  startup_stm32f10x_md.o(.text)
    DMA1_Channel6_IRQHandler                 0x080001e3   Thumb Code     0  startup_stm32f10x_md.o(.text)
    DMA1_Channel7_IRQHandler                 0x080001e3   Thumb Code     0  startup_stm32f10x_md.o(.text)
    EXTI0_IRQHandler                         0x080001e3   Thumb Code     0  startup_stm32f10x_md.o(.text)
    EXTI15_10_IRQHandler                     0x080001e3   Thumb Code     0  startup_stm32f10x_md.o(.text)
    EXTI1_IRQHandler                         0x080001e3   Thumb Code     0  startup_stm32f10x_md.o(.text)
    EXTI2_IRQHandler                         0x080001e3   Thumb Code     0  startup_stm32f10x_md.o(.text)
    EXTI3_IRQHandler                         0x080001e3   Thumb Code     0  startup_stm32f10x_md.o(.text)
    EXTI4_IRQHandler                         0x080001e3   Thumb Code     0  startup_stm32f10x_md.o(.text)
    EXTI9_5_IRQHandler                       0x080001e3   Thumb Code     0  startup_stm32f10x_md.o(.text)
    FLASH_IRQHandler                         0x080001e3   Thumb Code     0  startup_stm32f10x_md.o(.text)
    I2C1_ER_IRQHandler                       0x080001e3   Thumb Code     0  startup_stm32f10x_md.o(.text)
    I2C1_EV_IRQHandler                       0x080001e3   Thumb Code     0  startup_stm32f10x_md.o(.text)
    I2C2_ER_IRQHandler                       0x080001e3   Thumb Code     0  startup_stm32f10x_md.o(.text)
    I2C2_EV_IRQHandler                       0x080001e3   Thumb Code     0  startup_stm32f10x_md.o(.text)
    PVD_IRQHandler                           0x080001e3   Thumb Code     0  startup_stm32f10x_md.o(.text)
    RCC_IRQHandler                           0x080001e3   Thumb Code     0  startup_stm32f10x_md.o(.text)
    RTCAlarm_IRQHandler                      0x080001e3   Thumb Code     0  startup_stm32f10x_md.o(.text)
    RTC_IRQHandler                           0x080001e3   Thumb Code     0  startup_stm32f10x_md.o(.text)
    SPI1_IRQHandler                          0x080001e3   Thumb Code     0  startup_stm32f10x_md.o(.text)
    SPI2_IRQHandler                          0x080001e3   Thumb Code     0  startup_stm32f10x_md.o(.text)
    TAMPER_IRQHandler                        0x080001e3   Thumb Code     0  startup_stm32f10x_md.o(.text)
    TIM1_BRK_IRQHandler                      0x080001e3   Thumb Code     0  startup_stm32f10x_md.o(.text)
    TIM1_CC_IRQHandler                       0x080001e3   Thumb Code     0  startup_stm32f10x_md.o(.text)
    TIM1_TRG_COM_IRQHandler                  0x080001e3   Thumb Code     0  startup_stm32f10x_md.o(.text)
    TIM1_UP_IRQHandler                       0x080001e3   Thumb Code     0  startup_stm32f10x_md.o(.text)
    TIM2_IRQHandler                          0x080001e3   Thumb Code     0  startup_stm32f10x_md.o(.text)
    TIM4_IRQHandler                          0x080001e3   Thumb Code     0  startup_stm32f10x_md.o(.text)
    USART2_IRQHandler                        0x080001e3   Thumb Code     0  startup_stm32f10x_md.o(.text)
    USART3_IRQHandler                        0x080001e3   Thumb Code     0  startup_stm32f10x_md.o(.text)
    USBWakeUp_IRQHandler                     0x080001e3   Thumb Code     0  startup_stm32f10x_md.o(.text)
    USB_HP_CAN1_TX_IRQHandler                0x080001e3   Thumb Code     0  startup_stm32f10x_md.o(.text)
    USB_LP_CAN1_RX0_IRQHandler               0x080001e3   Thumb Code     0  startup_stm32f10x_md.o(.text)
    WWDG_IRQHandler                          0x080001e3   Thumb Code     0  startup_stm32f10x_md.o(.text)
    __user_initial_stackheap                 0x080001e5   Thumb Code     0  startup_stm32f10x_md.o(.text)
    __aeabi_ldivmod                          0x08000209   Thumb Code     0  llsdiv.o(.text)
    _ll_sdiv                                 0x08000209   Thumb Code    72  llsdiv.o(.text)
    __aeabi_memcpy                           0x08000251   Thumb Code     0  rt_memcpy_v6.o(.text)
    __rt_memcpy                              0x08000251   Thumb Code   138  rt_memcpy_v6.o(.text)
    _memcpy_lastbytes                        0x080002b7   Thumb Code     0  rt_memcpy_v6.o(.text)
    __aeabi_memcpy4                          0x080002db   Thumb Code     0  rt_memcpy_w.o(.text)
    __aeabi_memcpy8                          0x080002db   Thumb Code     0  rt_memcpy_w.o(.text)
    __rt_memcpy_w                            0x080002db   Thumb Code   100  rt_memcpy_w.o(.text)
    _memcpy_lastbytes_aligned                0x08000323   Thumb Code     0  rt_memcpy_w.o(.text)
    __aeabi_memset                           0x0800033f   Thumb Code    16  aeabi_memset.o(.text)
    __aeabi_memclr                           0x0800034f   Thumb Code     0  rt_memclr.o(.text)
    __rt_memclr                              0x0800034f   Thumb Code    68  rt_memclr.o(.text)
    _memset                                  0x08000353   Thumb Code     0  rt_memclr.o(.text)
    __aeabi_memclr4                          0x08000393   Thumb Code     0  rt_memclr_w.o(.text)
    __aeabi_memclr8                          0x08000393   Thumb Code     0  rt_memclr_w.o(.text)
    __rt_memclr_w                            0x08000393   Thumb Code    78  rt_memclr_w.o(.text)
    _memset_w                                0x08000397   Thumb Code     0  rt_memclr_w.o(.text)
    __use_two_region_memory                  0x080003e1   Thumb Code     2  heapauxi.o(.text)
    __rt_heap_escrow$2region                 0x080003e3   Thumb Code     2  heapauxi.o(.text)
    __rt_heap_expand$2region                 0x080003e5   Thumb Code     2  heapauxi.o(.text)
    __aeabi_uldivmod                         0x080003e7   Thumb Code     0  lludivv7m.o(.text)
    _ll_udiv                                 0x080003e7   Thumb Code   238  lludivv7m.o(.text)
    __read_errno                             0x080004d5   Thumb Code    10  _rserrno.o(.text)
    __set_errno                              0x080004df   Thumb Code    12  _rserrno.o(.text)
    __aeabi_errno_addr                       0x080004ed   Thumb Code     8  rt_errno_addr_intlibspace.o(.text)
    __errno$intlibspace                      0x080004ed   Thumb Code     0  rt_errno_addr_intlibspace.o(.text)
    __rt_errno_addr$intlibspace              0x080004ed   Thumb Code     0  rt_errno_addr_intlibspace.o(.text)
    __user_libspace                          0x080004f5   Thumb Code     8  libspace.o(.text)
    __user_perproc_libspace                  0x080004f5   Thumb Code     0  libspace.o(.text)
    __user_perthread_libspace                0x080004f5   Thumb Code     0  libspace.o(.text)
    __user_setup_stackheap                   0x080004fd   Thumb Code    74  sys_stackheap_outer.o(.text)
    exit                                     0x08000547   Thumb Code    18  exit.o(.text)
    _sys_exit                                0x08000559   Thumb Code     8  sys_exit.o(.text)
    __I$use$semihosting                      0x08000565   Thumb Code     0  use_no_semi.o(.text)
    __use_no_semihosting_swi                 0x08000565   Thumb Code     2  use_no_semi.o(.text)
    Bsp_Init                                 0x08000567   Thumb Code    30  bsp.o(i.Bsp_Init)
    __semihosting_library_function           0x08000567   Thumb Code     0  indicate_semi.o(.text)
    CharToNumber                             0x08000585   Thumb Code    44  taskledgui.o(i.CharToNumber)
    DMA1_Channel1_IRQHandler                 0x080005bd   Thumb Code    24  stm32f10x_it.o(i.DMA1_Channel1_IRQHandler)
    DMA_ClearITPendingBit                    0x080005d5   Thumb Code    16  stm32f10x_dma.o(i.DMA_ClearITPendingBit)
    DMA_Cmd                                  0x080005ed   Thumb Code    26  stm32f10x_dma.o(i.DMA_Cmd)
    DMA_DeInit                               0x08000609   Thumb Code   238  stm32f10x_dma.o(i.DMA_DeInit)
    DMA_GetITStatus                          0x08000701   Thumb Code    26  stm32f10x_dma.o(i.DMA_GetITStatus)
    DMA_Init                                 0x08000725   Thumb Code    58  stm32f10x_dma.o(i.DMA_Init)
    Ddi_Protect_JudgeLowProtectHappen        0x08000761   Thumb Code    86  taskextra.o(i.Ddi_Protect_JudgeLowProtectHappen)
    Ddi_Protect_JudgeOverProtectHappen       0x080007bd   Thumb Code    86  taskextra.o(i.Ddi_Protect_JudgeOverProtectHappen)
    DinStatus                                0x08000819   Thumb Code    74  taskextra.o(i.DinStatus)
    DispChar                                 0x08000871   Thumb Code    62  taskledgui.o(i.DispChar)
    DispHarmonicContent                      0x080008b5   Thumb Code   340  taskledgui.o(i.DispHarmonicContent)
    DispMenu_Main                            0x08000a15   Thumb Code  8574  taskledgui.o(i.DispMenu_Main)
    DispMenu_Menu1                           0x08002ba1   Thumb Code    50  taskledgui.o(i.DispMenu_Menu1)
    DispMenu_Menu2                           0x08002bd9   Thumb Code   176  taskledgui.o(i.DispMenu_Menu2)
    DispMenu_Menu3                           0x08002c8d   Thumb Code  8012  taskledgui.o(i.DispMenu_Menu3)
    DispMenu_MenuCode                        0x08004bd9   Thumb Code    76  taskledgui.o(i.DispMenu_MenuCode)
    DispMenu_MenuCodeErr                     0x08004c29   Thumb Code    76  taskledgui.o(i.DispMenu_MenuCodeErr)
    DispMenu_MenuSave                        0x08004c79   Thumb Code   122  taskledgui.o(i.DispMenu_MenuSave)
    DispMenu_MenuValue                       0x08004cf9   Thumb Code  7364  taskledgui.o(i.DispMenu_MenuValue)
    DispValue                                0x080069bd   Thumb Code   648  taskledgui.o(i.DispValue)
    DispValueCurrent                         0x08006c51   Thumb Code   616  taskledgui.o(i.DispValueCurrent)
    DispValuePower                           0x08006f05   Thumb Code  1728  taskledgui.o(i.DispValuePower)
    DispValueVoltage                         0x080075ed   Thumb Code   616  taskledgui.o(i.DispValueVoltage)
    Disp_Set_FU                              0x080078a1   Thumb Code    12  taskledgui.o(i.Disp_Set_FU)
    EXTI_Configuration                       0x080078b1   Thumb Code     2  bsp.o(i.EXTI_Configuration)
    FLASH_ClearFlag                          0x080078b5   Thumb Code     6  stm32f10x_flash.o(i.FLASH_ClearFlag)
    FLASH_ErasePage                          0x080078c1   Thumb Code    56  stm32f10x_flash.o(i.FLASH_ErasePage)
    FLASH_GetBank1Status                     0x080078fd   Thumb Code    34  stm32f10x_flash.o(i.FLASH_GetBank1Status)
    FLASH_Lock                               0x08007925   Thumb Code    12  stm32f10x_flash.o(i.FLASH_Lock)
    FLASH_ProgramWord                        0x08007935   Thumb Code    86  stm32f10x_flash.o(i.FLASH_ProgramWord)
    FLASH_Unlock                             0x08007991   Thumb Code    12  stm32f10x_flash.o(i.FLASH_Unlock)
    FLASH_WaitForLastOperation               0x080079a9   Thumb Code    32  stm32f10x_flash.o(i.FLASH_WaitForLastOperation)
    FRAM_I2C_ReadData                        0x080079c9   Thumb Code   120  drvfram.o(i.FRAM_I2C_ReadData)
    FRAM_I2C_WriteData                       0x08007a41   Thumb Code    80  drvfram.o(i.FRAM_I2C_WriteData)
    FRAM_ReadData                            0x08007a91   Thumb Code    68  drvfram.o(i.FRAM_ReadData)
    FRAM_WriteData                           0x08007ad9   Thumb Code    72  drvfram.o(i.FRAM_WriteData)
    FramData_Crc                             0x08007b29   Thumb Code    22  drvfram.o(i.FramData_Crc)
    GPIO_Configuration                       0x08007b41   Thumb Code   462  bsp.o(i.GPIO_Configuration)
    GPIO_Init                                0x08007d21   Thumb Code   166  stm32f10x_gpio.o(i.GPIO_Init)
    GPIO_PinRemapConfig                      0x08007dc9   Thumb Code    86  stm32f10x_gpio.o(i.GPIO_PinRemapConfig)
    GPIO_ReadInputDataBit                    0x08007e25   Thumb Code    14  stm32f10x_gpio.o(i.GPIO_ReadInputDataBit)
    GPIO_ResetBits                           0x08007e33   Thumb Code     4  stm32f10x_gpio.o(i.GPIO_ResetBits)
    GPIO_SetBits                             0x08007e37   Thumb Code     4  stm32f10x_gpio.o(i.GPIO_SetBits)
    GUI_Key_Default                          0x08007e3d   Thumb Code   118  taskledgui.o(i.GUI_Key_Default)
    GUI_Key_Down                             0x08007ec1   Thumb Code   908  taskledgui.o(i.GUI_Key_Down)
    GUI_Key_Menu                             0x0800825d   Thumb Code   152  taskledgui.o(i.GUI_Key_Menu)
    GUI_Key_MenuLong                         0x080082fd   Thumb Code    30  taskledgui.o(i.GUI_Key_MenuLong)
    GUI_Key_Ok                               0x08008325   Thumb Code   482  taskledgui.o(i.GUI_Key_Ok)
    GUI_Key_Up                               0x08008525   Thumb Code   894  taskledgui.o(i.GUI_Key_Up)
    GUI_Main                                 0x080088b5   Thumb Code   112  taskledgui.o(i.GUI_Main)
    GUI_Timer_On                             0x08008929   Thumb Code   544  taskledgui.o(i.GUI_Timer_On)
    GetSetNewValue                           0x08008b61   Thumb Code   852  taskledgui.o(i.GetSetNewValue)
    GetSetOldValue                           0x08008ebd   Thumb Code   428  taskledgui.o(i.GetSetOldValue)
    HT_Data_Index                            0x08009079   Thumb Code     6  drvled.o(i.HT_Data_Index)
    HardFault_Handler                        0x08009085   Thumb Code     2  stm32f10x_it.o(i.HardFault_Handler)
    InitCtrlParam                            0x08009089   Thumb Code    96  param.o(i.InitCtrlParam)
    InitRNParam                              0x080090ed   Thumb Code    18  param.o(i.InitRNParam)
    InitRNParamToZero                        0x080090ff   Thumb Code    18  param.o(i.InitRNParamToZero)
    InitRNParam_Phase                        0x08009111   Thumb Code    52  param.o(i.InitRNParam_Phase)
    InitRNParam_PhaseToZero                  0x0800914d   Thumb Code    46  param.o(i.InitRNParam_PhaseToZero)
    JudgeSetNewValue                         0x08009185   Thumb Code    38  taskledgui.o(i.JudgeSetNewValue)
    KG_CancelJudge                           0x080091ab   Thumb Code    14  taskprotect.o(i.KG_CancelJudge)
    KG_JudgeOverHappen                       0x080091b9   Thumb Code    86  taskprotect.o(i.KG_JudgeOverHappen)
    KG_ProtectHappen                         0x08009215   Thumb Code    56  taskprotect.o(i.KG_ProtectHappen)
    KG_ProtectRtn                            0x0800924d   Thumb Code    50  taskprotect.o(i.KG_ProtectRtn)
    KeyDiff                                  0x08009281   Thumb Code    80  taskledgui.o(i.KeyDiff)
    KeyStatus                                0x080092d5   Thumb Code    74  taskledgui.o(i.KeyStatus)
    LineCalcFunc                             0x08009329   Thumb Code   508  bsp_rn8302b.o(i.LineCalcFunc)
    LoadParam                                0x08009535   Thumb Code     4  param.o(i.LoadParam)
    MSRS232_CRC                              0x08009539   Thumb Code    26  taskrs232.o(i.MSRS232_CRC)
    MemData_CmpParam                         0x08009553   Thumb Code    28  memdataoperate.o(i.MemData_CmpParam)
    MemData_CmpParamType                     0x0800956f   Thumb Code   370  memdataoperate.o(i.MemData_CmpParamType)
    MemData_Crc                              0x080096e1   Thumb Code    22  memdataoperate.o(i.MemData_Crc)
    MemData_ReadParam                        0x080096f9   Thumb Code    64  memdataoperate.o(i.MemData_ReadParam)
    MemData_WriteParam                       0x08009741   Thumb Code    58  memdataoperate.o(i.MemData_WriteParam)
    MemData_Write_To_Flash                   0x08009785   Thumb Code    90  memdataoperate.o(i.MemData_Write_To_Flash)
    MyI2C_GPIO_IN_Config                     0x080097e1   Thumb Code    30  drvfram.o(i.MyI2C_GPIO_IN_Config)
    MyI2C_GPIO_Out_Config                    0x08009805   Thumb Code    30  drvfram.o(i.MyI2C_GPIO_Out_Config)
    MyI2C_ReceiveByte                        0x08009829   Thumb Code   110  drvfram.o(i.MyI2C_ReceiveByte)
    MyI2C_SendByte                           0x0800989d   Thumb Code   100  drvfram.o(i.MyI2C_SendByte)
    MyI2C_Start                              0x08009905   Thumb Code    38  drvfram.o(i.MyI2C_Start)
    MyI2C_Stop                               0x08009931   Thumb Code    30  drvfram.o(i.MyI2C_Stop)
    NMI_Handler                              0x08009955   Thumb Code     2  stm32f10x_it.o(i.NMI_Handler)
    NVIC_Configuration                       0x08009957   Thumb Code    66  bsp.o(i.NVIC_Configuration)
    NVIC_Init                                0x08009999   Thumb Code    96  misc.o(i.NVIC_Init)
    NVIC_PriorityGroupConfig                 0x080099fd   Thumb Code    10  misc.o(i.NVIC_PriorityGroupConfig)
    OneKeyStaus                              0x08009a11   Thumb Code   134  taskledgui.o(i.OneKeyStaus)
    OutHandler_First                         0x08009a9d   Thumb Code  2276  taskextra.o(i.OutHandler_First)
    OutHandler_Second                        0x0800a381   Thumb Code  2276  taskextra.o(i.OutHandler_Second)
    OutStatus                                0x0800ac65   Thumb Code    50  taskextra.o(i.OutStatus)
    PT_TimerDelay                            0x0800aca1   Thumb Code    26  pt_timer.o(i.PT_TimerDelay)
    PT_TimerDiff                             0x0800acbb   Thumb Code    22  pt_timer.o(i.PT_TimerDiff)
    PT_TimerGet                              0x0800acd1   Thumb Code     6  pt_timer.o(i.PT_TimerGet)
    PT_TimerIncrement                        0x0800acdd   Thumb Code    10  pt_timer.o(i.PT_TimerIncrement)
    PendSV_Handler                           0x0800aced   Thumb Code     2  stm32f10x_it.o(i.PendSV_Handler)
    Protect_AutoProc                         0x0800acf1   Thumb Code   216  taskprotect.o(i.Protect_AutoProc)
    PwmPercentOutput_First                   0x0800adf1   Thumb Code   754  taskextra.o(i.PwmPercentOutput_First)
    PwmPercentOutput_Second                  0x0800b101   Thumb Code   748  taskextra.o(i.PwmPercentOutput_Second)
    RCC_AHBPeriphClockCmd                    0x0800b409   Thumb Code    22  stm32f10x_rcc.o(i.RCC_AHBPeriphClockCmd)
    RCC_APB1PeriphClockCmd                   0x0800b425   Thumb Code    22  stm32f10x_rcc.o(i.RCC_APB1PeriphClockCmd)
    RCC_APB1PeriphResetCmd                   0x0800b441   Thumb Code    22  stm32f10x_rcc.o(i.RCC_APB1PeriphResetCmd)
    RCC_APB2PeriphClockCmd                   0x0800b45d   Thumb Code    22  stm32f10x_rcc.o(i.RCC_APB2PeriphClockCmd)
    RCC_APB2PeriphResetCmd                   0x0800b479   Thumb Code    22  stm32f10x_rcc.o(i.RCC_APB2PeriphResetCmd)
    RCC_Configuration                        0x0800b495   Thumb Code    32  bsp.o(i.RCC_Configuration)
    RCC_GetClocksFreq                        0x0800b4b9   Thumb Code   154  stm32f10x_rcc.o(i.RCC_GetClocksFreq)
    RN8032_Adjust                            0x0800b565   Thumb Code   650  bsp_rn8302b.o(i.RN8032_Adjust)
    RN8032_Adjust_Angle                      0x0800b809   Thumb Code   484  bsp_rn8302b.o(i.RN8032_Adjust_Angle)
    RN8032_Adjust_I                          0x0800ba19   Thumb Code   156  bsp_rn8302b.o(i.RN8032_Adjust_I)
    RN8032_Adjust_Section_I                  0x0800bac9   Thumb Code   184  bsp_rn8302b.o(i.RN8032_Adjust_Section_I)
    RN8032_Adjust_U                          0x0800bb89   Thumb Code   154  bsp_rn8302b.o(i.RN8032_Adjust_U)
    RN8032_Updata                            0x0800bc39   Thumb Code  4758  bsp_rn8302b.o(i.RN8032_Updata)
    RN8302InitAdjust                         0x0800d115   Thumb Code   196  bsp_rn8302b.o(i.RN8302InitAdjust)
    SCH_Add_Task                             0x0800d571   Thumb Code    58  sch.o(i.SCH_Add_Task)
    SCH_Delete_Task                          0x0800d5b1   Thumb Code    26  sch.o(i.SCH_Delete_Task)
    SCH_Init_T                               0x0800d5d1   Thumb Code    60  sch.o(i.SCH_Init_T)
    SCH_RUN_Tasks                            0x0800d611   Thumb Code    50  sch.o(i.SCH_RUN_Tasks)
    SCH_Start                                0x0800d649   Thumb Code    26  sch.o(i.SCH_Start)
    SERIAL_IRQHandler                        0x0800d669   Thumb Code   112  drvserial.o(i.SERIAL_IRQHandler)
    SIGNAL_IRQHandler                        0x0800d6dd   Thumb Code    98  sch.o(i.SIGNAL_IRQHandler)
    SVC_Handler                              0x0800d74d   Thumb Code     2  stm32f10x_it.o(i.SVC_Handler)
    SaveParam                                0x0800d74f   Thumb Code     4  param.o(i.SaveParam)
    Spi_RN8302_ReadByte                      0x0800d809   Thumb Code    62  bsp_rn8302b.o(i.Spi_RN8302_ReadByte)
    Spi_RN8302_SendByte                      0x0800d84d   Thumb Code    70  bsp_rn8302b.o(i.Spi_RN8302_SendByte)
    SysTick_CLKSourceConfig                  0x0800d899   Thumb Code    28  misc.o(i.SysTick_CLKSourceConfig)
    SysTick_Configuration                    0x0800d8b5   Thumb Code    66  bsp.o(i.SysTick_Configuration)
    SysTick_Handler                          0x0800d901   Thumb Code    14  stm32f10x_it.o(i.SysTick_Handler)
    SystemInit                               0x0800d911   Thumb Code    64  system_stm32f10x.o(i.SystemInit)
    TIM3_IRQHandler                          0x0800d961   Thumb Code     4  stm32f10x_it.o(i.TIM3_IRQHandler)
    TIM_ClearITPendingBit                    0x0800d965   Thumb Code     6  stm32f10x_tim.o(i.TIM_ClearITPendingBit)
    TIM_Cmd                                  0x0800d96b   Thumb Code    24  stm32f10x_tim.o(i.TIM_Cmd)
    TIM_DeInit                               0x0800d985   Thumb Code   464  stm32f10x_tim.o(i.TIM_DeInit)
    TIM_GetITStatus                          0x0800db95   Thumb Code    24  stm32f10x_tim.o(i.TIM_GetITStatus)
    TIM_ITConfig                             0x0800dbad   Thumb Code    20  stm32f10x_tim.o(i.TIM_ITConfig)
    TIM_SetCompare3                          0x0800dbc1   Thumb Code     4  stm32f10x_tim.o(i.TIM_SetCompare3)
    TIM_SetCompare4                          0x0800dbc5   Thumb Code     6  stm32f10x_tim.o(i.TIM_SetCompare4)
    TIM_TimeBaseInit                         0x0800dbcd   Thumb Code   114  stm32f10x_tim.o(i.TIM_TimeBaseInit)
    TM1640_End                               0x0800dc69   Thumb Code    58  drvled.o(i.TM1640_End)
    TM1640_I2C_WrByte                        0x0800dca9   Thumb Code    82  drvled.o(i.TM1640_I2C_WrByte)
    TM1640_Start                             0x0800dd01   Thumb Code    58  drvled.o(i.TM1640_Start)
    TM1640_Write                             0x0800dd41   Thumb Code     4  drvled.o(i.TM1640_Write)
    TM1640_delay                             0x0800dd45   Thumb Code    12  drvled.o(i.TM1640_delay)
    Task_Extra_Function                      0x0800dd51   Thumb Code    30  taskextra.o(i.Task_Extra_Function)
    Task_GUI_Function                        0x0800dd6f   Thumb Code    14  taskledgui.o(i.Task_GUI_Function)
    Task_GUI_init                            0x0800dd7d   Thumb Code    38  taskledgui.o(i.Task_GUI_init)
    Task_Power_Function                      0x0800dda9   Thumb Code    14  bsp_rn8302b.o(i.Task_Power_Function)
    Task_Protect_Function                    0x0800ddb7   Thumb Code     4  taskprotect.o(i.Task_Protect_Function)
    Task_RS232_Function                      0x0800ddbb   Thumb Code     4  taskrs232.o(i.Task_RS232_Function)
    Task_RS232_init                          0x0800ddc1   Thumb Code    32  taskrs232.o(i.Task_RS232_init)
    Task_Timer_Function                      0x0800dde9   Thumb Code    14  taskledgui.o(i.Task_Timer_Function)
    UASRT_StopSend                           0x0800ddf9   Thumb Code    12  drvserial.o(i.UASRT_StopSend)
    USART1_IRQHandler                        0x0800de09   Thumb Code     4  stm32f10x_it.o(i.USART1_IRQHandler)
    USART_ClearFlag                          0x0800de0d   Thumb Code     8  stm32f10x_usart.o(i.USART_ClearFlag)
    USART_ClearITPendingBit                  0x0800de15   Thumb Code    16  stm32f10x_usart.o(i.USART_ClearITPendingBit)
    USART_ClockInit                          0x0800de25   Thumb Code    30  stm32f10x_usart.o(i.USART_ClockInit)
    USART_Cmd                                0x0800de43   Thumb Code    24  stm32f10x_usart.o(i.USART_Cmd)
    USART_Configuration                      0x0800de5d   Thumb Code   286  bsp.o(i.USART_Configuration)
    USART_DMACmd                             0x0800df8d   Thumb Code    20  stm32f10x_usart.o(i.USART_DMACmd)
    USART_DMAReConfig                        0x0800dfa1   Thumb Code    62  bsp.o(i.USART_DMAReConfig)
    USART_GetFlagStatus                      0x0800dfed   Thumb Code    14  stm32f10x_usart.o(i.USART_GetFlagStatus)
    USART_GetITStatus                        0x0800dffb   Thumb Code    64  stm32f10x_usart.o(i.USART_GetITStatus)
    USART_GetRxBufData                       0x0800e03d   Thumb Code    26  drvserial.o(i.USART_GetRxBufData)
    USART_GetRxBufLen                        0x0800e061   Thumb Code    28  drvserial.o(i.USART_GetRxBufLen)
    USART_GetRxString                        0x0800e081   Thumb Code    38  drvserial.o(i.USART_GetRxString)
    USART_GetTxBufData                       0x0800e0a9   Thumb Code    26  drvserial.o(i.USART_GetTxBufData)
    USART_ITConfig                           0x0800e0cd   Thumb Code    54  stm32f10x_usart.o(i.USART_ITConfig)
    USART_Init                               0x0800e105   Thumb Code   182  stm32f10x_usart.o(i.USART_Init)
    USART_IsDataInTxBuf                      0x0800e1c1   Thumb Code    18  drvserial.o(i.USART_IsDataInTxBuf)
    USART_PutDatatoRxBuf                     0x0800e1d9   Thumb Code    18  drvserial.o(i.USART_PutDatatoRxBuf)
    USART_ReceiveData                        0x0800e1f5   Thumb Code     8  stm32f10x_usart.o(i.USART_ReceiveData)
    USART_SendData                           0x0800e1fd   Thumb Code     8  stm32f10x_usart.o(i.USART_SendData)
    UpdataOrSetValue                         0x0800e205   Thumb Code   362  taskledgui.o(i.UpdataOrSetValue)
    UpdataSetValue                           0x0800e379   Thumb Code   232  taskledgui.o(i.UpdataSetValue)
    Update_screen                            0x0800e469   Thumb Code   174  drvled.o(i.Update_screen)
    WriteRNParam                             0x0800e529   Thumb Code   240  param.o(i.WriteRNParam)
    __ARM_fpclassify                         0x0800e61d   Thumb Code    40  fpclassify.o(i.__ARM_fpclassify)
    __ieee754_rem_pio2                       0x0800e645   Thumb Code   828  rred.o(i.__ieee754_rem_pio2)
    __kernel_cos                             0x0800e9cd   Thumb Code   230  cos_i.o(i.__kernel_cos)
    __kernel_poly                            0x0800eac9   Thumb Code   170  poly.o(i.__kernel_poly)
    __kernel_sin                             0x0800eb75   Thumb Code   224  sin_i.o(i.__kernel_sin)
    __mathlib_dbl_infnan                     0x0800ec61   Thumb Code     6  dunder.o(i.__mathlib_dbl_infnan)
    __mathlib_dbl_invalid                    0x0800ec67   Thumb Code    12  dunder.o(i.__mathlib_dbl_invalid)
    __mathlib_dbl_underflow                  0x0800ec75   Thumb Code    10  dunder.o(i.__mathlib_dbl_underflow)
    asin                                     0x0800ec85   Thumb Code   572  asin.o(i.asin)
    bsp_InitRN8023                           0x0800eef5   Thumb Code     4  bsp_rn8302b.o(i.bsp_InitRN8023)
    cos                                      0x0800eef9   Thumb Code   148  cos.o(i.cos)
    delay_us                                 0x0800ef95   Thumb Code    12  drvfram.o(i.delay_us)
    main                                     0x0800efa1   Thumb Code   104  sysmain.o(i.main)
    spi_nop                                  0x0800f01d   Thumb Code    12  bsp_rn8302b.o(i.spi_nop)
    sqrt                                     0x0800f029   Thumb Code    76  sqrt.o(i.sqrt)
    sqrt_64fixed                             0x0800f075   Thumb Code    64  bsp_rn8302b.o(i.sqrt_64fixed)
    svc_Protect_CancelJudge                  0x0800f0b5   Thumb Code    14  taskextra.o(i.svc_Protect_CancelJudge)
    svc_Protect_ProtectHappen                0x0800f0c3   Thumb Code    56  taskextra.o(i.svc_Protect_ProtectHappen)
    svc_Protect_ProtectRtn                   0x0800f0fb   Thumb Code    50  taskextra.o(i.svc_Protect_ProtectRtn)
    usMBCRC16                                0x0800f12d   Thumb Code    38  taskrs232.o(i.usMBCRC16)
    vMSRS232_Analysis                        0x0800f159   Thumb Code   140  taskrs232.o(i.vMSRS232_Analysis)
    vMSRS232_Query_Adjust                    0x0800f1ed   Thumb Code    18  taskrs232.o(i.vMSRS232_Query_Adjust)
    vMSRS232_Query_Param                     0x0800f209   Thumb Code    14  taskrs232.o(i.vMSRS232_Query_Param)
    vMSRS232_Query_Power                     0x0800f221   Thumb Code    18  taskrs232.o(i.vMSRS232_Query_Power)
    vMSRS232_RxProtocol                      0x0800f23d   Thumb Code   662  taskrs232.o(i.vMSRS232_RxProtocol)
    vMSRS232_SetFrameData                    0x0800f4e1   Thumb Code    86  taskrs232.o(i.vMSRS232_SetFrameData)
    vMSRS232_Set_Adjust                      0x0800f53d   Thumb Code   412  taskrs232.o(i.vMSRS232_Set_Adjust)
    vMSRS232_Set_Param                       0x0800f6dd   Thumb Code   444  taskrs232.o(i.vMSRS232_Set_Param)
    vModeBusRtu_Analysis                     0x0800f89d   Thumb Code   392  taskrs232.o(i.vModeBusRtu_Analysis)
    vModeBus_Query_CTRL                      0x0800fa49   Thumb Code   172  taskrs232.o(i.vModeBus_Query_CTRL)
    vModeBus_Query_Primary                   0x0800fafd   Thumb Code    94  taskrs232.o(i.vModeBus_Query_Primary)
    vModeBus_Query_Secondary                 0x0800fb65   Thumb Code    32  taskrs232.o(i.vModeBus_Query_Secondary)
    vModeBus_Query_THD                       0x0800fb89   Thumb Code    20  taskrs232.o(i.vModeBus_Query_THD)
    vModeBus_SetFrameData                    0x0800fba1   Thumb Code   374  taskrs232.o(i.vModeBus_SetFrameData)
    vModeBus_Set_Ctrl_Parm                   0x0800fd1d   Thumb Code   764  taskrs232.o(i.vModeBus_Set_Ctrl_Parm)
    vModeBus_Set_Multi_Relay                 0x08010025   Thumb Code    60  taskrs232.o(i.vModeBus_Set_Multi_Relay)
    vModeBus_Set_Relay                       0x0801006d   Thumb Code    40  taskrs232.o(i.vModeBus_Set_Relay)
    __aeabi_d2f                              0x080100a1   Thumb Code     0  d2f.o(x$fpl$d2f)
    _d2f                                     0x080100a1   Thumb Code    98  d2f.o(x$fpl$d2f)
    __aeabi_dadd                             0x08010105   Thumb Code     0  daddsub_clz.o(x$fpl$dadd)
    _dadd                                    0x08010105   Thumb Code   332  daddsub_clz.o(x$fpl$dadd)
    __fpl_dcheck_NaN1                        0x08010255   Thumb Code    10  dcheck1.o(x$fpl$dcheck1)
    __aeabi_ddiv                             0x08010265   Thumb Code     0  ddiv.o(x$fpl$ddiv)
    _ddiv                                    0x08010265   Thumb Code   552  ddiv.o(x$fpl$ddiv)
    __aeabi_d2iz                             0x08010515   Thumb Code     0  dfix.o(x$fpl$dfix)
    _dfix                                    0x08010515   Thumb Code    94  dfix.o(x$fpl$dfix)
    __aeabi_d2uiz                            0x08010575   Thumb Code     0  dfixu.o(x$fpl$dfixu)
    _dfixu                                   0x08010575   Thumb Code    90  dfixu.o(x$fpl$dfixu)
    __aeabi_i2d                              0x080105cf   Thumb Code     0  dflt_clz.o(x$fpl$dflt)
    _dflt                                    0x080105cf   Thumb Code    46  dflt_clz.o(x$fpl$dflt)
    __aeabi_l2d                              0x080105fd   Thumb Code     0  dfltll_clz.o(x$fpl$dfltll)
    _ll_sto_d                                0x080105fd   Thumb Code   162  dfltll_clz.o(x$fpl$dfltll)
    __aeabi_ui2d                             0x0801069f   Thumb Code     0  dflt_clz.o(x$fpl$dfltu)
    _dfltu                                   0x0801069f   Thumb Code    38  dflt_clz.o(x$fpl$dfltu)
    __aeabi_ul2d                             0x080106c5   Thumb Code     0  dfltll_clz.o(x$fpl$dfltull)
    _ll_uto_d                                0x080106c5   Thumb Code   138  dfltll_clz.o(x$fpl$dfltull)
    __aeabi_dmul                             0x08010751   Thumb Code     0  dmul.o(x$fpl$dmul)
    _dmul                                    0x08010751   Thumb Code   332  dmul.o(x$fpl$dmul)
    __fpl_dnaninf                            0x080108a5   Thumb Code   156  dnaninf.o(x$fpl$dnaninf)
    __fpl_dretinf                            0x08010941   Thumb Code    12  dretinf.o(x$fpl$dretinf)
    __aeabi_drsub                            0x0801094d   Thumb Code     0  daddsub_clz.o(x$fpl$drsb)
    _drsb                                    0x0801094d   Thumb Code    22  daddsub_clz.o(x$fpl$drsb)
    _dsqrt                                   0x08010965   Thumb Code   456  dsqrt_noumaal.o(x$fpl$dsqrt)
    __aeabi_dsub                             0x08010b31   Thumb Code     0  daddsub_clz.o(x$fpl$dsub)
    _dsub                                    0x08010b31   Thumb Code   464  daddsub_clz.o(x$fpl$dsub)
    __aeabi_f2d                              0x08010d05   Thumb Code     0  f2d.o(x$fpl$f2d)
    _f2d                                     0x08010d05   Thumb Code    86  f2d.o(x$fpl$f2d)
    __aeabi_fadd                             0x08010d5d   Thumb Code     0  faddsub_clz.o(x$fpl$fadd)
    _fadd                                    0x08010d5d   Thumb Code   196  faddsub_clz.o(x$fpl$fadd)
    __fpl_fcheck_NaN1                        0x08010e21   Thumb Code     6  fcheck1.o(x$fpl$fcheck1)
    __fpl_fcmp_Inf                           0x08010e2d   Thumb Code    24  fcmpi.o(x$fpl$fcmpinf)
    __aeabi_fdiv                             0x08010e45   Thumb Code     0  fdiv.o(x$fpl$fdiv)
    _fdiv                                    0x08010e45   Thumb Code   384  fdiv.o(x$fpl$fdiv)
    __aeabi_f2iz                             0x08010fc9   Thumb Code     0  ffix.o(x$fpl$ffix)
    _ffix                                    0x08010fc9   Thumb Code    54  ffix.o(x$fpl$ffix)
    __aeabi_f2uiz                            0x08011001   Thumb Code     0  ffixu.o(x$fpl$ffixu)
    _ffixu                                   0x08011001   Thumb Code    62  ffixu.o(x$fpl$ffixu)
    __aeabi_i2f                              0x08011041   Thumb Code     0  fflt_clz.o(x$fpl$fflt)
    _fflt                                    0x08011041   Thumb Code    48  fflt_clz.o(x$fpl$fflt)
    __aeabi_ul2f                             0x08011071   Thumb Code     0  ffltll_clz.o(x$fpl$ffltll)
    _ll_uto_f                                0x08011071   Thumb Code     6  ffltll_clz.o(x$fpl$ffltll)
    __aeabi_l2f                              0x08011077   Thumb Code     0  ffltll_clz.o(x$fpl$ffltll)
    _ll_sto_f                                0x08011077   Thumb Code    90  ffltll_clz.o(x$fpl$ffltll)
    __aeabi_ui2f                             0x080110d1   Thumb Code     0  fflt_clz.o(x$fpl$ffltu)
    _ffltu                                   0x080110d1   Thumb Code    38  fflt_clz.o(x$fpl$ffltu)
    __aeabi_cfcmple                          0x080110f9   Thumb Code     0  fleqf.o(x$fpl$fleqf)
    _fcmple                                  0x080110f9   Thumb Code   104  fleqf.o(x$fpl$fleqf)
    __fpl_fcmple_InfNaN                      0x0801114b   Thumb Code     0  fleqf.o(x$fpl$fleqf)
    __aeabi_fmul                             0x08011161   Thumb Code     0  fmul.o(x$fpl$fmul)
    _fmul                                    0x08011161   Thumb Code   258  fmul.o(x$fpl$fmul)
    __fpl_fnaninf                            0x08011263   Thumb Code   140  fnaninf.o(x$fpl$fnaninf)
    __fpl_fretinf                            0x080112ef   Thumb Code    10  fretinf.o(x$fpl$fretinf)
    __aeabi_cfrcmple                         0x080112f9   Thumb Code     0  frleqf.o(x$fpl$frleqf)
    _frcmple                                 0x080112f9   Thumb Code    98  frleqf.o(x$fpl$frleqf)
    __aeabi_frsub                            0x0801135b   Thumb Code     0  faddsub_clz.o(x$fpl$frsb)
    _frsb                                    0x0801135b   Thumb Code    20  faddsub_clz.o(x$fpl$frsb)
    __aeabi_fsub                             0x08011371   Thumb Code     0  faddsub_clz.o(x$fpl$fsub)
    _fsub                                    0x08011371   Thumb Code   234  faddsub_clz.o(x$fpl$fsub)
    __aeabi_d2lz                             0x0801145d   Thumb Code     0  dfixll.o(x$fpl$llsfromd)
    _ll_sfrom_d                              0x0801145d   Thumb Code   194  dfixll.o(x$fpl$llsfromd)
    __aeabi_f2lz                             0x08011521   Thumb Code     0  ffixll.o(x$fpl$llsfromf)
    _ll_sfrom_f                              0x08011521   Thumb Code   134  ffixll.o(x$fpl$llsfromf)
    __aeabi_d2ulz                            0x080115a9   Thumb Code     0  dfixull.o(x$fpl$llufromd)
    _ll_ufrom_d                              0x080115a9   Thumb Code   120  dfixull.o(x$fpl$llufromd)
    __aeabi_f2ulz                            0x08011621   Thumb Code     0  ffixull.o(x$fpl$llufromf)
    _ll_ufrom_f                              0x08011621   Thumb Code    92  ffixull.o(x$fpl$llufromf)
    __fpl_return_NaN                         0x0801167d   Thumb Code   100  retnan.o(x$fpl$retnan)
    __ARM_scalbn                             0x080116e1   Thumb Code    92  scalbn.o(x$fpl$scalbn)
    __ARM_scalbnf                            0x0801173d   Thumb Code    76  scalbnf.o(x$fpl$scalbnf)
    __fpl_cmpreturn                          0x08011789   Thumb Code    48  trapv.o(x$fpl$trapveneer)
    __I$use$fp                               0x080117b8   Number         0  usenofp.o(x$fpl$usenofp)
    g_16_BIT                                 0x080119b8   Data          32  taskrs232.o(.constdata)
    cg_CharToNum                             0x080119d8   Data           8  taskledgui.o(.constdata)
    Key_Tab                                  0x080119e0   Data          96  taskledgui.o(.constdata)
    cg_DispCharacter                         0x08011a40   Data          10  drvled.o(.constdata)
    Region$$Table$$Base                      0x08011bc0   Number         0  anon$$obj.o(Region$$Table)
    Region$$Table$$Limit                     0x08011be0   Number         0  anon$$obj.o(Region$$Table)
    SystemCoreClock                          0x20000000   Data           4  system_stm32f10x.o(.data)
    AHBPrescTable                            0x20000004   Data          16  system_stm32f10x.o(.data)
    DinStatus_Disp                           0x20000014   Data           1  taskextra.o(.data)
    OutStatus_Disp                           0x20000015   Data           1  taskextra.o(.data)
    RemOutCtrl                               0x20000016   Data           1  taskextra.o(.data)
    g_Din_BIT                                0x20000017   Data           2  taskextra.o(.data)
    g_Din_Status                             0x20000019   Data           2  taskextra.o(.data)
    g_Out_Status                             0x2000001b   Data           2  taskextra.o(.data)
    g_OverCurr                               0x2000001d   Data           3  taskprotect.o(.data)
    DispMode                                 0x20000029   Data           1  taskledgui.o(.data)
    LEDLEVEL                                 0x2000002a   Data           1  taskledgui.o(.data)
    g_fftEnable                              0x2000003b   Data           1  taskledgui.o(.data)
    Leve_1_DispNUM                           0x2000005c   Data           2  taskledgui.o(.data)
    Disp_Focus                               0x2000005e   Data           2  taskledgui.o(.data)
    g_Key_Status                             0x20000080   Data           4  taskledgui.o(.data)
    KeyFuncPtr                               0x20000084   Data           4  taskledgui.o(.data)
    USART_Rx_Head                            0x200000a0   Data           4  drvserial.o(.data)
    USART_Rx_Tail                            0x200000a4   Data           4  drvserial.o(.data)
    USART_Tx_Head                            0x200000a8   Data           4  drvserial.o(.data)
    USART_Tx_Tail                            0x200000ac   Data           4  drvserial.o(.data)
    CheckSum                                 0x200000b0   Data           4  bsp_rn8302b.o(.data)
    IbAngletmp                               0x200000b4   Data           4  bsp_rn8302b.o(.data)
    Umax                                     0x200000b8   Data           4  bsp_rn8302b.o(.data)
    Umin                                     0x200000bc   Data           4  bsp_rn8302b.o(.data)
    Imax                                     0x200000c0   Data           4  bsp_rn8302b.o(.data)
    Imin                                     0x200000c4   Data           4  bsp_rn8302b.o(.data)
    Fullwave_data                            0x200000c8   Data         312  bsp_rn8302b.o(.data)
    Fundwave_data                            0x20000200   Data         304  bsp_rn8302b.o(.data)
    CFG_StatusREG                            0x20000330   Data         552  bsp_rn8302b.o(.data)
    FourQuadtand                             0x20000558   Data           1  param.o(.data)
    TTimer_ticks                             0x20000570   Data           4  pt_timer.o(.data)
    g_IWDGCount                              0x20000574   Data           2  sch.o(.data)
    g_svcProtectState                        0x20000578   Data         600  taskextra.o(.bss)
    g_KGProtectState                         0x200007d0   Data          24  taskprotect.o(.bss)
    sg_TxPack                                0x200007e8   Data         138  taskrs232.o(.bss)
    sg_RxPack                                0x20000872   Data          74  taskrs232.o(.bss)
    rtu_TxPack                               0x200008bc   Data         142  taskrs232.o(.bss)
    rtu_RxPack                               0x2000094a   Data          76  taskrs232.o(.bss)
    vg_Display_Value                         0x200009a3   Data          16  taskledgui.o(.bss)
    USART_RX_Buf                             0x200009b3   Data         128  drvserial.o(.bss)
    USART_TX_Buf                             0x20000a33   Data         128  drvserial.o(.bss)
    vg_Power_Val                             0x20000ac8   Data         204  bsp_rn8302b.o(.bss)
    vg_Power2_Val                            0x20000b94   Data         236  bsp_rn8302b.o(.bss)
    vg_Read_Val                              0x20000c80   Data          60  bsp_rn8302b.o(.bss)
    Phase_U                                  0x20000cbc   Data          12  bsp_rn8302b.o(.bss)
    Phase_I                                  0x20000cc8   Data          12  bsp_rn8302b.o(.bss)
    Harmonictemp                             0x20000cd4   Data         398  bsp_rn8302b.o(.bss)
    HarmonicData                             0x20000e64   Data        2272  bsp_rn8302b.o(.bss)
    sin_tab                                  0x20001744   Data         512  bsp_rn8302b.o(.bss)
    cos_tab                                  0x20001944   Data         512  bsp_rn8302b.o(.bss)
    RtuPrimaryData                           0x20001b44   Data         144  param.o(.bss)
    RtuPrimaryDataTmp                        0x20001bd4   Data         144  param.o(.bss)
    RtuSecondaryData                         0x20001c64   Data         384  param.o(.bss)
    RtuTHDData                               0x20001de4   Data         204  param.o(.bss)
    RtuCTRLData                              0x20001eb0   Data         128  param.o(.bss)
    RtuCTRLDataTemp                          0x20001f30   Data         128  param.o(.bss)
    ElectricEnergy                           0x20001fb0   Data          16  param.o(.bss)
    g_tParam                                 0x20001fc0   Data         154  param.o(.bss)
    DispCtrlParam                            0x2000205a   Data          54  param.o(.bss)
    USART_DMA_InitStructure                  0x20002090   Data          44  bsp.o(.bss)
    TIM_TimeBaseStructure                    0x200020bc   Data          10  bsp.o(.bss)
    TIM_OCInitStructure                      0x200020c6   Data          16  bsp.o(.bss)
    SCH_tasks_G                              0x200020d8   Data          72  sch.o(.bss)
    __libspace_start                         0x20002120   Data          96  libspace.o(.bss)
    __temporary_stack_top$libspace           0x20002180   Data           0  libspace.o(.bss)



==============================================================================

Memory Map of the image

  Image Entry point : 0x080000ed

  Load Region LR_IROM1 (Base: 0x08000000, Size: 0x00012158, Max: 0x00020000, ABSOLUTE, COMPRESSED[0x00011e0c])

    Execution Region ER_IROM1 (Base: 0x08000000, Size: 0x00011be0, Max: 0x00020000, ABSOLUTE)

    Base Addr    Size         Type   Attr      Idx    E Section Name        Object

    0x08000000   0x000000ec   Data   RO          100    RESET               startup_stm32f10x_md.o
    0x080000ec   0x00000008   Code   RO         4688  * !!!main             c_w.l(__main.o)
    0x080000f4   0x00000034   Code   RO         5043    !!!scatter          c_w.l(__scatter.o)
    0x08000128   0x0000005a   Code   RO         5041    !!dczerorl2         c_w.l(__dczerorl2.o)
    0x08000182   0x00000002   PAD
    0x08000184   0x0000001c   Code   RO         5045    !!handler_zi        c_w.l(__scatter_zi.o)
    0x080001a0   0x00000002   Code   RO         4908    .ARM.Collect$$libinit$$00000000  c_w.l(libinit.o)
    0x080001a2   0x00000000   Code   RO         4918    .ARM.Collect$$libinit$$00000002  c_w.l(libinit2.o)
    0x080001a2   0x00000000   Code   RO         4920    .ARM.Collect$$libinit$$00000004  c_w.l(libinit2.o)
    0x080001a2   0x00000000   Code   RO         4923    .ARM.Collect$$libinit$$0000000A  c_w.l(libinit2.o)
    0x080001a2   0x00000000   Code   RO         4925    .ARM.Collect$$libinit$$0000000C  c_w.l(libinit2.o)
    0x080001a2   0x00000000   Code   RO         4927    .ARM.Collect$$libinit$$0000000E  c_w.l(libinit2.o)
    0x080001a2   0x00000000   Code   RO         4930    .ARM.Collect$$libinit$$00000011  c_w.l(libinit2.o)
    0x080001a2   0x00000000   Code   RO         4932    .ARM.Collect$$libinit$$00000013  c_w.l(libinit2.o)
    0x080001a2   0x00000000   Code   RO         4934    .ARM.Collect$$libinit$$00000015  c_w.l(libinit2.o)
    0x080001a2   0x00000000   Code   RO         4936    .ARM.Collect$$libinit$$00000017  c_w.l(libinit2.o)
    0x080001a2   0x00000000   Code   RO         4938    .ARM.Collect$$libinit$$00000019  c_w.l(libinit2.o)
    0x080001a2   0x00000000   Code   RO         4940    .ARM.Collect$$libinit$$0000001B  c_w.l(libinit2.o)
    0x080001a2   0x00000000   Code   RO         4942    .ARM.Collect$$libinit$$0000001D  c_w.l(libinit2.o)
    0x080001a2   0x00000000   Code   RO         4944    .ARM.Collect$$libinit$$0000001F  c_w.l(libinit2.o)
    0x080001a2   0x00000000   Code   RO         4946    .ARM.Collect$$libinit$$00000021  c_w.l(libinit2.o)
    0x080001a2   0x00000000   Code   RO         4948    .ARM.Collect$$libinit$$00000023  c_w.l(libinit2.o)
    0x080001a2   0x00000000   Code   RO         4950    .ARM.Collect$$libinit$$00000025  c_w.l(libinit2.o)
    0x080001a2   0x00000000   Code   RO         4954    .ARM.Collect$$libinit$$0000002C  c_w.l(libinit2.o)
    0x080001a2   0x00000000   Code   RO         4956    .ARM.Collect$$libinit$$0000002E  c_w.l(libinit2.o)
    0x080001a2   0x00000000   Code   RO         4958    .ARM.Collect$$libinit$$00000030  c_w.l(libinit2.o)
    0x080001a2   0x00000000   Code   RO         4960    .ARM.Collect$$libinit$$00000032  c_w.l(libinit2.o)
    0x080001a2   0x00000002   Code   RO         4961    .ARM.Collect$$libinit$$00000033  c_w.l(libinit2.o)
    0x080001a4   0x00000002   Code   RO         4991    .ARM.Collect$$libshutdown$$00000000  c_w.l(libshutdown.o)
    0x080001a6   0x00000000   Code   RO         5008    .ARM.Collect$$libshutdown$$00000002  c_w.l(libshutdown2.o)
    0x080001a6   0x00000000   Code   RO         5010    .ARM.Collect$$libshutdown$$00000004  c_w.l(libshutdown2.o)
    0x080001a6   0x00000000   Code   RO         5013    .ARM.Collect$$libshutdown$$00000007  c_w.l(libshutdown2.o)
    0x080001a6   0x00000000   Code   RO         5016    .ARM.Collect$$libshutdown$$0000000A  c_w.l(libshutdown2.o)
    0x080001a6   0x00000000   Code   RO         5018    .ARM.Collect$$libshutdown$$0000000C  c_w.l(libshutdown2.o)
    0x080001a6   0x00000000   Code   RO         5021    .ARM.Collect$$libshutdown$$0000000F  c_w.l(libshutdown2.o)
    0x080001a6   0x00000002   Code   RO         5022    .ARM.Collect$$libshutdown$$00000010  c_w.l(libshutdown2.o)
    0x080001a8   0x00000000   Code   RO         4810    .ARM.Collect$$rtentry$$00000000  c_w.l(__rtentry.o)
    0x080001a8   0x00000000   Code   RO         4867    .ARM.Collect$$rtentry$$00000002  c_w.l(__rtentry2.o)
    0x080001a8   0x00000006   Code   RO         4879    .ARM.Collect$$rtentry$$00000004  c_w.l(__rtentry4.o)
    0x080001ae   0x00000000   Code   RO         4869    .ARM.Collect$$rtentry$$00000009  c_w.l(__rtentry2.o)
    0x080001ae   0x00000004   Code   RO         4870    .ARM.Collect$$rtentry$$0000000A  c_w.l(__rtentry2.o)
    0x080001b2   0x00000000   Code   RO         4872    .ARM.Collect$$rtentry$$0000000C  c_w.l(__rtentry2.o)
    0x080001b2   0x00000008   Code   RO         4873    .ARM.Collect$$rtentry$$0000000D  c_w.l(__rtentry2.o)
    0x080001ba   0x00000002   Code   RO         4911    .ARM.Collect$$rtexit$$00000000  c_w.l(rtexit.o)
    0x080001bc   0x00000000   Code   RO         4963    .ARM.Collect$$rtexit$$00000002  c_w.l(rtexit2.o)
    0x080001bc   0x00000004   Code   RO         4964    .ARM.Collect$$rtexit$$00000003  c_w.l(rtexit2.o)
    0x080001c0   0x00000006   Code   RO         4965    .ARM.Collect$$rtexit$$00000004  c_w.l(rtexit2.o)
    0x080001c6   0x00000002   PAD
    0x080001c8   0x00000040   Code   RO          101    .text               startup_stm32f10x_md.o
    0x08000208   0x00000048   Code   RO         4674    .text               c_w.l(llsdiv.o)
    0x08000250   0x0000008a   Code   RO         4676    .text               c_w.l(rt_memcpy_v6.o)
    0x080002da   0x00000064   Code   RO         4678    .text               c_w.l(rt_memcpy_w.o)
    0x0800033e   0x00000010   Code   RO         4680    .text               c_w.l(aeabi_memset.o)
    0x0800034e   0x00000044   Code   RO         4682    .text               c_w.l(rt_memclr.o)
    0x08000392   0x0000004e   Code   RO         4684    .text               c_w.l(rt_memclr_w.o)
    0x080003e0   0x00000006   Code   RO         4686    .text               c_w.l(heapauxi.o)
    0x080003e6   0x000000ee   Code   RO         4811    .text               c_w.l(lludivv7m.o)
    0x080004d4   0x00000016   Code   RO         4813    .text               c_w.l(_rserrno.o)
    0x080004ea   0x00000002   PAD
    0x080004ec   0x00000008   Code   RO         4888    .text               c_w.l(rt_errno_addr_intlibspace.o)
    0x080004f4   0x00000008   Code   RO         4894    .text               c_w.l(libspace.o)
    0x080004fc   0x0000004a   Code   RO         4897    .text               c_w.l(sys_stackheap_outer.o)
    0x08000546   0x00000012   Code   RO         4901    .text               c_w.l(exit.o)
    0x08000558   0x0000000c   Code   RO         4979    .text               c_w.l(sys_exit.o)
    0x08000564   0x00000002   Code   RO         4996    .text               c_w.l(use_no_semi.o)
    0x08000566   0x00000000   Code   RO         4998    .text               c_w.l(indicate_semi.o)
    0x08000566   0x0000001e   Code   RO         1248    i.Bsp_Init          bsp.o
    0x08000584   0x00000038   Code   RO          507    i.CharToNumber      taskledgui.o
    0x080005bc   0x00000018   Code   RO         1322    i.DMA1_Channel1_IRQHandler  stm32f10x_it.o
    0x080005d4   0x00000018   Code   RO         2148    i.DMA_ClearITPendingBit  stm32f10x_dma.o
    0x080005ec   0x0000001a   Code   RO         2149    i.DMA_Cmd           stm32f10x_dma.o
    0x08000606   0x00000002   PAD
    0x08000608   0x000000f8   Code   RO         2150    i.DMA_DeInit        stm32f10x_dma.o
    0x08000700   0x00000024   Code   RO         2153    i.DMA_GetITStatus   stm32f10x_dma.o
    0x08000724   0x0000003a   Code   RO         2155    i.DMA_Init          stm32f10x_dma.o
    0x0800075e   0x00000002   PAD
    0x08000760   0x0000005c   Code   RO          119    i.Ddi_Protect_JudgeLowProtectHappen  taskextra.o
    0x080007bc   0x0000005c   Code   RO          120    i.Ddi_Protect_JudgeOverProtectHappen  taskextra.o
    0x08000818   0x00000058   Code   RO          121    i.DinStatus         taskextra.o
    0x08000870   0x00000044   Code   RO          509    i.DispChar          taskledgui.o
    0x080008b4   0x00000160   Code   RO          510    i.DispHarmonicContent  taskledgui.o
    0x08000a14   0x0000218c   Code   RO          511    i.DispMenu_Main     taskledgui.o
    0x08002ba0   0x00000038   Code   RO          512    i.DispMenu_Menu1    taskledgui.o
    0x08002bd8   0x000000b4   Code   RO          513    i.DispMenu_Menu2    taskledgui.o
    0x08002c8c   0x00001f4c   Code   RO          514    i.DispMenu_Menu3    taskledgui.o
    0x08004bd8   0x00000050   Code   RO          515    i.DispMenu_MenuCode  taskledgui.o
    0x08004c28   0x00000050   Code   RO          516    i.DispMenu_MenuCodeErr  taskledgui.o
    0x08004c78   0x00000080   Code   RO          517    i.DispMenu_MenuSave  taskledgui.o
    0x08004cf8   0x00001cc4   Code   RO          518    i.DispMenu_MenuValue  taskledgui.o
    0x080069bc   0x00000294   Code   RO          519    i.DispValue         taskledgui.o
    0x08006c50   0x000002b4   Code   RO          520    i.DispValueCurrent  taskledgui.o
    0x08006f04   0x000006e8   Code   RO          521    i.DispValuePower    taskledgui.o
    0x080075ec   0x000002b4   Code   RO          522    i.DispValueVoltage  taskledgui.o
    0x080078a0   0x00000010   Code   RO          523    i.Disp_Set_FU       taskledgui.o
    0x080078b0   0x00000002   Code   RO         1249    i.EXTI_Configuration  bsp.o
    0x080078b2   0x00000002   PAD
    0x080078b4   0x0000000c   Code   RO         2273    i.FLASH_ClearFlag   stm32f10x_flash.o
    0x080078c0   0x0000003c   Code   RO         2278    i.FLASH_ErasePage   stm32f10x_flash.o
    0x080078fc   0x00000028   Code   RO         2279    i.FLASH_GetBank1Status  stm32f10x_flash.o
    0x08007924   0x00000010   Code   RO         2288    i.FLASH_Lock        stm32f10x_flash.o
    0x08007934   0x0000005c   Code   RO         2293    i.FLASH_ProgramWord  stm32f10x_flash.o
    0x08007990   0x00000018   Code   RO         2296    i.FLASH_Unlock      stm32f10x_flash.o
    0x080079a8   0x00000020   Code   RO         2300    i.FLASH_WaitForLastOperation  stm32f10x_flash.o
    0x080079c8   0x00000078   Code   RO         1026    i.FRAM_I2C_ReadData  drvfram.o
    0x08007a40   0x00000050   Code   RO         1027    i.FRAM_I2C_WriteData  drvfram.o
    0x08007a90   0x00000048   Code   RO         1028    i.FRAM_ReadData     drvfram.o
    0x08007ad8   0x00000050   Code   RO         1029    i.FRAM_WriteData    drvfram.o
    0x08007b28   0x00000016   Code   RO         1030    i.FramData_Crc      drvfram.o
    0x08007b3e   0x00000002   PAD
    0x08007b40   0x000001e0   Code   RO         1250    i.GPIO_Configuration  bsp.o
    0x08007d20   0x000000a6   Code   RO         2573    i.GPIO_Init         stm32f10x_gpio.o
    0x08007dc6   0x00000002   PAD
    0x08007dc8   0x0000005c   Code   RO         2575    i.GPIO_PinRemapConfig  stm32f10x_gpio.o
    0x08007e24   0x0000000e   Code   RO         2577    i.GPIO_ReadInputDataBit  stm32f10x_gpio.o
    0x08007e32   0x00000004   Code   RO         2580    i.GPIO_ResetBits    stm32f10x_gpio.o
    0x08007e36   0x00000004   Code   RO         2581    i.GPIO_SetBits      stm32f10x_gpio.o
    0x08007e3a   0x00000002   PAD
    0x08007e3c   0x00000084   Code   RO          524    i.GUI_Key_Default   taskledgui.o
    0x08007ec0   0x0000039c   Code   RO          525    i.GUI_Key_Down      taskledgui.o
    0x0800825c   0x000000a0   Code   RO          526    i.GUI_Key_Menu      taskledgui.o
    0x080082fc   0x00000028   Code   RO          527    i.GUI_Key_MenuLong  taskledgui.o
    0x08008324   0x00000200   Code   RO          528    i.GUI_Key_Ok        taskledgui.o
    0x08008524   0x00000390   Code   RO          529    i.GUI_Key_Up        taskledgui.o
    0x080088b4   0x00000074   Code   RO          530    i.GUI_Main          taskledgui.o
    0x08008928   0x00000238   Code   RO          532    i.GUI_Timer_On      taskledgui.o
    0x08008b60   0x0000035c   Code   RO          533    i.GetSetNewValue    taskledgui.o
    0x08008ebc   0x000001bc   Code   RO          534    i.GetSetOldValue    taskledgui.o
    0x08009078   0x0000000c   Code   RO         1176    i.HT_Data_Index     drvled.o
    0x08009084   0x00000002   Code   RO         1325    i.HardFault_Handler  stm32f10x_it.o
    0x08009086   0x00000002   PAD
    0x08009088   0x00000064   Code   RO         1104    i.InitCtrlParam     param.o
    0x080090ec   0x00000012   Code   RO         1105    i.InitRNParam       param.o
    0x080090fe   0x00000012   Code   RO         1106    i.InitRNParamToZero  param.o
    0x08009110   0x0000003c   Code   RO         1107    i.InitRNParam_Phase  param.o
    0x0800914c   0x00000038   Code   RO         1108    i.InitRNParam_PhaseToZero  param.o
    0x08009184   0x00000026   Code   RO          536    i.JudgeSetNewValue  taskledgui.o
    0x080091aa   0x0000000e   Code   RO          305    i.KG_CancelJudge    taskprotect.o
    0x080091b8   0x0000005c   Code   RO          306    i.KG_JudgeOverHappen  taskprotect.o
    0x08009214   0x00000038   Code   RO          307    i.KG_ProtectHappen  taskprotect.o
    0x0800924c   0x00000032   Code   RO          308    i.KG_ProtectRtn     taskprotect.o
    0x0800927e   0x00000002   PAD
    0x08009280   0x00000054   Code   RO          537    i.KeyDiff           taskledgui.o
    0x080092d4   0x00000054   Code   RO          538    i.KeyStatus         taskledgui.o
    0x08009328   0x0000020c   Code   RO          850    i.LineCalcFunc      bsp_rn8302b.o
    0x08009534   0x00000004   Code   RO         1109    i.LoadParam         param.o
    0x08009538   0x0000001a   Code   RO          358    i.MSRS232_CRC       taskrs232.o
    0x08009552   0x0000001c   Code   RO         4396    i.MemData_CmpParam  memdataoperate.o
    0x0800956e   0x00000172   Code   RO         4397    i.MemData_CmpParamType  memdataoperate.o
    0x080096e0   0x00000016   Code   RO         4398    i.MemData_Crc       memdataoperate.o
    0x080096f6   0x00000002   PAD
    0x080096f8   0x00000048   Code   RO         4403    i.MemData_ReadParam  memdataoperate.o
    0x08009740   0x00000044   Code   RO         4406    i.MemData_WriteParam  memdataoperate.o
    0x08009784   0x0000005a   Code   RO         4407    i.MemData_Write_To_Flash  memdataoperate.o
    0x080097de   0x00000002   PAD
    0x080097e0   0x00000024   Code   RO         1031    i.MyI2C_GPIO_IN_Config  drvfram.o
    0x08009804   0x00000024   Code   RO         1032    i.MyI2C_GPIO_Out_Config  drvfram.o
    0x08009828   0x00000074   Code   RO         1033    i.MyI2C_ReceiveByte  drvfram.o
    0x0800989c   0x00000068   Code   RO         1034    i.MyI2C_SendByte    drvfram.o
    0x08009904   0x0000002c   Code   RO         1035    i.MyI2C_Start       drvfram.o
    0x08009930   0x00000024   Code   RO         1036    i.MyI2C_Stop        drvfram.o
    0x08009954   0x00000002   Code   RO         1326    i.NMI_Handler       stm32f10x_it.o
    0x08009956   0x00000042   Code   RO         1252    i.NVIC_Configuration  bsp.o
    0x08009998   0x00000064   Code   RO         1407    i.NVIC_Init         misc.o
    0x080099fc   0x00000014   Code   RO         1408    i.NVIC_PriorityGroupConfig  misc.o
    0x08009a10   0x0000008c   Code   RO          539    i.OneKeyStaus       taskledgui.o
    0x08009a9c   0x000008e4   Code   RO          122    i.OutHandler_First  taskextra.o
    0x0800a380   0x000008e4   Code   RO          123    i.OutHandler_Second  taskextra.o
    0x0800ac64   0x0000003c   Code   RO          124    i.OutStatus         taskextra.o
    0x0800aca0   0x0000001a   Code   RO         4572    i.PT_TimerDelay     pt_timer.o
    0x0800acba   0x00000016   Code   RO         4573    i.PT_TimerDiff      pt_timer.o
    0x0800acd0   0x0000000c   Code   RO         4575    i.PT_TimerGet       pt_timer.o
    0x0800acdc   0x00000010   Code   RO         4576    i.PT_TimerIncrement  pt_timer.o
    0x0800acec   0x00000002   Code   RO         1327    i.PendSV_Handler    stm32f10x_it.o
    0x0800acee   0x00000002   PAD
    0x0800acf0   0x00000100   Code   RO          309    i.Protect_AutoProc  taskprotect.o
    0x0800adf0   0x00000310   Code   RO          125    i.PwmPercentOutput_First  taskextra.o
    0x0800b100   0x00000308   Code   RO          126    i.PwmPercentOutput_Second  taskextra.o
    0x0800b408   0x0000001c   Code   RO         2991    i.RCC_AHBPeriphClockCmd  stm32f10x_rcc.o
    0x0800b424   0x0000001c   Code   RO         2992    i.RCC_APB1PeriphClockCmd  stm32f10x_rcc.o
    0x0800b440   0x0000001c   Code   RO         2993    i.RCC_APB1PeriphResetCmd  stm32f10x_rcc.o
    0x0800b45c   0x0000001c   Code   RO         2994    i.RCC_APB2PeriphClockCmd  stm32f10x_rcc.o
    0x0800b478   0x0000001c   Code   RO         2995    i.RCC_APB2PeriphResetCmd  stm32f10x_rcc.o
    0x0800b494   0x00000024   Code   RO         1253    i.RCC_Configuration  bsp.o
    0x0800b4b8   0x000000ac   Code   RO         3002    i.RCC_GetClocksFreq  stm32f10x_rcc.o
    0x0800b564   0x000002a4   Code   RO          851    i.RN8032_Adjust     bsp_rn8302b.o
    0x0800b808   0x00000210   Code   RO          852    i.RN8032_Adjust_Angle  bsp_rn8302b.o
    0x0800ba18   0x000000b0   Code   RO          854    i.RN8032_Adjust_I   bsp_rn8302b.o
    0x0800bac8   0x000000c0   Code   RO          855    i.RN8032_Adjust_Section_I  bsp_rn8302b.o
    0x0800bb88   0x000000b0   Code   RO          856    i.RN8032_Adjust_U   bsp_rn8302b.o
    0x0800bc38   0x000012b4   Code   RO          857    i.RN8032_Updata     bsp_rn8302b.o
    0x0800ceec   0x00000228   Code   RO          858    i.RN8302Init        bsp_rn8302b.o
    0x0800d114   0x000000d8   Code   RO          859    i.RN8302InitAdjust  bsp_rn8302b.o
    0x0800d1ec   0x000000bc   Code   RO          860    i.RN8302RD          bsp_rn8302b.o
    0x0800d2a8   0x00000080   Code   RO          862    i.RN8302WR          bsp_rn8302b.o
    0x0800d328   0x00000148   Code   RO          863    i.RN8302_RX_Frame   bsp_rn8302b.o
    0x0800d470   0x00000100   Code   RO          864    i.RN8302_TX_Frame   bsp_rn8302b.o
    0x0800d570   0x00000040   Code   RO         4626    i.SCH_Add_Task      sch.o
    0x0800d5b0   0x00000020   Code   RO         4627    i.SCH_Delete_Task   sch.o
    0x0800d5d0   0x00000040   Code   RO         4628    i.SCH_Init_T        sch.o
    0x0800d610   0x00000038   Code   RO         4629    i.SCH_RUN_Tasks     sch.o
    0x0800d648   0x00000020   Code   RO         4630    i.SCH_Start         sch.o
    0x0800d668   0x00000074   Code   RO          754    i.SERIAL_IRQHandler  drvserial.o
    0x0800d6dc   0x00000070   Code   RO         4631    i.SIGNAL_IRQHandler  sch.o
    0x0800d74c   0x00000002   Code   RO         1328    i.SVC_Handler       stm32f10x_it.o
    0x0800d74e   0x00000004   Code   RO         1110    i.SaveParam         param.o
    0x0800d752   0x00000004   Code   RO            1    i.SetSysClock       system_stm32f10x.o
    0x0800d756   0x00000002   PAD
    0x0800d758   0x000000b0   Code   RO            2    i.SetSysClockTo72   system_stm32f10x.o
    0x0800d808   0x00000044   Code   RO          866    i.Spi_RN8302_ReadByte  bsp_rn8302b.o
    0x0800d84c   0x0000004c   Code   RO          867    i.Spi_RN8302_SendByte  bsp_rn8302b.o
    0x0800d898   0x0000001c   Code   RO         1411    i.SysTick_CLKSourceConfig  misc.o
    0x0800d8b4   0x0000004c   Code   RO         1254    i.SysTick_Configuration  bsp.o
    0x0800d900   0x0000000e   Code   RO         1329    i.SysTick_Handler   stm32f10x_it.o
    0x0800d90e   0x00000002   PAD
    0x0800d910   0x00000050   Code   RO            4    i.SystemInit        system_stm32f10x.o
    0x0800d960   0x00000004   Code   RO         1332    i.TIM3_IRQHandler   stm32f10x_it.o
    0x0800d964   0x00000006   Code   RO         3624    i.TIM_ClearITPendingBit  stm32f10x_tim.o
    0x0800d96a   0x00000018   Code   RO         3629    i.TIM_Cmd           stm32f10x_tim.o
    0x0800d982   0x00000002   PAD
    0x0800d984   0x00000210   Code   RO         3634    i.TIM_DeInit        stm32f10x_tim.o
    0x0800db94   0x00000018   Code   RO         3650    i.TIM_GetITStatus   stm32f10x_tim.o
    0x0800dbac   0x00000014   Code   RO         3654    i.TIM_ITConfig      stm32f10x_tim.o
    0x0800dbc0   0x00000004   Code   RO         3692    i.TIM_SetCompare3   stm32f10x_tim.o
    0x0800dbc4   0x00000006   Code   RO         3693    i.TIM_SetCompare4   stm32f10x_tim.o
    0x0800dbca   0x00000002   PAD
    0x0800dbcc   0x0000009c   Code   RO         3700    i.TIM_TimeBaseInit  stm32f10x_tim.o
    0x0800dc68   0x00000040   Code   RO         1177    i.TM1640_End        drvled.o
    0x0800dca8   0x00000058   Code   RO         1178    i.TM1640_I2C_WrByte  drvled.o
    0x0800dd00   0x00000040   Code   RO         1179    i.TM1640_Start      drvled.o
    0x0800dd40   0x00000004   Code   RO         1180    i.TM1640_Write      drvled.o
    0x0800dd44   0x0000000c   Code   RO         1181    i.TM1640_delay      drvled.o
    0x0800dd50   0x0000001e   Code   RO          127    i.Task_Extra_Function  taskextra.o
    0x0800dd6e   0x0000000e   Code   RO          540    i.Task_GUI_Function  taskledgui.o
    0x0800dd7c   0x0000002c   Code   RO          541    i.Task_GUI_init     taskledgui.o
    0x0800dda8   0x0000000e   Code   RO          868    i.Task_Power_Function  bsp_rn8302b.o
    0x0800ddb6   0x00000004   Code   RO          310    i.Task_Protect_Function  taskprotect.o
    0x0800ddba   0x00000004   Code   RO          359    i.Task_RS232_Function  taskrs232.o
    0x0800ddbe   0x00000002   PAD
    0x0800ddc0   0x00000028   Code   RO          360    i.Task_RS232_init   taskrs232.o
    0x0800dde8   0x0000000e   Code   RO          542    i.Task_Timer_Function  taskledgui.o
    0x0800ddf6   0x00000002   PAD
    0x0800ddf8   0x00000010   Code   RO          756    i.UASRT_StopSend    drvserial.o
    0x0800de08   0x00000004   Code   RO         1333    i.USART1_IRQHandler  stm32f10x_it.o
    0x0800de0c   0x00000008   Code   RO         4161    i.USART_ClearFlag   stm32f10x_usart.o
    0x0800de14   0x00000010   Code   RO         4162    i.USART_ClearITPendingBit  stm32f10x_usart.o
    0x0800de24   0x0000001e   Code   RO         4163    i.USART_ClockInit   stm32f10x_usart.o
    0x0800de42   0x00000018   Code   RO         4165    i.USART_Cmd         stm32f10x_usart.o
    0x0800de5a   0x00000002   PAD
    0x0800de5c   0x00000130   Code   RO         1256    i.USART_Configuration  bsp.o
    0x0800df8c   0x00000014   Code   RO         4166    i.USART_DMACmd      stm32f10x_usart.o
    0x0800dfa0   0x0000004c   Code   RO         1257    i.USART_DMAReConfig  bsp.o
    0x0800dfec   0x0000000e   Code   RO         4168    i.USART_GetFlagStatus  stm32f10x_usart.o
    0x0800dffa   0x00000040   Code   RO         4169    i.USART_GetITStatus  stm32f10x_usart.o
    0x0800e03a   0x00000002   PAD
    0x0800e03c   0x00000024   Code   RO          757    i.USART_GetRxBufData  drvserial.o
    0x0800e060   0x00000020   Code   RO          758    i.USART_GetRxBufLen  drvserial.o
    0x0800e080   0x00000026   Code   RO          759    i.USART_GetRxString  drvserial.o
    0x0800e0a6   0x00000002   PAD
    0x0800e0a8   0x00000024   Code   RO          760    i.USART_GetTxBufData  drvserial.o
    0x0800e0cc   0x00000036   Code   RO         4171    i.USART_ITConfig    stm32f10x_usart.o
    0x0800e102   0x00000002   PAD
    0x0800e104   0x000000bc   Code   RO         4172    i.USART_Init        stm32f10x_usart.o
    0x0800e1c0   0x00000018   Code   RO          763    i.USART_IsDataInTxBuf  drvserial.o
    0x0800e1d8   0x0000001c   Code   RO          764    i.USART_PutDatatoRxBuf  drvserial.o
    0x0800e1f4   0x00000008   Code   RO         4179    i.USART_ReceiveData  stm32f10x_usart.o
    0x0800e1fc   0x00000008   Code   RO         4182    i.USART_SendData    stm32f10x_usart.o
    0x0800e204   0x00000174   Code   RO          543    i.UpdataOrSetValue  taskledgui.o
    0x0800e378   0x000000f0   Code   RO          544    i.UpdataSetValue    taskledgui.o
    0x0800e468   0x000000c0   Code   RO         1182    i.Update_screen     drvled.o
    0x0800e528   0x000000f4   Code   RO         1111    i.WriteRNParam      param.o
    0x0800e61c   0x00000028   Code   RO         4851    i.__ARM_fpclassify  m_ws.l(fpclassify.o)
    0x0800e644   0x00000388   Code   RO         4855    i.__ieee754_rem_pio2  m_ws.l(rred.o)
    0x0800e9cc   0x000000fc   Code   RO         4834    i.__kernel_cos      m_ws.l(cos_i.o)
    0x0800eac8   0x000000aa   Code   RO         4853    i.__kernel_poly     m_ws.l(poly.o)
    0x0800eb72   0x00000002   PAD
    0x0800eb74   0x000000ec   Code   RO         4860    i.__kernel_sin      m_ws.l(sin_i.o)
    0x0800ec60   0x00000006   Code   RO         4838    i.__mathlib_dbl_infnan  m_ws.l(dunder.o)
    0x0800ec66   0x0000000c   Code   RO         4840    i.__mathlib_dbl_invalid  m_ws.l(dunder.o)
    0x0800ec72   0x00000002   PAD
    0x0800ec74   0x00000010   Code   RO         4843    i.__mathlib_dbl_underflow  m_ws.l(dunder.o)
    0x0800ec84   0x00000270   Code   RO         4777    i.asin              m_ws.l(asin.o)
    0x0800eef4   0x00000004   Code   RO          869    i.bsp_InitRN8023    bsp_rn8302b.o
    0x0800eef8   0x0000009c   Code   RO         4787    i.cos               m_ws.l(cos.o)
    0x0800ef94   0x0000000c   Code   RO         1037    i.delay_us          drvfram.o
    0x0800efa0   0x0000007c   Code   RO         1231    i.main              sysmain.o
    0x0800f01c   0x0000000c   Code   RO          874    i.spi_nop           bsp_rn8302b.o
    0x0800f028   0x0000004c   Code   RO         4803    i.sqrt              m_ws.l(sqrt.o)
    0x0800f074   0x00000040   Code   RO          875    i.sqrt_64fixed      bsp_rn8302b.o
    0x0800f0b4   0x0000000e   Code   RO          128    i.svc_Protect_CancelJudge  taskextra.o
    0x0800f0c2   0x00000038   Code   RO          129    i.svc_Protect_ProtectHappen  taskextra.o
    0x0800f0fa   0x00000032   Code   RO          130    i.svc_Protect_ProtectRtn  taskextra.o
    0x0800f12c   0x0000002c   Code   RO          361    i.usMBCRC16         taskrs232.o
    0x0800f158   0x00000094   Code   RO          362    i.vMSRS232_Analysis  taskrs232.o
    0x0800f1ec   0x0000001c   Code   RO          363    i.vMSRS232_Query_Adjust  taskrs232.o
    0x0800f208   0x00000018   Code   RO          364    i.vMSRS232_Query_Param  taskrs232.o
    0x0800f220   0x0000001c   Code   RO          365    i.vMSRS232_Query_Power  taskrs232.o
    0x0800f23c   0x000002a4   Code   RO          368    i.vMSRS232_RxProtocol  taskrs232.o
    0x0800f4e0   0x0000005c   Code   RO          369    i.vMSRS232_SetFrameData  taskrs232.o
    0x0800f53c   0x000001a0   Code   RO          370    i.vMSRS232_Set_Adjust  taskrs232.o
    0x0800f6dc   0x000001c0   Code   RO          371    i.vMSRS232_Set_Param  taskrs232.o
    0x0800f89c   0x000001ac   Code   RO          372    i.vModeBusRtu_Analysis  taskrs232.o
    0x0800fa48   0x000000b4   Code   RO          373    i.vModeBus_Query_CTRL  taskrs232.o
    0x0800fafc   0x00000068   Code   RO          374    i.vModeBus_Query_Primary  taskrs232.o
    0x0800fb64   0x00000024   Code   RO          375    i.vModeBus_Query_Secondary  taskrs232.o
    0x0800fb88   0x00000018   Code   RO          376    i.vModeBus_Query_THD  taskrs232.o
    0x0800fba0   0x0000017c   Code   RO          377    i.vModeBus_SetFrameData  taskrs232.o
    0x0800fd1c   0x00000308   Code   RO          378    i.vModeBus_Set_Ctrl_Parm  taskrs232.o
    0x08010024   0x00000048   Code   RO          379    i.vModeBus_Set_Multi_Relay  taskrs232.o
    0x0801006c   0x00000034   Code   RO          380    i.vModeBus_Set_Relay  taskrs232.o
    0x080100a0   0x00000062   Code   RO         4690    x$fpl$d2f           fz_ws.l(d2f.o)
    0x08010102   0x00000002   PAD
    0x08010104   0x00000150   Code   RO         4692    x$fpl$dadd          fz_ws.l(daddsub_clz.o)
    0x08010254   0x00000010   Code   RO         4815    x$fpl$dcheck1       fz_ws.l(dcheck1.o)
    0x08010264   0x000002b0   Code   RO         4699    x$fpl$ddiv          fz_ws.l(ddiv.o)
    0x08010514   0x0000005e   Code   RO         4702    x$fpl$dfix          fz_ws.l(dfix.o)
    0x08010572   0x00000002   PAD
    0x08010574   0x0000005a   Code   RO         4710    x$fpl$dfixu         fz_ws.l(dfixu.o)
    0x080105ce   0x0000002e   Code   RO         4719    x$fpl$dflt          fz_ws.l(dflt_clz.o)
    0x080105fc   0x000000a2   Code   RO         4724    x$fpl$dfltll        fz_ws.l(dfltll_clz.o)
    0x0801069e   0x00000026   Code   RO         4718    x$fpl$dfltu         fz_ws.l(dflt_clz.o)
    0x080106c4   0x0000008a   Code   RO         4725    x$fpl$dfltull       fz_ws.l(dfltll_clz.o)
    0x0801074e   0x00000002   PAD
    0x08010750   0x00000154   Code   RO         4728    x$fpl$dmul          fz_ws.l(dmul.o)
    0x080108a4   0x0000009c   Code   RO         4819    x$fpl$dnaninf       fz_ws.l(dnaninf.o)
    0x08010940   0x0000000c   Code   RO         4821    x$fpl$dretinf       fz_ws.l(dretinf.o)
    0x0801094c   0x00000016   Code   RO         4693    x$fpl$drsb          fz_ws.l(daddsub_clz.o)
    0x08010962   0x00000002   PAD
    0x08010964   0x000001cc   Code   RO         4823    x$fpl$dsqrt         fz_ws.l(dsqrt_noumaal.o)
    0x08010b30   0x000001d4   Code   RO         4694    x$fpl$dsub          fz_ws.l(daddsub_clz.o)
    0x08010d04   0x00000056   Code   RO         4730    x$fpl$f2d           fz_ws.l(f2d.o)
    0x08010d5a   0x00000002   PAD
    0x08010d5c   0x000000c4   Code   RO         4732    x$fpl$fadd          fz_ws.l(faddsub_clz.o)
    0x08010e20   0x0000000c   Code   RO         4825    x$fpl$fcheck1       fz_ws.l(fcheck1.o)
    0x08010e2c   0x00000018   Code   RO         4827    x$fpl$fcmpinf       fz_ws.l(fcmpi.o)
    0x08010e44   0x00000184   Code   RO         4739    x$fpl$fdiv          fz_ws.l(fdiv.o)
    0x08010fc8   0x00000036   Code   RO         4742    x$fpl$ffix          fz_ws.l(ffix.o)
    0x08010ffe   0x00000002   PAD
    0x08011000   0x0000003e   Code   RO         4750    x$fpl$ffixu         fz_ws.l(ffixu.o)
    0x0801103e   0x00000002   PAD
    0x08011040   0x00000030   Code   RO         4759    x$fpl$fflt          fz_ws.l(fflt_clz.o)
    0x08011070   0x00000060   Code   RO         4764    x$fpl$ffltll        fz_ws.l(ffltll_clz.o)
    0x080110d0   0x00000026   Code   RO         4758    x$fpl$ffltu         fz_ws.l(fflt_clz.o)
    0x080110f6   0x00000002   PAD
    0x080110f8   0x00000068   Code   RO         4766    x$fpl$fleqf         fz_ws.l(fleqf.o)
    0x08011160   0x00000102   Code   RO         4768    x$fpl$fmul          fz_ws.l(fmul.o)
    0x08011262   0x0000008c   Code   RO         4829    x$fpl$fnaninf       fz_ws.l(fnaninf.o)
    0x080112ee   0x0000000a   Code   RO         4831    x$fpl$fretinf       fz_ws.l(fretinf.o)
    0x080112f8   0x00000062   Code   RO         4770    x$fpl$frleqf        fz_ws.l(frleqf.o)
    0x0801135a   0x00000014   Code   RO         4733    x$fpl$frsb          fz_ws.l(faddsub_clz.o)
    0x0801136e   0x00000002   PAD
    0x08011370   0x000000ea   Code   RO         4734    x$fpl$fsub          fz_ws.l(faddsub_clz.o)
    0x0801145a   0x00000002   PAD
    0x0801145c   0x000000c2   Code   RO         4706    x$fpl$llsfromd      fz_ws.l(dfixll.o)
    0x0801151e   0x00000002   PAD
    0x08011520   0x00000086   Code   RO         4746    x$fpl$llsfromf      fz_ws.l(ffixll.o)
    0x080115a6   0x00000002   PAD
    0x080115a8   0x00000078   Code   RO         4714    x$fpl$llufromd      fz_ws.l(dfixull.o)
    0x08011620   0x0000005c   Code   RO         4754    x$fpl$llufromf      fz_ws.l(ffixull.o)
    0x0801167c   0x00000064   Code   RO         4892    x$fpl$retnan        fz_ws.l(retnan.o)
    0x080116e0   0x0000005c   Code   RO         4772    x$fpl$scalbn        fz_ws.l(scalbn.o)
    0x0801173c   0x0000004c   Code   RO         4774    x$fpl$scalbnf       fz_ws.l(scalbnf.o)
    0x08011788   0x00000030   Code   RO         4909    x$fpl$trapveneer    fz_ws.l(trapv.o)
    0x080117b8   0x00000000   Code   RO         4833    x$fpl$usenofp       fz_ws.l(usenofp.o)
    0x080117b8   0x00000220   Data   RO          382    .constdata          taskrs232.o
    0x080119d8   0x00000068   Data   RO          546    .constdata          taskledgui.o
    0x08011a40   0x0000000a   Data   RO         1183    .constdata          drvled.o
    0x08011a4a   0x00000006   PAD
    0x08011a50   0x00000050   Data   RO         4778    .constdata          m_ws.l(asin.o)
    0x08011aa0   0x00000030   Data   RO         4835    .constdata          m_ws.l(cos_i.o)
    0x08011ad0   0x000000c8   Data   RO         4857    .constdata          m_ws.l(rred.o)
    0x08011b98   0x00000028   Data   RO         4861    .constdata          m_ws.l(sin_i.o)
    0x08011bc0   0x00000020   Data   RO         5039    Region$$Table       anon$$obj.o


    Execution Region RW_IRAM1 (Base: 0x20000000, Size: 0x00002980, Max: 0x00005000, ABSOLUTE, COMPRESSED[0x0000022c])

    Base Addr    Size         Type   Attr      Idx    E Section Name        Object

    0x20000000   0x00000014   Data   RW            5    .data               system_stm32f10x.o
    0x20000014   0x00000009   Data   RW          134    .data               taskextra.o
    0x2000001d   0x00000003   Data   RW          312    .data               taskprotect.o
    0x20000020   0x00000008   Data   RW          383    .data               taskrs232.o
    0x20000028   0x00000078   Data   RW          547    .data               taskledgui.o
    0x200000a0   0x00000010   Data   RW          768    .data               drvserial.o
    0x200000b0   0x000004a8   Data   RW          878    .data               bsp_rn8302b.o
    0x20000558   0x00000001   Data   RW         1124    .data               param.o
    0x20000559   0x00000014   Data   RW         3022    .data               stm32f10x_rcc.o
    0x2000056d   0x00000003   PAD
    0x20000570   0x00000004   Data   RW         4579    .data               pt_timer.o
    0x20000574   0x00000002   Data   RW         4633    .data               sch.o
    0x20000576   0x00000002   PAD
    0x20000578   0x00000258   Zero   RW          132    .bss                taskextra.o
    0x200007d0   0x00000018   Zero   RW          311    .bss                taskprotect.o
    0x200007e8   0x000001ae   Zero   RW          381    .bss                taskrs232.o
    0x20000996   0x0000001d   Zero   RW          545    .bss                taskledgui.o
    0x200009b3   0x00000100   Zero   RW          767    .bss                drvserial.o
    0x20000ab3   0x00000001   PAD
    0x20000ab4   0x00001090   Zero   RW          876    .bss                bsp_rn8302b.o
    0x20001b44   0x00000090   Zero   RW         1112    .bss                param.o
    0x20001bd4   0x00000090   Zero   RW         1113    .bss                param.o
    0x20001c64   0x00000180   Zero   RW         1114    .bss                param.o
    0x20001de4   0x000000cc   Zero   RW         1115    .bss                param.o
    0x20001eb0   0x00000080   Zero   RW         1116    .bss                param.o
    0x20001f30   0x00000080   Zero   RW         1117    .bss                param.o
    0x20001fb0   0x00000010   Zero   RW         1118    .bss                param.o
    0x20001fc0   0x0000009a   Zero   RW         1119    .bss                param.o
    0x2000205a   0x00000036   Zero   RW         1120    .bss                param.o
    0x20002090   0x00000046   Zero   RW         1258    .bss                bsp.o
    0x200020d6   0x00000002   PAD
    0x200020d8   0x00000048   Zero   RW         4632    .bss                sch.o
    0x20002120   0x00000060   Zero   RW         4895    .bss                c_w.l(libspace.o)
    0x20002180   0x00000400   Zero   RW           99    HEAP                startup_stm32f10x_md.o
    0x20002580   0x00000400   Zero   RW           98    STACK               startup_stm32f10x_md.o


==============================================================================

Image component sizes


      Code (inc. data)   RO Data    RW Data    ZI Data      Debug   Object Name

      1070         70          0          0         70      20595   bsp.o
      8966        506          0       1192       4240      24755   bsp_rn8302b.o
       758         46          0          0          0       8251   drvfram.o
       436         42         10          0          0       4213   drvled.o
       326         48          0         16        256       5226   drvserial.o
       650         18          0          0          0       5246   memdataoperate.o
       148         14          0          0          0       2225   misc.o
       504         26          0          1       1356      10474   param.o
        76         12          0          4          0       3136   pt_timer.o
       360         42          0          2         72       3796   sch.o
        64         26        236          0       2048        888   startup_stm32f10x_md.o
       392         28          0          0          0       5012   stm32f10x_dma.o
       276         38          0          0          0       5756   stm32f10x_flash.o
       280          6          0          0          0       4734   stm32f10x_gpio.o
        54          0          0          0          0       3564   stm32f10x_it.o
       312         48          0         20          0       6560   stm32f10x_rcc.o
       768        106          0          0          0       6515   stm32f10x_tim.o
       434          6          0          0          0       9190   stm32f10x_usart.o
       124         20          0          0          0        511   sysmain.o
       260         26          0         20          0     270237   system_stm32f10x.o
      6594        338          0          9        600      29890   taskextra.o
     34490       2666        104        120         29      74309   taskledgui.o
       472         46          0          3         24       4818   taskprotect.o
      4026        228        544          8        430      16533   taskrs232.o

    ----------------------------------------------------------------------
     61882       4406        932       1400       9128     526434   Object Totals
         0          0         32          0          0          0   (incl. Generated)
        42          0          6          5          3          0   (incl. Padding)

    ----------------------------------------------------------------------

      Code (inc. data)   RO Data    RW Data    ZI Data      Debug   Library Member Name

        90          0          0          0          0          0   __dczerorl2.o
         8          0          0          0          0         68   __main.o
         0          0          0          0          0          0   __rtentry.o
        12          0          0          0          0          0   __rtentry2.o
         6          0          0          0          0          0   __rtentry4.o
        52          8          0          0          0          0   __scatter.o
        28          0          0          0          0          0   __scatter_zi.o
        22          0          0          0          0        100   _rserrno.o
        16          0          0          0          0         68   aeabi_memset.o
        18          0          0          0          0         80   exit.o
         6          0          0          0          0        152   heapauxi.o
         0          0          0          0          0          0   indicate_semi.o
         2          0          0          0          0          0   libinit.o
         2          0          0          0          0          0   libinit2.o
         2          0          0          0          0          0   libshutdown.o
         2          0          0          0          0          0   libshutdown2.o
         8          4          0          0         96         68   libspace.o
        72          0          0          0          0         76   llsdiv.o
       238          0          0          0          0        100   lludivv7m.o
         8          4          0          0          0         68   rt_errno_addr_intlibspace.o
        68          0          0          0          0         68   rt_memclr.o
        78          0          0          0          0         80   rt_memclr_w.o
       138          0          0          0          0         68   rt_memcpy_v6.o
       100          0          0          0          0         80   rt_memcpy_w.o
         2          0          0          0          0          0   rtexit.o
        10          0          0          0          0          0   rtexit2.o
        12          4          0          0          0         68   sys_exit.o
        74          0          0          0          0         80   sys_stackheap_outer.o
         2          0          0          0          0         68   use_no_semi.o
        98          4          0          0          0         92   d2f.o
       826         16          0          0          0        348   daddsub_clz.o
        16          4          0          0          0         68   dcheck1.o
       688        140          0          0          0        208   ddiv.o
        94          4          0          0          0         92   dfix.o
       194          4          0          0          0        116   dfixll.o
        90          4          0          0          0         92   dfixu.o
       120          4          0          0          0        104   dfixull.o
        84          0          0          0          0        136   dflt_clz.o
       300          0          0          0          0        168   dfltll_clz.o
       340         12          0          0          0        104   dmul.o
       156          4          0          0          0         92   dnaninf.o
        12          0          0          0          0         68   dretinf.o
       460         56          0          0          0        120   dsqrt_noumaal.o
        86          4          0          0          0         84   f2d.o
       450          8          0          0          0        236   faddsub_clz.o
        12          4          0          0          0         68   fcheck1.o
        24          0          0          0          0         68   fcmpi.o
       388         76          0          0          0         96   fdiv.o
        54          4          0          0          0         84   ffix.o
       134          4          0          0          0         84   ffixll.o
        62          4          0          0          0         84   ffixu.o
        92          4          0          0          0         84   ffixull.o
        86          0          0          0          0        136   fflt_clz.o
        96          0          0          0          0         84   ffltll_clz.o
       104          4          0          0          0         84   fleqf.o
       258          4          0          0          0         84   fmul.o
       140          4          0          0          0         84   fnaninf.o
        10          0          0          0          0         68   fretinf.o
        98          0          0          0          0         68   frleqf.o
       100          0          0          0          0         68   retnan.o
        92          0          0          0          0         68   scalbn.o
        76          0          0          0          0         68   scalbnf.o
        48          0          0          0          0         68   trapv.o
         0          0          0          0          0          0   usenofp.o
       624         52         80          0          0        168   asin.o
       156          8          0          0          0        104   cos.o
       252         22         48          0          0        124   cos_i.o
        34          6          0          0          0        204   dunder.o
        40          0          0          0          0         68   fpclassify.o
       170          0          0          0          0         96   poly.o
       904         76        200          0          0        140   rred.o
       236         12         40          0          0        128   sin_i.o
        76          0          0          0          0         84   sqrt.o

    ----------------------------------------------------------------------
      9490        568        368          0         96       5984   Library Totals
        34          0          0          0          0          0   (incl. Padding)

    ----------------------------------------------------------------------

      Code (inc. data)   RO Data    RW Data    ZI Data      Debug   Library Name

      1076         20          0          0         96       1292   c_w.l
      5888        372          0          0          0       3576   fz_ws.l
      2492        176        368          0          0       1116   m_ws.l

    ----------------------------------------------------------------------
      9490        568        368          0         96       5984   Library Totals

    ----------------------------------------------------------------------

==============================================================================


      Code (inc. data)   RO Data    RW Data    ZI Data      Debug   

     71372       4974       1300       1400       9224     518478   Grand Totals
     71372       4974       1300        556       9224     518478   ELF Image Totals (compressed)
     71372       4974       1300        556          0          0   ROM Totals

==============================================================================

    Total RO  Size (Code + RO Data)                72672 (  70.97kB)
    Total RW  Size (RW Data + ZI Data)             10624 (  10.38kB)
    Total ROM Size (Code + RO Data + RW Data)      73228 (  71.51kB)

==============================================================================

