<html>
<body>
<pre>
<h1>礦ision Build Log</h1>
<h2>Tool Versions:</h2>
IDE-Version: μVision V5.23.0.0
Copyright (C) 2017 ARM Ltd and ARM Germany GmbH. All rights reserved.
License Information: li Microsoft, Microsoft, LIC=MGX74-FXNCV-MQR0F-6N1TW-BLK22-G3CLR
 
Tool Versions:
Toolchain:       MDK-ARM Professional  Version: 5.23
Toolchain Path:  D:\KeilV5\ARM\ARMCC\Bin
C Compiler:      Armcc.exe V5.06 update 4 (build 422)
Assembler:       Armasm.exe V5.06 update 4 (build 422)
Linker/Locator:  ArmLink.exe V5.06 update 4 (build 422)
Library Manager: ArmAr.exe V5.06 update 4 (build 422)
Hex Converter:   FromElf.exe V5.06 update 4 (build 422)
CPU DLL:         SARMCM3.DLL V5.23
Dialog DLL:      DCM.DLL V1.15.0.0
Target DLL:      Segger\JL2CM3.dll V2.99.23.0
Dialog DLL:      TCM.DLL V1.27.0.0
 
<h2>Project:</h2>
E:\项目\数显表\1.程序\72x72 3_多功能表\trunk\build\72_Multi.uvprojx
Project File Date:  10/21/2018

<h2>Output:</h2>
*** Using Compiler 'V5.06 update 4 (build 422)', folder: 'D:\KeilV5\ARM\ARMCC\Bin'
Build target 'LED_Mult_7_103'
compiling taskLedGUI.c...
..\src\User\Task\taskLedGUI.c(3185): warning:  #177-D: variable "TmpPf"  was declared but never referenced
      s16 TmpPf;
..\src\User\Task\taskLedGUI.c(3186): warning:  #177-D: variable "tmpInCharmode"  was declared but never referenced
      u8 tmpInCharmode[4];
..\src\User\Task\taskLedGUI.c(3187): warning:  #177-D: variable "tmpOutCharmode"  was declared but never referenced
      u8 tmpOutCharmode[4];
..\src\User\Task\taskLedGUI.c(461): warning:  #550-D: variable "g_bBlackLightEnble"  was set but never used
  static BOOL g_bBlackLightEnble = FALSE;  // 背光亮
..\src\User\Task\taskLedGUI.c: 4 warnings, 0 errors
linking...
Program Size: Code=61168 RO-data=1504 RW-data=1432 ZI-data=9304  
FromELF: creating hex file...
".\temp\72_LED_Mult_.axf" - 0 Error(s), 4 Warning(s).

<h2>Collection of Component include folders:</h2>
  .\RTE\_LED_Mult_7_103
  D:\KeilV5\ARM\PACK\Keil\STM32F1xx_DFP\1.0.5\Device\Include

<h2>Collection of Component Files used:</h2>
Build Time Elapsed:  00:00:03
</pre>
</body>
</html>
<SCRIPT Language=VBScript><!--

//--></SCRIPT>