<html>
<body>
<pre>
<h1>礦ision Build Log</h1>
<h2>Tool Versions:</h2>
IDE-Version: μVision V5.14.0.0
Copyright (C) 2015 ARM Ltd and ARM Germany GmbH. All rights reserved.
License Information: l l, l, LIC=R4HTG-VSHPE-34TST-RY8LU-Z9PMS-9JGYB
 
Tool Versions:
Toolchain:       MDK-ARM Professional  Version: 5.14.0.0
Toolchain Path:  d:\Keil_v5\ARM\ARMCC\Bin
C Compiler:      Armcc.exe V5.05 update 1 (build 106)
Assembler:       Armasm.exe V5.05 update 1 (build 106)
Linker/Locator:  ArmLink.exe V5.05 update 1 (build 106)
Library Manager: ArmAr.exe V5.05 update 1 (build 106)
Hex Converter:   FromElf.exe V5.05 update 1 (build 106)
CPU DLL:         SARMCM3.DLL V5.14.0.0
Dialog DLL:      DCM.DLL V1.13.1.0
Target DLL:      STLink\ST-LINKIII-KEIL_SWO.dll V2.0.14.0_KEIL
Dialog DLL:      TCM.DLL V1.14.4.0
 
<h2>Project:</h2>
E:\项目\数显表\数显表三相\多功能数显表F103\96x96 液晶\trunk\build\Ctrl_F_Prj.uvprojx
Project File Date:  11/03/2017

<h2>Output:</h2>
Build target 'D_F_LCD_PHASE_CUR'
compiling system_stm32f10x.c...
assembling startup_stm32f10x_md.s...
compiling taskPower.c...
compiling taskCom.c...
..\src\User\Task\taskCom.c(233): warning:  #550-D: variable "sg_QueryStatusAddr" was set but never used
  static u8 sg_QueryStatusAddr = ADDR_INVALID;  // 68协议查询地址
..\src\User\Task\taskCom.c(251): warning:  #550-D: variable "sg_CtrlIsCount" was set but never used
  static u32 sg_CtrlIsCount = 0;  // 被控自控自动切换
..\src\User\Task\taskCom.c(2007): warning:  #177-D: variable "sg_bPtl81SendEnable" was declared but never referenced
  static BOOL sg_bPtl81SendEnable = FALSE;
..\src\User\Task\taskCom.c: 3 warnings, 0 errors
compiling taskGUI.c...
compiling taskSVC.c...
..\src\User\Task\taskSVC.c(966): warning:  #550-D: variable "Is_Bef" was set but never used
        u32 Is_Bef, Is_Aft;
..\src\User\Task\taskSVC.c(966): warning:  #550-D: variable "Is_Aft" was set but never used
        u32 Is_Bef, Is_Aft;
..\src\User\Task\taskSVC.c: 2 warnings, 0 errors
compiling taskFactory.c...
compiling taskDevStatus.c...
compiling taskLedGUI.c...
compiling taskPtl.c...
compiling drvSerial.c...
compiling drvLCD.c...
compiling drvLED.c...
compiling sysMain.c...
compiling Bsp.c...
compiling stm32f10x_it.c...
compiling misc.c...
compiling stm32f10x_adc.c...
compiling stm32f10x_bkp.c...
compiling stm32f10x_can.c...
compiling stm32f10x_cec.c...
compiling stm32f10x_crc.c...
compiling stm32f10x_dac.c...
compiling stm32f10x_dbgmcu.c...
compiling stm32f10x_dma.c...
compiling stm32f10x_exti.c...
compiling stm32f10x_flash.c...
compiling stm32f10x_fsmc.c...
compiling stm32f10x_gpio.c...
compiling stm32f10x_i2c.c...
compiling stm32f10x_iwdg.c...
compiling stm32f10x_pwr.c...
compiling stm32f10x_rcc.c...
compiling stm32f10x_rtc.c...
compiling stm32f10x_sdio.c...
compiling stm32f10x_spi.c...
compiling stm32f10x_tim.c...
compiling stm32f10x_usart.c...
compiling stm32f10x_wwdg.c...
compiling MemDataOperate.c...
compiling pt.c...
compiling pt_buf.c...
compiling pt_critical.c...
compiling pt_sem.c...
compiling pt_timer.c...
linking...
Program Size: Code=61722 RO-data=2198 RW-data=748 ZI-data=9460  
FromELF: creating hex file...
".\temp\D_F_CtrlLCD_Phase.axf" - 0 Error(s), 5 Warning(s).

<h2>Collection of Component include folders:</h2>
  E:\项目\数显表\数显表三相\多功能数显表F103\96x96 液晶\trunk\build\RTE
  d:\Keil_v5\ARM\PACK\Keil\STM32F1xx_DFP\1.0.5\Device\Include

<h2>Collection of Component Files used:</h2>
</pre>
</body>
</html>
<SCRIPT Language=VBScript><!--

//--></SCRIPT>