Component: ARM Compiler 5.06 update 6 (build 750) Tool: armlink [4d35ed]

==============================================================================

Section Cross References

    system_stm32f10x.o(i.SetSysClock) refers to system_stm32f10x.o(i.SetSysClockTo72) for SetSysClockTo72
    system_stm32f10x.o(i.SystemCoreClockUpdate) refers to system_stm32f10x.o(.data) for .data
    system_stm32f10x.o(i.SystemInit) refers to system_stm32f10x.o(i.SetSysClock) for SetSysClock
    startup_stm32f10x_md.o(STACK) refers (Special) to heapauxi.o(.text) for __use_two_region_memory
    startup_stm32f10x_md.o(HEAP) refers (Special) to heapauxi.o(.text) for __use_two_region_memory
    startup_stm32f10x_md.o(RESET) refers (Special) to heapauxi.o(.text) for __use_two_region_memory
    startup_stm32f10x_md.o(RESET) refers to startup_stm32f10x_md.o(STACK) for __initial_sp
    startup_stm32f10x_md.o(RESET) refers to startup_stm32f10x_md.o(.text) for Reset_Handler
    startup_stm32f10x_md.o(RESET) refers to stm32f10x_it.o(i.NMI_Handler) for NMI_Handler
    startup_stm32f10x_md.o(RESET) refers to stm32f10x_it.o(i.HardFault_Handler) for HardFault_Handler
    startup_stm32f10x_md.o(RESET) refers to stm32f10x_it.o(i.SVC_Handler) for SVC_Handler
    startup_stm32f10x_md.o(RESET) refers to stm32f10x_it.o(i.PendSV_Handler) for PendSV_Handler
    startup_stm32f10x_md.o(RESET) refers to stm32f10x_it.o(i.SysTick_Handler) for SysTick_Handler
    startup_stm32f10x_md.o(RESET) refers to stm32f10x_it.o(i.DMA1_Channel1_IRQHandler) for DMA1_Channel1_IRQHandler
    startup_stm32f10x_md.o(RESET) refers to stm32f10x_it.o(i.TIM2_IRQHandler) for TIM2_IRQHandler
    startup_stm32f10x_md.o(RESET) refers to stm32f10x_it.o(i.TIM3_IRQHandler) for TIM3_IRQHandler
    startup_stm32f10x_md.o(RESET) refers to stm32f10x_it.o(i.USART1_IRQHandler) for USART1_IRQHandler
    startup_stm32f10x_md.o(.text) refers (Special) to heapauxi.o(.text) for __use_two_region_memory
    startup_stm32f10x_md.o(.text) refers to system_stm32f10x.o(i.SystemInit) for SystemInit
    startup_stm32f10x_md.o(.text) refers to __main.o(!!!main) for __main
    startup_stm32f10x_md.o(.text) refers to startup_stm32f10x_md.o(HEAP) for Heap_Mem
    startup_stm32f10x_md.o(.text) refers to startup_stm32f10x_md.o(STACK) for Stack_Mem
    taskgui.o(i.CharToNumber) refers to taskgui.o(.bss) for .bss
    taskgui.o(i.CharToNumber) refers to taskgui.o(.constdata) for .constdata
    taskgui.o(i.CharToNumber) refers to taskgui.o(.data) for .data
    taskgui.o(i.DispBitChar) refers to taskgui.o(.bss) for .bss
    taskgui.o(i.DispChar) refers to taskgui.o(.bss) for .bss
    taskgui.o(i.DispHarmonicContent) refers to bsp_lcd.o(i.HT_WriteValue) for HT_WriteValue
    taskgui.o(i.DispHarmonicContent) refers to fdiv.o(x$fpl$fdiv) for __aeabi_fdiv
    taskgui.o(i.DispHarmonicContent) refers to ffixu.o(x$fpl$ffixu) for __aeabi_f2uiz
    taskgui.o(i.DispHarmonicContent) refers to taskgui.o(i.DispValue) for DispValue
    taskgui.o(i.DispHarmonicContent) refers to bsp_lcd.o(i.HT_WriteUnit) for HT_WriteUnit
    taskgui.o(i.DispHarmonicContent) refers to bsp_lcd.o(i.HT_WritePhase) for HT_WritePhase
    taskgui.o(i.DispHarmonicContent) refers to bsp_lcd.o(i.HT_Write4Value) for HT_Write4Value
    taskgui.o(i.DispHarmonicContent) refers to bsp_lcd.o(i.HT_WritePhaseDouble) for HT_WritePhaseDouble
    taskgui.o(i.DispHarmonicContent) refers to bsp_rn8302b.o(.bss) for HarmonicData
    taskgui.o(i.DispHarmonicContent) refers to taskgui.o(.data) for .data
    taskgui.o(i.DispHarmonicContent) refers to param.o(.bss) for g_tParam
    taskgui.o(i.DispMenu_Main) refers to bsp_lcd.o(i.HT_WriteValue) for HT_WriteValue
    taskgui.o(i.DispMenu_Main) refers to ffixu.o(x$fpl$ffixu) for __aeabi_f2uiz
    taskgui.o(i.DispMenu_Main) refers to dflt_clz.o(x$fpl$dfltu) for __aeabi_ui2d
    taskgui.o(i.DispMenu_Main) refers to dmul.o(x$fpl$dmul) for __aeabi_dmul
    taskgui.o(i.DispMenu_Main) refers to dfix.o(x$fpl$dfix) for __aeabi_d2iz
    taskgui.o(i.DispMenu_Main) refers to taskgui.o(i.DispValueVoltage) for DispValueVoltage
    taskgui.o(i.DispMenu_Main) refers to bsp_lcd.o(i.HT_WriteUnit) for HT_WriteUnit
    taskgui.o(i.DispMenu_Main) refers to bsp_lcd.o(i.HT_WritePhase) for HT_WritePhase
    taskgui.o(i.DispMenu_Main) refers to f2d.o(x$fpl$f2d) for __aeabi_f2d
    taskgui.o(i.DispMenu_Main) refers to bsp_lcd.o(i.HT_WriteSum) for HT_WriteSum
    taskgui.o(i.DispMenu_Main) refers to bsp_lcd.o(i.HT_WritePhaseDouble) for HT_WritePhaseDouble
    taskgui.o(i.DispMenu_Main) refers to taskgui.o(.data) for .data
    taskgui.o(i.DispMenu_Main) refers to taskprotect.o(.data) for g_OverCurr
    taskgui.o(i.DispMenu_Main) refers to param.o(.bss) for ElectricEnergy
    taskgui.o(i.DispMenu_Main) refers to param.o(.bss) for g_tParam
    taskgui.o(i.DispMenu_Main) refers to bsp_rn8302b.o(.bss) for vg_Power_Val
    taskgui.o(i.DispMenu_Main) refers to taskgui.o(i.DispValueCurrent) for DispValueCurrent
[...]
    InitRNParam                              0x0800add1   Thumb Code    18  param.o(i.InitRNParam)
    InitRNParamToZero                        0x0800ade3   Thumb Code    18  param.o(i.InitRNParamToZero)
    InitRNParam_Phase                        0x0800adf5   Thumb Code    48  param.o(i.InitRNParam_Phase)
    InitRNParam_PhaseToZero                  0x0800ae2d   Thumb Code    42  param.o(i.InitRNParam_PhaseToZero)
    JudgeSetNewValue                         0x0800ae61   Thumb Code    38  taskgui.o(i.JudgeSetNewValue)
    KG_CancelJudge                           0x0800ae87   Thumb Code    14  taskprotect.o(i.KG_CancelJudge)
    KG_JudgeOverHappen                       0x0800ae95   Thumb Code    86  taskprotect.o(i.KG_JudgeOverHappen)
    KG_ProtectHappen                         0x0800aef1   Thumb Code    56  taskprotect.o(i.KG_ProtectHappen)
    KG_ProtectRtn                            0x0800af29   Thumb Code    50  taskprotect.o(i.KG_ProtectRtn)
    KeyDiff                                  0x0800af5d   Thumb Code    80  taskgui.o(i.KeyDiff)
    KeyStatus                                0x0800afb1   Thumb Code    74  taskgui.o(i.KeyStatus)
    LCD_Update_screen_T                      0x0800b005   Thumb Code    70  bsp_lcd.o(i.LCD_Update_screen_T)
    Lcd_Update_screen                        0x0800b04d   Thumb Code   124  bsp_lcd.o(i.Lcd_Update_screen)
    LineCalcFunc                             0x0800b0d1   Thumb Code   508  bsp_rn8302b.o(i.LineCalcFunc)
    LoadParam                                0x0800b2dd   Thumb Code     4  param.o(i.LoadParam)
    MSRS232_CRC                              0x0800b2e1   Thumb Code    26  taskrs232.o(i.MSRS232_CRC)
    MemData_CmpParam                         0x0800b2fb   Thumb Code    28  memdataoperate.o(i.MemData_CmpParam)
    MemData_CmpParamType                     0x0800b317   Thumb Code   430  memdataoperate.o(i.MemData_CmpParamType)
    MemData_Crc                              0x0800b4c5   Thumb Code    22  memdataoperate.o(i.MemData_Crc)
    MemData_ReadParam                        0x0800b4dd   Thumb Code    64  memdataoperate.o(i.MemData_ReadParam)
    MemData_WriteParam                       0x0800b525   Thumb Code    58  memdataoperate.o(i.MemData_WriteParam)
    MemData_Write_To_Flash                   0x0800b569   Thumb Code    90  memdataoperate.o(i.MemData_Write_To_Flash)
    Modbus_IRQHandler                        0x0800b5c3   Thumb Code    18  sch.o(i.Modbus_IRQHandler)
    Modebus_Init_T                           0x0800b5d5   Thumb Code    64  sch.o(i.Modebus_Init_T)
    MyI2C_GPIO_IN_Config                     0x0800b615   Thumb Code    30  drvfram.o(i.MyI2C_GPIO_IN_Config)
    MyI2C_GPIO_Out_Config                    0x0800b639   Thumb Code    30  drvfram.o(i.MyI2C_GPIO_Out_Config)
    MyI2C_ReceiveByte                        0x0800b65d   Thumb Code   100  drvfram.o(i.MyI2C_ReceiveByte)
    MyI2C_SendByte                           0x0800b6c5   Thumb Code    90  drvfram.o(i.MyI2C_SendByte)
    MyI2C_Start                              0x0800b725   Thumb Code    34  drvfram.o(i.MyI2C_Start)
    MyI2C_Stop                               0x0800b74d   Thumb Code    26  drvfram.o(i.MyI2C_Stop)
    NMI_Handler                              0x0800b76d   Thumb Code     2  stm32f10x_it.o(i.NMI_Handler)
    NVIC_Configuration                       0x0800b76f   Thumb Code    90  bsp.o(i.NVIC_Configuration)
    NVIC_Init                                0x0800b7c9   Thumb Code    96  misc.o(i.NVIC_Init)
    NVIC_PriorityGroupConfig                 0x0800b82d   Thumb Code    10  misc.o(i.NVIC_PriorityGroupConfig)
    OneKeyStaus                              0x0800b841   Thumb Code   134  taskgui.o(i.OneKeyStaus)
    OutHandler_First                         0x0800b8cd   Thumb Code  2268  taskextra.o(i.OutHandler_First)
    OutHandler_Second                        0x0800c1a9   Thumb Code  2268  taskextra.o(i.OutHandler_Second)
    OutStatus                                0x0800ca85   Thumb Code    50  taskextra.o(i.OutStatus)
    PT_TimerDelay                            0x0800cac1   Thumb Code    26  pt_timer.o(i.PT_TimerDelay)
    PT_TimerDiff                             0x0800cadb   Thumb Code    22  pt_timer.o(i.PT_TimerDiff)
    PT_TimerGet                              0x0800caf1   Thumb Code     6  pt_timer.o(i.PT_TimerGet)
    PT_TimerIncrement                        0x0800cafd   Thumb Code    10  pt_timer.o(i.PT_TimerIncrement)
    PendSV_Handler                           0x0800cb0d   Thumb Code     2  stm32f10x_it.o(i.PendSV_Handler)
    Protect_AutoProc                         0x0800cb11   Thumb Code   256  taskprotect.o(i.Protect_AutoProc)
    PwmPercentOutput_First                   0x0800cc3d   Thumb Code   756  taskextra.o(i.PwmPercentOutput_First)
    PwmPercentOutput_Second                  0x0800cf4d   Thumb Code   750  taskextra.o(i.PwmPercentOutput_Second)
    RCC_AHBPeriphClockCmd                    0x0800d259   Thumb Code    22  stm32f10x_rcc.o(i.RCC_AHBPeriphClockCmd)
    RCC_APB1PeriphClockCmd                   0x0800d275   Thumb Code    22  stm32f10x_rcc.o(i.RCC_APB1PeriphClockCmd)
    RCC_APB1PeriphResetCmd                   0x0800d291   Thumb Code    22  stm32f10x_rcc.o(i.RCC_APB1PeriphResetCmd)
    RCC_APB2PeriphClockCmd                   0x0800d2ad   Thumb Code    22  stm32f10x_rcc.o(i.RCC_APB2PeriphClockCmd)
    RCC_APB2PeriphResetCmd                   0x0800d2c9   Thumb Code    22  stm32f10x_rcc.o(i.RCC_APB2PeriphResetCmd)
    RCC_Configuration                        0x0800d2e5   Thumb Code    32  bsp.o(i.RCC_Configuration)
    RCC_GetClocksFreq                        0x0800d309   Thumb Code   154  stm32f10x_rcc.o(i.RCC_GetClocksFreq)
    RN8032_Adjust                            0x0800d3b5   Thumb Code   648  bsp_rn8302b.o(i.RN8032_Adjust)
    RN8032_Adjust_Angle                      0x0800d655   Thumb Code   478  bsp_rn8302b.o(i.RN8032_Adjust_Angle)
    RN8032_Adjust_I                          0x0800d861   Thumb Code   156  bsp_rn8302b.o(i.RN8032_Adjust_I)
    RN8032_Adjust_Section_I                  0x0800d911   Thumb Code   184  bsp_rn8302b.o(i.RN8032_Adjust_Section_I)
    RN8032_Adjust_U                          0x0800d9d1   Thumb Code   156  bsp_rn8302b.o(i.RN8032_Adjust_U)
    RN8032_Updata                            0x0800da81   Thumb Code  5282  bsp_rn8302b.o(i.RN8032_Updata)
    RN8302InitAdjust                         0x0800f185   Thumb Code   196  bsp_rn8302b.o(i.RN8302InitAdjust)
    RN8302RDBUFF                             0x0800f319   Thumb Code   208  bsp_rn8302b.o(i.RN8302RDBUFF)
    Reset_Screen                             0x0800f6b9   Thumb Code    26  bsp_lcd.o(i.Reset_Screen)
    SCH_Add_Task                             0x0800f6d9   Thumb Code    58  sch.o(i.SCH_Add_Task)
    SCH_Delete_Task                          0x0800f719   Thumb Code    26  sch.o(i.SCH_Delete_Task)
    SCH_Init_T                               0x0800f739   Thumb Code    60  sch.o(i.SCH_Init_T)
    SCH_RUN_Tasks                            0x0800f779   Thumb Code    50  sch.o(i.SCH_RUN_Tasks)
    SCH_Start                                0x0800f7b1   Thumb Code    26  sch.o(i.SCH_Start)
    SERIAL_IRQHandler                        0x0800f7d1   Thumb Code   112  drvserial.o(i.SERIAL_IRQHandler)
    SIGNAL_IRQHandler                        0x0800f845   Thumb Code    98  sch.o(i.SIGNAL_IRQHandler)
    SVC_Handler                              0x0800f8b5   Thumb Code     2  stm32f10x_it.o(i.SVC_Handler)
    SampleDataModifyF                        0x0800f8b9   Thumb Code    90  bsp_rn8302b.o(i.SampleDataModifyF)
    SaveParam                                0x0800f919   Thumb Code     4  param.o(i.SaveParam)
    SetPT_CT                                 0x0800f91d   Thumb Code   308  taskgui.o(i.SetPT_CT)
    Spi_RN8302_ReadByte                      0x0800fb0d   Thumb Code    62  bsp_rn8302b.o(i.Spi_RN8302_ReadByte)
    Spi_RN8302_SendByte                      0x0800fb51   Thumb Code    70  bsp_rn8302b.o(i.Spi_RN8302_SendByte)
    SysTick_CLKSourceConfig                  0x0800fb9d   Thumb Code    28  misc.o(i.SysTick_CLKSourceConfig)
    SysTick_Configuration                    0x0800fbb9   Thumb Code    66  bsp.o(i.SysTick_Configuration)
    SysTick_Handler                          0x0800fc05   Thumb Code    14  stm32f10x_it.o(i.SysTick_Handler)
    SystemInit                               0x0800fc15   Thumb Code    64  system_stm32f10x.o(i.SystemInit)
    TIM2_IRQHandler                          0x0800fc65   Thumb Code     4  stm32f10x_it.o(i.TIM2_IRQHandler)
    TIM3_IRQHandler                          0x0800fc69   Thumb Code     4  stm32f10x_it.o(i.TIM3_IRQHandler)
    TIM_ARRPreloadConfig                     0x0800fc6d   Thumb Code    24  stm32f10x_tim.o(i.TIM_ARRPreloadConfig)
    TIM_ClearFlag                            0x0800fc85   Thumb Code     6  stm32f10x_tim.o(i.TIM_ClearFlag)
    TIM_ClearITPendingBit                    0x0800fc8b   Thumb Code     6  stm32f10x_tim.o(i.TIM_ClearITPendingBit)
    TIM_Cmd                                  0x0800fc91   Thumb Code    24  stm32f10x_tim.o(i.TIM_Cmd)
    TIM_CtrlPWMOutputs                       0x0800fca9   Thumb Code    28  stm32f10x_tim.o(i.TIM_CtrlPWMOutputs)
    TIM_DeInit                               0x0800fcc5   Thumb Code   464  stm32f10x_tim.o(i.TIM_DeInit)
    TIM_GetITStatus                          0x0800fed5   Thumb Code    24  stm32f10x_tim.o(i.TIM_GetITStatus)
    TIM_ITConfig                             0x0800feed   Thumb Code    20  stm32f10x_tim.o(i.TIM_ITConfig)
    TIM_OC3Init                              0x0800ff01   Thumb Code   124  stm32f10x_tim.o(i.TIM_OC3Init)
    TIM_OC3PreloadConfig                     0x0800ff85   Thumb Code    12  stm32f10x_tim.o(i.TIM_OC3PreloadConfig)
    TIM_OC4Init                              0x0800ff91   Thumb Code    94  stm32f10x_tim.o(i.TIM_OC4Init)
    TIM_OC4PreloadConfig                     0x0800fff9   Thumb Code    20  stm32f10x_tim.o(i.TIM_OC4PreloadConfig)
    TIM_PWM_Configuration                    0x0801000d   Thumb Code   206  bsp.o(i.TIM_PWM_Configuration)
    TIM_SetCompare3                          0x080100f1   Thumb Code     4  stm32f10x_tim.o(i.TIM_SetCompare3)
    TIM_SetCompare4                          0x080100f5   Thumb Code     6  stm32f10x_tim.o(i.TIM_SetCompare4)
    TIM_TimeBaseInit                         0x080100fd   Thumb Code   114  stm32f10x_tim.o(i.TIM_TimeBaseInit)
    Task_Extra_Function                      0x08010199   Thumb Code    46  taskextra.o(i.Task_Extra_Function)
    Task_GUI_Function                        0x080101cd   Thumb Code    40  taskgui.o(i.Task_GUI_Function)
    Task_GUI_init                            0x08010201   Thumb Code    32  taskgui.o(i.Task_GUI_init)
    Task_Power_Function                      0x08010221   Thumb Code    18  bsp_rn8302b.o(i.Task_Power_Function)
    Task_Protect_Function                    0x08010233   Thumb Code     4  taskprotect.o(i.Task_Protect_Function)
    Task_RS232_Function                      0x08010237   Thumb Code     4  taskrs232.o(i.Task_RS232_Function)
    Task_RS232_init                          0x0801023d   Thumb Code    32  taskrs232.o(i.Task_RS232_init)
    Task_Timer_Function                      0x08010265   Thumb Code    14  taskgui.o(i.Task_Timer_Function)
    UASRT_StopSend                           0x08010275   Thumb Code    12  drvserial.o(i.UASRT_StopSend)
    USART1_IRQHandler                        0x08010285   Thumb Code     4  stm32f10x_it.o(i.USART1_IRQHandler)
    USART_ClearFlag                          0x08010289   Thumb Code     8  stm32f10x_usart.o(i.USART_ClearFlag)
    USART_ClearITPendingBit                  0x08010291   Thumb Code    16  stm32f10x_usart.o(i.USART_ClearITPendingBit)
    USART_ClockInit                          0x080102a1   Thumb Code    30  stm32f10x_usart.o(i.USART_ClockInit)
    USART_Cmd                                0x080102bf   Thumb Code    24  stm32f10x_usart.o(i.USART_Cmd)
    USART_Configuration                      0x080102d9   Thumb Code   302  bsp.o(i.USART_Configuration)
    USART_DMACmd                             0x08010419   Thumb Code    20  stm32f10x_usart.o(i.USART_DMACmd)
    USART_DMAReConfig                        0x0801042d   Thumb Code    62  bsp.o(i.USART_DMAReConfig)
    USART_GetFlagStatus                      0x08010479   Thumb Code    14  stm32f10x_usart.o(i.USART_GetFlagStatus)
    USART_GetITStatus                        0x08010487   Thumb Code    64  stm32f10x_usart.o(i.USART_GetITStatus)
    USART_GetRxBufData                       0x080104c9   Thumb Code    26  drvserial.o(i.USART_GetRxBufData)
    USART_GetRxBufLen                        0x080104ed   Thumb Code    28  drvserial.o(i.USART_GetRxBufLen)
    USART_GetRxString                        0x0801050d   Thumb Code    38  drvserial.o(i.USART_GetRxString)
    USART_GetTxBufData                       0x08010535   Thumb Code    26  drvserial.o(i.USART_GetTxBufData)
    USART_ITConfig                           0x08010559   Thumb Code    54  stm32f10x_usart.o(i.USART_ITConfig)
    USART_Init                               0x08010591   Thumb Code   182  stm32f10x_usart.o(i.USART_Init)
    USART_IsDataInTxBuf                      0x0801064d   Thumb Code    18  drvserial.o(i.USART_IsDataInTxBuf)
    USART_PutDatatoRxBuf                     0x08010665   Thumb Code    18  drvserial.o(i.USART_PutDatatoRxBuf)
    USART_ReceiveData                        0x08010681   Thumb Code     8  stm32f10x_usart.o(i.USART_ReceiveData)
    USART_SendData                           0x08010689   Thumb Code     8  stm32f10x_usart.o(i.USART_SendData)
    UpdataOrSetValue                         0x08010691   Thumb Code   318  taskgui.o(i.UpdataOrSetValue)
    UpdataSetValue                           0x080107d9   Thumb Code   232  taskgui.o(i.UpdataSetValue)
    WriteRNParam                             0x080108c9   Thumb Code   240  param.o(i.WriteRNParam)
    __ARM_fpclassify                         0x080109bd   Thumb Code    40  fpclassify.o(i.__ARM_fpclassify)
    __ieee754_rem_pio2                       0x080109e5   Thumb Code   828  rred.o(i.__ieee754_rem_pio2)
    __kernel_cos                             0x08010d6d   Thumb Code   230  cos_i.o(i.__kernel_cos)
    __kernel_poly                            0x08010e69   Thumb Code   170  poly.o(i.__kernel_poly)
    __kernel_sin                             0x08010f15   Thumb Code   224  sin_i.o(i.__kernel_sin)
    __mathlib_dbl_infnan                     0x08011001   Thumb Code     6  dunder.o(i.__mathlib_dbl_infnan)
    __mathlib_dbl_invalid                    0x08011007   Thumb Code    12  dunder.o(i.__mathlib_dbl_invalid)
    __mathlib_dbl_underflow                  0x08011015   Thumb Code    10  dunder.o(i.__mathlib_dbl_underflow)
    asin                                     0x08011025   Thumb Code   572  asin.o(i.asin)
    bsp_InitRN8023                           0x08011295   Thumb Code     4  bsp_rn8302b.o(i.bsp_InitRN8023)
    cos                                      0x08011299   Thumb Code   148  cos.o(i.cos)
    delay_us                                 0x08011335   Thumb Code    12  drvfram.o(i.delay_us)
    fnDl645Fft_DataCmp                       0x08011341   Thumb Code   150  bsp_rn8302b.o(i.fnDl645Fft_DataCmp)
    fnDl645Fft_Harmonic_Exec                 0x080113e5   Thumb Code   450  bsp_rn8302b.o(i.fnDl645Fft_Harmonic_Exec)
    main                                     0x080115c9   Thumb Code   132  sysmain.o(i.main)
    nus_delay                                0x08011669   Thumb Code    20  pt_timer.o(i.nus_delay)
    sin                                      0x0801167d   Thumb Code   150  sin.o(i.sin)
    spi_nop                                  0x0801171d   Thumb Code    12  bsp_rn8302b.o(i.spi_nop)
    sqrt                                     0x08011729   Thumb Code    76  sqrt.o(i.sqrt)
    sqrt_64fixed                             0x08011775   Thumb Code    64  bsp_rn8302b.o(i.sqrt_64fixed)
    svc_Protect_CancelJudge                  0x080117b5   Thumb Code    14  taskextra.o(i.svc_Protect_CancelJudge)
    svc_Protect_ProtectHappen                0x080117c3   Thumb Code    56  taskextra.o(i.svc_Protect_ProtectHappen)
    svc_Protect_ProtectRtn                   0x080117fb   Thumb Code    50  taskextra.o(i.svc_Protect_ProtectRtn)
    usMBCRC16                                0x0801182d   Thumb Code    38  taskrs232.o(i.usMBCRC16)
    vMSRS232_Analysis                        0x08011859   Thumb Code   142  taskrs232.o(i.vMSRS232_Analysis)
    vMSRS232_Query_Adjust                    0x080118f1   Thumb Code    18  taskrs232.o(i.vMSRS232_Query_Adjust)
    vMSRS232_Query_Param                     0x0801190d   Thumb Code    14  taskrs232.o(i.vMSRS232_Query_Param)
    vMSRS232_Query_Power                     0x08011925   Thumb Code    18  taskrs232.o(i.vMSRS232_Query_Power)
    vMSRS232_RxProtocol                      0x08011941   Thumb Code   680  taskrs232.o(i.vMSRS232_RxProtocol)
    vMSRS232_SetFrameData                    0x08011bf5   Thumb Code    86  taskrs232.o(i.vMSRS232_SetFrameData)
    vMSRS232_Set_Adjust                      0x08011c51   Thumb Code   420  taskrs232.o(i.vMSRS232_Set_Adjust)
    vMSRS232_Set_Param                       0x08011dfd   Thumb Code     2  taskrs232.o(i.vMSRS232_Set_Param)
    vModeBusRtu_Analysis                     0x08011e01   Thumb Code   370  taskrs232.o(i.vModeBusRtu_Analysis)
    vModeBus_Query_CTRL                      0x08011f99   Thumb Code   206  taskrs232.o(i.vModeBus_Query_CTRL)
    vModeBus_Query_Primary                   0x08012071   Thumb Code    94  taskrs232.o(i.vModeBus_Query_Primary)
    vModeBus_Query_Secondary                 0x080120d9   Thumb Code    32  taskrs232.o(i.vModeBus_Query_Secondary)
    vModeBus_Query_THD                       0x080120fd   Thumb Code   268  taskrs232.o(i.vModeBus_Query_THD)
    vModeBus_SetFrameData                    0x08012219   Thumb Code   374  taskrs232.o(i.vModeBus_SetFrameData)
    vModeBus_Set_Ctrl_Parm                   0x08012395   Thumb Code   990  taskrs232.o(i.vModeBus_Set_Ctrl_Parm)
    vModeBus_Set_Multi_Relay                 0x08012789   Thumb Code    60  taskrs232.o(i.vModeBus_Set_Multi_Relay)
    vModeBus_Set_Relay                       0x080127d1   Thumb Code    40  taskrs232.o(i.vModeBus_Set_Relay)
    __aeabi_d2f                              0x08012805   Thumb Code     0  d2f.o(x$fpl$d2f)
    _d2f                                     0x08012805   Thumb Code    98  d2f.o(x$fpl$d2f)
    __aeabi_dadd                             0x08012869   Thumb Code     0  daddsub_clz.o(x$fpl$dadd)
    _dadd                                    0x08012869   Thumb Code   332  daddsub_clz.o(x$fpl$dadd)
    __fpl_dcheck_NaN1                        0x080129b9   Thumb Code    10  dcheck1.o(x$fpl$dcheck1)
    __aeabi_ddiv                             0x080129c9   Thumb Code     0  ddiv.o(x$fpl$ddiv)
    _ddiv                                    0x080129c9   Thumb Code   552  ddiv.o(x$fpl$ddiv)
    __aeabi_d2iz                             0x08012c79   Thumb Code     0  dfix.o(x$fpl$dfix)
    _dfix                                    0x08012c79   Thumb Code    94  dfix.o(x$fpl$dfix)
    __aeabi_d2uiz                            0x08012cd9   Thumb Code     0  dfixu.o(x$fpl$dfixu)
    _dfixu                                   0x08012cd9   Thumb Code    90  dfixu.o(x$fpl$dfixu)
    __aeabi_i2d                              0x08012d33   Thumb Code     0  dflt_clz.o(x$fpl$dflt)
    _dflt                                    0x08012d33   Thumb Code    46  dflt_clz.o(x$fpl$dflt)
    __aeabi_l2d                              0x08012d61   Thumb Code     0  dfltll_clz.o(x$fpl$dfltll)
    _ll_sto_d                                0x08012d61   Thumb Code   162  dfltll_clz.o(x$fpl$dfltll)
    __aeabi_ui2d                             0x08012e03   Thumb Code     0  dflt_clz.o(x$fpl$dfltu)
    _dfltu                                   0x08012e03   Thumb Code    38  dflt_clz.o(x$fpl$dfltu)
    __aeabi_ul2d                             0x08012e29   Thumb Code     0  dfltll_clz.o(x$fpl$dfltull)
    _ll_uto_d                                0x08012e29   Thumb Code   138  dfltll_clz.o(x$fpl$dfltull)
    __aeabi_dmul                             0x08012eb5   Thumb Code     0  dmul.o(x$fpl$dmul)
    _dmul                                    0x08012eb5   Thumb Code   332  dmul.o(x$fpl$dmul)
    __fpl_dnaninf                            0x08013009   Thumb Code   156  dnaninf.o(x$fpl$dnaninf)
    __fpl_dretinf                            0x080130a5   Thumb Code    12  dretinf.o(x$fpl$dretinf)
    __aeabi_drsub                            0x080130b1   Thumb Code     0  daddsub_clz.o(x$fpl$drsb)
    _drsb                                    0x080130b1   Thumb Code    22  daddsub_clz.o(x$fpl$drsb)
    _dsqrt                                   0x080130c9   Thumb Code   456  dsqrt_noumaal.o(x$fpl$dsqrt)
    __aeabi_dsub                             0x08013295   Thumb Code     0  daddsub_clz.o(x$fpl$dsub)
    _dsub                                    0x08013295   Thumb Code   464  daddsub_clz.o(x$fpl$dsub)
    __aeabi_f2d                              0x08013469   Thumb Code     0  f2d.o(x$fpl$f2d)
    _f2d                                     0x08013469   Thumb Code    86  f2d.o(x$fpl$f2d)
    __aeabi_fadd                             0x080134c1   Thumb Code     0  faddsub_clz.o(x$fpl$fadd)
    _fadd                                    0x080134c1   Thumb Code   196  faddsub_clz.o(x$fpl$fadd)
    __fpl_fcheck_NaN1                        0x08013585   Thumb Code     6  fcheck1.o(x$fpl$fcheck1)
    __fpl_fcmp_Inf                           0x08013591   Thumb Code    24  fcmpi.o(x$fpl$fcmpinf)
    __aeabi_fdiv                             0x080135a9   Thumb Code     0  fdiv.o(x$fpl$fdiv)
    _fdiv                                    0x080135a9   Thumb Code   384  fdiv.o(x$fpl$fdiv)
    __aeabi_f2iz                             0x0801372d   Thumb Code     0  ffix.o(x$fpl$ffix)
    _ffix                                    0x0801372d   Thumb Code    54  ffix.o(x$fpl$ffix)
    __aeabi_f2uiz                            0x08013765   Thumb Code     0  ffixu.o(x$fpl$ffixu)
    _ffixu                                   0x08013765   Thumb Code    62  ffixu.o(x$fpl$ffixu)
    __aeabi_i2f                              0x080137a5   Thumb Code     0  fflt_clz.o(x$fpl$fflt)
    _fflt                                    0x080137a5   Thumb Code    48  fflt_clz.o(x$fpl$fflt)
    __aeabi_ul2f                             0x080137d5   Thumb Code     0  ffltll_clz.o(x$fpl$ffltll)
    _ll_uto_f                                0x080137d5   Thumb Code     6  ffltll_clz.o(x$fpl$ffltll)
    __aeabi_l2f                              0x080137db   Thumb Code     0  ffltll_clz.o(x$fpl$ffltll)
    _ll_sto_f                                0x080137db   Thumb Code    90  ffltll_clz.o(x$fpl$ffltll)
    __aeabi_ui2f                             0x08013835   Thumb Code     0  fflt_clz.o(x$fpl$ffltu)
    _ffltu                                   0x08013835   Thumb Code    38  fflt_clz.o(x$fpl$ffltu)
    __aeabi_cfcmple                          0x0801385d   Thumb Code     0  fleqf.o(x$fpl$fleqf)
    _fcmple                                  0x0801385d   Thumb Code   104  fleqf.o(x$fpl$fleqf)
    __fpl_fcmple_InfNaN                      0x080138af   Thumb Code     0  fleqf.o(x$fpl$fleqf)
    __aeabi_fmul                             0x080138c5   Thumb Code     0  fmul.o(x$fpl$fmul)
    _fmul                                    0x080138c5   Thumb Code   258  fmul.o(x$fpl$fmul)
    __fpl_fnaninf                            0x080139c7   Thumb Code   140  fnaninf.o(x$fpl$fnaninf)
    __fpl_fretinf                            0x08013a53   Thumb Code    10  fretinf.o(x$fpl$fretinf)
    __aeabi_cfrcmple                         0x08013a5d   Thumb Code     0  frleqf.o(x$fpl$frleqf)
    _frcmple                                 0x08013a5d   Thumb Code    98  frleqf.o(x$fpl$frleqf)
    __aeabi_frsub                            0x08013abf   Thumb Code     0  faddsub_clz.o(x$fpl$frsb)
    _frsb                                    0x08013abf   Thumb Code    20  faddsub_clz.o(x$fpl$frsb)
    __aeabi_fsub                             0x08013ad5   Thumb Code     0  faddsub_clz.o(x$fpl$fsub)
    _fsub                                    0x08013ad5   Thumb Code   234  faddsub_clz.o(x$fpl$fsub)
    __aeabi_d2lz                             0x08013bc1   Thumb Code     0  dfixll.o(x$fpl$llsfromd)
    _ll_sfrom_d                              0x08013bc1   Thumb Code   194  dfixll.o(x$fpl$llsfromd)
    __aeabi_f2lz                             0x08013c85   Thumb Code     0  ffixll.o(x$fpl$llsfromf)
    _ll_sfrom_f                              0x08013c85   Thumb Code   134  ffixll.o(x$fpl$llsfromf)
    __aeabi_d2ulz                            0x08013d0d   Thumb Code     0  dfixull.o(x$fpl$llufromd)
    _ll_ufrom_d                              0x08013d0d   Thumb Code   120  dfixull.o(x$fpl$llufromd)
    __aeabi_f2ulz                            0x08013d85   Thumb Code     0  ffixull.o(x$fpl$llufromf)
    _ll_ufrom_f                              0x08013d85   Thumb Code    92  ffixull.o(x$fpl$llufromf)
    __fpl_return_NaN                         0x08013de1   Thumb Code   100  retnan.o(x$fpl$retnan)
    __ARM_scalbn                             0x08013e45   Thumb Code    92  scalbn.o(x$fpl$scalbn)
    __ARM_scalbnf                            0x08013ea1   Thumb Code    76  scalbnf.o(x$fpl$scalbnf)
    __fpl_cmpreturn                          0x08013eed   Thumb Code    48  trapv.o(x$fpl$trapveneer)
    __I$use$fp                               0x08013f1c   Number         0  usenofp.o(x$fpl$usenofp)
    cg_CharToNum                             0x08013f1c   Data           8  taskgui.o(.constdata)
    Key_Tab                                  0x08013f24   Data          96  taskgui.o(.constdata)
    g_16_BIT                                 0x08014184   Data          32  taskrs232.o(.constdata)
    LCD_COM_OUTS                             0x080141a4   Data           2  bsp_lcd.o(.constdata)
    LCD_PIN_OUTS                             0x080141a6   Data           2  bsp_lcd.o(.constdata)
    LCD_COM_OUT_On                           0x080141a8   Data           2  bsp_lcd.o(.constdata)
    LCD_COM_OUT_Off                          0x080141aa   Data           2  bsp_lcd.o(.constdata)
    LCD_PIN_OUT_On                           0x080141ac   Data           2  bsp_lcd.o(.constdata)
    LCD_PIN_OUT_Off                          0x080141ae   Data           2  bsp_lcd.o(.constdata)
    LCD_COM_Row0_DotValue                    0x080141b0   Data           3  bsp_lcd.o(.constdata)
    LCD_COM_Row1_DotValue                    0x080141b3   Data           3  bsp_lcd.o(.constdata)
    LCD_COM_Row2_DotValue                    0x080141b6   Data           3  bsp_lcd.o(.constdata)
    LCD_COM_Row3_DotValue                    0x080141b9   Data           3  bsp_lcd.o(.constdata)
    LCD_COM_Phase                            0x080141bc   Data           3  bsp_lcd.o(.constdata)
    LCD_PIN_Phase                            0x080141bf   Data           3  bsp_lcd.o(.constdata)
    LCD_COM_PhaseD                           0x080141c2   Data           3  bsp_lcd.o(.constdata)
    LCD_PIN_PhaseD                           0x080141c5   Data           3  bsp_lcd.o(.constdata)
    LCD_PIN_UNIT3                            0x080141c8   Data           3  bsp_lcd.o(.constdata)
    LCD_COM_LedPhase                         0x080141cb   Data           3  bsp_lcd.o(.constdata)
    LCD_PIN_LedPhase                         0x080141ce   Data           3  bsp_lcd.o(.constdata)
    LCD_COM_NegaSign                         0x080141d1   Data           4  bsp_lcd.o(.constdata)
    LCD_PIN_NegaSign                         0x080141d5   Data           4  bsp_lcd.o(.constdata)
    LCD_COM_Sum                              0x080141d9   Data           4  bsp_lcd.o(.constdata)
    LCD_PIN_Sum                              0x080141dd   Data           4  bsp_lcd.o(.constdata)
    LCD_COM_ClearLeft                        0x080141e1   Data           4  bsp_lcd.o(.constdata)
    LCD_PIN_ClearLeft                        0x080141e5   Data           4  bsp_lcd.o(.constdata)
    LCD_PIN_UNIT0                            0x080141e9   Data           4  bsp_lcd.o(.constdata)
    LCD_PIN_UNIT1                            0x080141ed   Data           4  bsp_lcd.o(.constdata)
    LCD_PIN_UNIT2                            0x080141f1   Data           4  bsp_lcd.o(.constdata)
    LCD_COM_INS                              0x080141f5   Data           4  bsp_lcd.o(.constdata)
    LCD_PIN_INS                              0x080141f9   Data           4  bsp_lcd.o(.constdata)
    LCD_COM_IN_On                            0x080141fd   Data           4  bsp_lcd.o(.constdata)
    LCD_COM_IN_Off                           0x08014201   Data           4  bsp_lcd.o(.constdata)
    LCD_PIN_IN_On                            0x08014205   Data           4  bsp_lcd.o(.constdata)
    LCD_PIN_IN_Off                           0x08014209   Data           4  bsp_lcd.o(.constdata)
    LCD_COM_FourQ                            0x0801420d   Data           4  bsp_lcd.o(.constdata)
    LCD_PIN_FourQ                            0x08014211   Data           4  bsp_lcd.o(.constdata)
    LCD_COM_CapType                          0x08014215   Data           4  bsp_lcd.o(.constdata)
    LCD_PIN_CapType                          0x08014219   Data           4  bsp_lcd.o(.constdata)
    LCD_COM_Ctrl                             0x0801421d   Data           5  bsp_lcd.o(.constdata)
    LCD_PIN_Ctrl                             0x08014222   Data           5  bsp_lcd.o(.constdata)
    LCD_COM_TimeDot                          0x08014227   Data           6  bsp_lcd.o(.constdata)
    LCD_PIN_TimeDot                          0x0801422d   Data           6  bsp_lcd.o(.constdata)
    LCD_COM_Sys                              0x08014233   Data           6  bsp_lcd.o(.constdata)
    LCD_PIN_Sys                              0x08014239   Data           6  bsp_lcd.o(.constdata)
    LCD_COM_Row0_Value                       0x0801423f   Data         148  bsp_lcd.o(.constdata)
    LCD_COM_Row12_Value                      0x080142d3   Data          64  bsp_lcd.o(.constdata)
    LCD_COM_Row3_Value                       0x08014313   Data          48  bsp_lcd.o(.constdata)
    LCD_COM_UNIT0                            0x08014343   Data          84  bsp_lcd.o(.constdata)
    LCD_COM_UNIT1                            0x08014397   Data          84  bsp_lcd.o(.constdata)
    LCD_COM_UNIT2                            0x080143eb   Data          84  bsp_lcd.o(.constdata)
    LCD_COM_UNIT3                            0x0801443f   Data           9  bsp_lcd.o(.constdata)
    LCD_COM_Norm                             0x08014448   Data          11  bsp_lcd.o(.constdata)
    LCD_PIN_Norm                             0x08014453   Data          11  bsp_lcd.o(.constdata)
    LCD_COM_Set                              0x0801445e   Data           9  bsp_lcd.o(.constdata)
    LCD_PIN_Set                              0x08014467   Data           9  bsp_lcd.o(.constdata)
    LCD_COM_Prt                              0x08014470   Data          11  bsp_lcd.o(.constdata)
    LCD_PIN_Prt                              0x0801447b   Data          11  bsp_lcd.o(.constdata)
    LCD_COM_LedAddr                          0x08014486   Data          30  bsp_lcd.o(.constdata)
    LCD_PIN_LedAddr                          0x080144a4   Data          30  bsp_lcd.o(.constdata)
    Fftcoefficient                           0x080144c4   Data         200  bsp_rn8302b.o(.constdata)
    Point_Num                                0x0801458c   Data           8  param.o(.constdata)
    Region$$Table$$Base                      0x08014708   Number         0  anon$$obj.o(Region$$Table)
    Region$$Table$$Limit                     0x08014728   Number         0  anon$$obj.o(Region$$Table)
    SystemCoreClock                          0x20000000   Data           4  system_stm32f10x.o(.data)
    AHBPrescTable                            0x20000004   Data          16  system_stm32f10x.o(.data)
    DispMode                                 0x20000015   Data           1  taskgui.o(.data)
    g_fftEnable                              0x20000025   Data           1  taskgui.o(.data)
    g_AoOutEnable                            0x20000026   Data           1  taskgui.o(.data)
    g_HarmIEnable                            0x20000027   Data           1  taskgui.o(.data)
    Leve_1_DispNUM                           0x2000004a   Data           2  taskgui.o(.data)
    Disp_Focus                               0x2000004c   Data           2  taskgui.o(.data)
    DispPT_Focus                             0x2000004e   Data           2  taskgui.o(.data)
    DispCT_Focus                             0x20000050   Data           2  taskgui.o(.data)
    g_Key_Status                             0x20000074   Data           4  taskgui.o(.data)
    KeyFuncPtr                               0x20000078   Data           4  taskgui.o(.data)
    DinStatus_Disp                           0x20000094   Data           1  taskextra.o(.data)
    OutStatus_Disp                           0x20000095   Data           1  taskextra.o(.data)
    RemOutCtrl                               0x20000096   Data           1  taskextra.o(.data)
    g_Din_BIT                                0x20000097   Data           2  taskextra.o(.data)
    g_Din_Status                             0x20000099   Data           2  taskextra.o(.data)
    g_Out_Status                             0x2000009b   Data           2  taskextra.o(.data)
    g_OverCurr                               0x2000009d   Data           3  taskprotect.o(.data)
    USART_Rx_Head                            0x200000a8   Data           4  drvserial.o(.data)
    USART_Rx_Tail                            0x200000ac   Data           4  drvserial.o(.data)
    USART_Tx_Head                            0x200000b0   Data           4  drvserial.o(.data)
    USART_Tx_Tail                            0x200000b4   Data           4  drvserial.o(.data)
    EnCont                                   0x200000b8   Data           1  bsp_rn8302b.o(.data)
    CheckSum                                 0x200000bc   Data           4  bsp_rn8302b.o(.data)
    IbAngletmp                               0x200000c0   Data           4  bsp_rn8302b.o(.data)
    Umax                                     0x200000c4   Data           4  bsp_rn8302b.o(.data)
    Umin                                     0x200000c8   Data           4  bsp_rn8302b.o(.data)
    Imax                                     0x200000cc   Data           4  bsp_rn8302b.o(.data)
    Imin                                     0x200000d0   Data           4  bsp_rn8302b.o(.data)
    Fullwave_data                            0x200000d4   Data         312  bsp_rn8302b.o(.data)
    Fundwave_data                            0x2000020c   Data         304  bsp_rn8302b.o(.data)
    CFG_StatusREG                            0x2000033c   Data         552  bsp_rn8302b.o(.data)
    FourQuadtand                             0x20000564   Data           1  param.o(.data)
    TimerPeriod                              0x20000566   Data           2  bsp.o(.data)
    Channel1Pulse                            0x20000568   Data           2  bsp.o(.data)
    Channel2Pulse                            0x2000056a   Data           2  bsp.o(.data)
    TTimer_ticks                             0x20000580   Data           4  pt_timer.o(.data)
    g_IWDGCount                              0x20000584   Data           2  sch.o(.data)
    vg_Display_Value                         0x20000595   Data          16  taskgui.o(.bss)
    g_svcProtectState                        0x200005a8   Data         600  taskextra.o(.bss)
    g_KGProtectState                         0x20000800   Data          24  taskprotect.o(.bss)
    sg_TxPack                                0x20000818   Data         138  taskrs232.o(.bss)
    sg_RxPack                                0x200008a2   Data          74  taskrs232.o(.bss)
    rtu_TxPack                               0x200008ec   Data         142  taskrs232.o(.bss)
    rtu_RxPack                               0x2000097a   Data          76  taskrs232.o(.bss)
    USART_RX_Buf                             0x200009c6   Data         128  drvserial.o(.bss)
    USART_TX_Buf                             0x20000a46   Data         128  drvserial.o(.bss)
    g_Display_Data                           0x20000ac6   Data          92  bsp_lcd.o(.bss)
    sg_Display_Data_Back                     0x20000b22   Data          92  bsp_lcd.o(.bss)
    vg_Power_Val                             0x20000b94   Data         216  bsp_rn8302b.o(.bss)
    vg_Power2_Val                            0x20000c6c   Data         248  bsp_rn8302b.o(.bss)
    vg_Read_Val                              0x20000d64   Data          60  bsp_rn8302b.o(.bss)
    Phase_U                                  0x20000da0   Data          12  bsp_rn8302b.o(.bss)
    Phase_I                                  0x20000dac   Data          12  bsp_rn8302b.o(.bss)
    Harmonictemp                             0x20000db8   Data         398  bsp_rn8302b.o(.bss)
    HarmonicData                             0x20000f48   Data        2272  bsp_rn8302b.o(.bss)
    sin_tab                                  0x20001828   Data         512  bsp_rn8302b.o(.bss)
    cos_tab                                  0x20001a28   Data         512  bsp_rn8302b.o(.bss)
    RtuPrimaryData                           0x20001c28   Data         144  param.o(.bss)
    RtuPrimaryDataTmp                        0x20001cb8   Data         144  param.o(.bss)
    RtuSecondaryData                         0x20001d48   Data         384  param.o(.bss)
    RtuTHDData                               0x20001ec8   Data         204  param.o(.bss)
    RtuCTRLData                              0x20001f94   Data         128  param.o(.bss)
    RtuCTRLDataTemp                          0x20002014   Data         128  param.o(.bss)
    ElectricEnergy                           0x20002094   Data          16  param.o(.bss)
    g_tParam                                 0x200020a4   Data         180  param.o(.bss)
    DispCtrlParam                            0x20002158   Data          80  param.o(.bss)
    USART_DMA_InitStructure                  0x200021a8   Data          44  bsp.o(.bss)
    TIM_TimeBaseStructure                    0x200021d4   Data          10  bsp.o(.bss)
    TIM_OCInitStructure                      0x200021de   Data          16  bsp.o(.bss)
    SCH_tasks_G                              0x200021f0   Data          72  sch.o(.bss)
    __libspace_start                         0x20002238   Data          96  libspace.o(.bss)
    __temporary_stack_top$libspace           0x20002298   Data           0  libspace.o(.bss)



==============================================================================

Memory Map of the image

  Image Entry point : 0x080000ed

  Load Region LR_IROM1 (Base: 0x08000000, Size: 0x00014cb0, Max: 0x00020000, ABSOLUTE, COMPRESSED[0x00014958])

    Execution Region ER_IROM1 (Exec base: 0x08000000, Load base: 0x08000000, Size: 0x00014728, Max: 0x00020000, ABSOLUTE)

    Exec Addr    Load Addr    Size         Type   Attr      Idx    E Section Name        Object

    0x08000000   0x08000000   0x000000ec   Data   RO          100    RESET               startup_stm32f10x_md.o
    0x080000ec   0x080000ec   0x00000008   Code   RO         4947  * !!!main             c_w.l(__main.o)
    0x080000f4   0x080000f4   0x00000034   Code   RO         5302    !!!scatter          c_w.l(__scatter.o)
    0x08000128   0x08000128   0x0000005a   Code   RO         5300    !!dczerorl2         c_w.l(__dczerorl2.o)
    0x08000182   0x08000182   0x00000002   PAD
    0x08000184   0x08000184   0x0000001c   Code   RO         5304    !!handler_zi        c_w.l(__scatter_zi.o)
    0x080001a0   0x080001a0   0x00000002   Code   RO         5167    .ARM.Collect$$libinit$$00000000  c_w.l(libinit.o)
    0x080001a2   0x080001a2   0x00000000   Code   RO         5177    .ARM.Collect$$libinit$$00000002  c_w.l(libinit2.o)
    0x080001a2   0x080001a2   0x00000000   Code   RO         5179    .ARM.Collect$$libinit$$00000004  c_w.l(libinit2.o)
    0x080001a2   0x080001a2   0x00000000   Code   RO         5182    .ARM.Collect$$libinit$$0000000A  c_w.l(libinit2.o)
    0x080001a2   0x080001a2   0x00000000   Code   RO         5184    .ARM.Collect$$libinit$$0000000C  c_w.l(libinit2.o)
    0x080001a2   0x080001a2   0x00000000   Code   RO         5186    .ARM.Collect$$libinit$$0000000E  c_w.l(libinit2.o)
    0x080001a2   0x080001a2   0x00000000   Code   RO         5189    .ARM.Collect$$libinit$$00000011  c_w.l(libinit2.o)
    0x080001a2   0x080001a2   0x00000000   Code   RO         5191    .ARM.Collect$$libinit$$00000013  c_w.l(libinit2.o)
    0x080001a2   0x080001a2   0x00000000   Code   RO         5193    .ARM.Collect$$libinit$$00000015  c_w.l(libinit2.o)
    0x080001a2   0x080001a2   0x00000000   Code   RO         5195    .ARM.Collect$$libinit$$00000017  c_w.l(libinit2.o)
    0x080001a2   0x080001a2   0x00000000   Code   RO         5197    .ARM.Collect$$libinit$$00000019  c_w.l(libinit2.o)
    0x080001a2   0x080001a2   0x00000000   Code   RO         5199    .ARM.Collect$$libinit$$0000001B  c_w.l(libinit2.o)
    0x080001a2   0x080001a2   0x00000000   Code   RO         5201    .ARM.Collect$$libinit$$0000001D  c_w.l(libinit2.o)
    0x080001a2   0x080001a2   0x00000000   Code   RO         5203    .ARM.Collect$$libinit$$0000001F  c_w.l(libinit2.o)
    0x080001a2   0x080001a2   0x00000000   Code   RO         5205    .ARM.Collect$$libinit$$00000021  c_w.l(libinit2.o)
    0x080001a2   0x080001a2   0x00000000   Code   RO         5207    .ARM.Collect$$libinit$$00000023  c_w.l(libinit2.o)
    0x080001a2   0x080001a2   0x00000000   Code   RO         5209    .ARM.Collect$$libinit$$00000025  c_w.l(libinit2.o)
    0x080001a2   0x080001a2   0x00000000   Code   RO         5213    .ARM.Collect$$libinit$$0000002C  c_w.l(libinit2.o)
    0x080001a2   0x080001a2   0x00000000   Code   RO         5215    .ARM.Collect$$libinit$$0000002E  c_w.l(libinit2.o)
    0x080001a2   0x080001a2   0x00000000   Code   RO         5217    .ARM.Collect$$libinit$$00000030  c_w.l(libinit2.o)
    0x080001a2   0x080001a2   0x00000000   Code   RO         5219    .ARM.Collect$$libinit$$00000032  c_w.l(libinit2.o)
    0x080001a2   0x080001a2   0x00000002   Code   RO         5220    .ARM.Collect$$libinit$$00000033  c_w.l(libinit2.o)
    0x080001a4   0x080001a4   0x00000002   Code   RO         5250    .ARM.Collect$$libshutdown$$00000000  c_w.l(libshutdown.o)
    0x080001a6   0x080001a6   0x00000000   Code   RO         5267    .ARM.Collect$$libshutdown$$00000002  c_w.l(libshutdown2.o)
    0x080001a6   0x080001a6   0x00000000   Code   RO         5269    .ARM.Collect$$libshutdown$$00000004  c_w.l(libshutdown2.o)
    0x080001a6   0x080001a6   0x00000000   Code   RO         5272    .ARM.Collect$$libshutdown$$00000007  c_w.l(libshutdown2.o)
    0x080001a6   0x080001a6   0x00000000   Code   RO         5275    .ARM.Collect$$libshutdown$$0000000A  c_w.l(libshutdown2.o)
    0x080001a6   0x080001a6   0x00000000   Code   RO         5277    .ARM.Collect$$libshutdown$$0000000C  c_w.l(libshutdown2.o)
    0x080001a6   0x080001a6   0x00000000   Code   RO         5280    .ARM.Collect$$libshutdown$$0000000F  c_w.l(libshutdown2.o)
    0x080001a6   0x080001a6   0x00000002   Code   RO         5281    .ARM.Collect$$libshutdown$$00000010  c_w.l(libshutdown2.o)
    0x080001a8   0x080001a8   0x00000000   Code   RO         5069    .ARM.Collect$$rtentry$$00000000  c_w.l(__rtentry.o)
    0x080001a8   0x080001a8   0x00000000   Code   RO         5126    .ARM.Collect$$rtentry$$00000002  c_w.l(__rtentry2.o)
    0x080001a8   0x080001a8   0x00000006   Code   RO         5138    .ARM.Collect$$rtentry$$00000004  c_w.l(__rtentry4.o)
    0x080001ae   0x080001ae   0x00000000   Code   RO         5128    .ARM.Collect$$rtentry$$00000009  c_w.l(__rtentry2.o)
    0x080001ae   0x080001ae   0x00000004   Code   RO         5129    .ARM.Collect$$rtentry$$0000000A  c_w.l(__rtentry2.o)
    0x080001b2   0x080001b2   0x00000000   Code   RO         5131    .ARM.Collect$$rtentry$$0000000C  c_w.l(__rtentry2.o)
    0x080001b2   0x080001b2   0x00000008   Code   RO         5132    .ARM.Collect$$rtentry$$0000000D  c_w.l(__rtentry2.o)
    0x080001ba   0x080001ba   0x00000002   Code   RO         5170    .ARM.Collect$$rtexit$$00000000  c_w.l(rtexit.o)
    0x080001bc   0x080001bc   0x00000000   Code   RO         5222    .ARM.Collect$$rtexit$$00000002  c_w.l(rtexit2.o)
    0x080001bc   0x080001bc   0x00000004   Code   RO         5223    .ARM.Collect$$rtexit$$00000003  c_w.l(rtexit2.o)
    0x080001c0   0x080001c0   0x00000006   Code   RO         5224    .ARM.Collect$$rtexit$$00000004  c_w.l(rtexit2.o)
    0x080001c6   0x080001c6   0x00000002   PAD
    0x080001c8   0x080001c8   0x00000040   Code   RO          101    .text               startup_stm32f10x_md.o
    0x08000208   0x08000208   0x00000048   Code   RO         4933    .text               c_w.l(llsdiv.o)
    0x08000250   0x08000250   0x0000008a   Code   RO         4935    .text               c_w.l(rt_memcpy_v6.o)
    0x080002da   0x080002da   0x00000064   Code   RO         4937    .text               c_w.l(rt_memcpy_w.o)
    0x0800033e   0x0800033e   0x00000010   Code   RO         4939    .text               c_w.l(aeabi_memset.o)
    0x0800034e   0x0800034e   0x00000044   Code   RO         4941    .text               c_w.l(rt_memclr.o)
    0x08000392   0x08000392   0x0000004e   Code   RO         4943    .text               c_w.l(rt_memclr_w.o)
    0x080003e0   0x080003e0   0x00000006   Code   RO         4945    .text               c_w.l(heapauxi.o)
    0x080003e6   0x080003e6   0x000000ee   Code   RO         5070    .text               c_w.l(lludivv7m.o)
    0x080004d4   0x080004d4   0x00000016   Code   RO         5072    .text               c_w.l(_rserrno.o)
    0x080004ea   0x080004ea   0x00000002   PAD
    0x080004ec   0x080004ec   0x00000008   Code   RO         5147    .text               c_w.l(rt_errno_addr_intlibspace.o)
    0x080004f4   0x080004f4   0x00000008   Code   RO         5153    .text               c_w.l(libspace.o)
    0x080004fc   0x080004fc   0x0000004a   Code   RO         5156    .text               c_w.l(sys_stackheap_outer.o)
    0x08000546   0x08000546   0x00000012   Code   RO         5160    .text               c_w.l(exit.o)
    0x08000558   0x08000558   0x0000000c   Code   RO         5238    .text               c_w.l(sys_exit.o)
    0x08000564   0x08000564   0x00000002   Code   RO         5255    .text               c_w.l(use_no_semi.o)
    0x08000566   0x08000566   0x00000000   Code   RO         5257    .text               c_w.l(indicate_semi.o)
    0x08000566   0x08000566   0x0000008e   Code   RO          636    i.Ao_Item_Judge     taskrs232.o
    0x080005f4   0x080005f4   0x0000001e   Code   RO         1489    i.Bsp_Init          bsp.o
    0x08000612   0x08000612   0x00000002   PAD
    0x08000614   0x08000614   0x00000038   Code   RO          116    i.CharToNumber      taskgui.o
    0x0800064c   0x0800064c   0x00000018   Code   RO         1563    i.DMA1_Channel1_IRQHandler  stm32f10x_it.o
    0x08000664   0x08000664   0x00000018   Code   RO         2395    i.DMA_ClearITPendingBit  stm32f10x_dma.o
    0x0800067c   0x0800067c   0x0000001a   Code   RO         2396    i.DMA_Cmd           stm32f10x_dma.o
    0x08000696   0x08000696   0x00000002   PAD
    0x08000698   0x08000698   0x000000f8   Code   RO         2397    i.DMA_DeInit        stm32f10x_dma.o
    0x08000790   0x08000790   0x00000024   Code   RO         2400    i.DMA_GetITStatus   stm32f10x_dma.o
    0x080007b4   0x080007b4   0x0000003a   Code   RO         2402    i.DMA_Init          stm32f10x_dma.o
    0x080007ee   0x080007ee   0x00000002   PAD
    0x080007f0   0x080007f0   0x0000005c   Code   RO          495    i.Ddi_Protect_JudgeLowProtectHappen  taskextra.o
    0x0800084c   0x0800084c   0x0000005c   Code   RO          496    i.Ddi_Protect_JudgeOverProtectHappen  taskextra.o
    0x080008a8   0x080008a8   0x00000058   Code   RO          497    i.DinStatus         taskextra.o
    0x08000900   0x08000900   0x000002b0   Code   RO          119    i.DispHarmonicContent  taskgui.o
    0x08000bb0   0x08000bb0   0x0000199c   Code   RO          120    i.DispMenu_Main     taskgui.o
    0x0800254c   0x0800254c   0x00000074   Code   RO          121    i.DispMenu_Menu1    taskgui.o
    0x080025c0   0x080025c0   0x00000100   Code   RO          122    i.DispMenu_Menu2    taskgui.o
    0x080026c0   0x080026c0   0x00002840   Code   RO          123    i.DispMenu_Menu3    taskgui.o
    0x08004f00   0x08004f00   0x00000070   Code   RO          124    i.DispMenu_MenuCode  taskgui.o
    0x08004f70   0x08004f70   0x00000050   Code   RO          125    i.DispMenu_MenuCodeErr  taskgui.o
    0x08004fc0   0x08004fc0   0x00000080   Code   RO          126    i.DispMenu_MenuSave  taskgui.o
    0x08005040   0x08005040   0x0000250e   Code   RO          127    i.DispMenu_MenuValue  taskgui.o
    0x0800754e   0x0800754e   0x00000002   PAD
    0x08007550   0x08007550   0x00000148   Code   RO          128    i.DispSetCT         taskgui.o
    0x08007698   0x08007698   0x00000148   Code   RO          129    i.DispSetPT         taskgui.o
    0x080077e0   0x080077e0   0x00000238   Code   RO          130    i.DispValue         taskgui.o
    0x08007a18   0x08007a18   0x000002b4   Code   RO          131    i.DispValueCurrent  taskgui.o
    0x08007ccc   0x08007ccc   0x00000148   Code   RO          132    i.DispValueEnergy   taskgui.o
    0x08007e14   0x08007e14   0x000006e8   Code   RO          133    i.DispValuePower    taskgui.o
    0x080084fc   0x080084fc   0x000002b4   Code   RO          134    i.DispValueVoltage  taskgui.o
    0x080087b0   0x080087b0   0x00000006   Code   RO          135    i.Disp_IO_Status    taskgui.o
    0x080087b6   0x080087b6   0x0000017a   Code   RO          637    i.Do_Item_Judge     taskrs232.o
    0x08008930   0x08008930   0x00000002   Code   RO         1490    i.EXTI_Configuration  bsp.o
    0x08008932   0x08008932   0x00000002   PAD
    0x08008934   0x08008934   0x000001b8   Code   RO         1139    i.FFT               bsp_rn8302b.o
    0x08008aec   0x08008aec   0x0000000c   Code   RO         2520    i.FLASH_ClearFlag   stm32f10x_flash.o
    0x08008af8   0x08008af8   0x0000003c   Code   RO         2525    i.FLASH_ErasePage   stm32f10x_flash.o
    0x08008b34   0x08008b34   0x00000028   Code   RO         2526    i.FLASH_GetBank1Status  stm32f10x_flash.o
    0x08008b5c   0x08008b5c   0x00000010   Code   RO         2535    i.FLASH_Lock        stm32f10x_flash.o
    0x08008b6c   0x08008b6c   0x0000005c   Code   RO         2540    i.FLASH_ProgramWord  stm32f10x_flash.o
    0x08008bc8   0x08008bc8   0x00000018   Code   RO         2543    i.FLASH_Unlock      stm32f10x_flash.o
    0x08008be0   0x08008be0   0x00000020   Code   RO         2547    i.FLASH_WaitForLastOperation  stm32f10x_flash.o
    0x08008c00   0x08008c00   0x00000078   Code   RO         1317    i.FRAM_I2C_ReadData  drvfram.o
    0x08008c78   0x08008c78   0x00000050   Code   RO         1318    i.FRAM_I2C_WriteData  drvfram.o
    0x08008cc8   0x08008cc8   0x00000048   Code   RO         1319    i.FRAM_ReadData     drvfram.o
    0x08008d10   0x08008d10   0x00000054   Code   RO         1320    i.FRAM_WriteData    drvfram.o
    0x08008d64   0x08008d64   0x00000016   Code   RO         1321    i.FramData_Crc      drvfram.o
    0x08008d7a   0x08008d7a   0x00000002   PAD
    0x08008d7c   0x08008d7c   0x00000200   Code   RO         1491    i.GPIO_Configuration  bsp.o
    0x08008f7c   0x08008f7c   0x000000a6   Code   RO         2820    i.GPIO_Init         stm32f10x_gpio.o
    0x08009022   0x08009022   0x00000002   PAD
    0x08009024   0x08009024   0x0000005c   Code   RO         2822    i.GPIO_PinRemapConfig  stm32f10x_gpio.o
    0x08009080   0x08009080   0x0000000e   Code   RO         2824    i.GPIO_ReadInputDataBit  stm32f10x_gpio.o
    0x0800908e   0x0800908e   0x00000004   Code   RO         2827    i.GPIO_ResetBits    stm32f10x_gpio.o
    0x08009092   0x08009092   0x00000004   Code   RO         2828    i.GPIO_SetBits      stm32f10x_gpio.o
    0x08009096   0x08009096   0x00000002   PAD
    0x08009098   0x08009098   0x00000090   Code   RO          137    i.GUI_Key_Default   taskgui.o
    0x08009128   0x08009128   0x000003b4   Code   RO          138    i.GUI_Key_Down      taskgui.o
    0x080094dc   0x080094dc   0x000000a8   Code   RO          139    i.GUI_Key_Menu      taskgui.o
    0x08009584   0x08009584   0x0000002c   Code   RO          140    i.GUI_Key_MenuLong  taskgui.o
    0x080095b0   0x080095b0   0x000001a8   Code   RO          141    i.GUI_Key_Ok        taskgui.o
    0x08009758   0x08009758   0x000003bc   Code   RO          142    i.GUI_Key_Up        taskgui.o
    0x08009b14   0x08009b14   0x00000074   Code   RO          143    i.GUI_Main          taskgui.o
    0x08009b88   0x08009b88   0x00000274   Code   RO          145    i.GUI_Timer_On      taskgui.o
    0x08009dfc   0x08009dfc   0x000003b4   Code   RO          146    i.GetSetNewValue    taskgui.o
    0x0800a1b0   0x0800a1b0   0x000001e0   Code   RO          147    i.GetSetOldValue    taskgui.o
    0x0800a390   0x0800a390   0x0000002c   Code   RO          892    i.HT_ClearLeftSign  bsp_lcd.o
    0x0800a3bc   0x0800a3bc   0x00000074   Code   RO          893    i.HT_ClearRightSign  bsp_lcd.o
    0x0800a430   0x0800a430   0x0000000a   Code   RO          894    i.HT_I2C_delay      bsp_lcd.o
    0x0800a43a   0x0800a43a   0x00000002   PAD
    0x0800a43c   0x0800a43c   0x0000007c   Code   RO          895    i.HT_Init           bsp_lcd.o
    0x0800a4b8   0x0800a4b8   0x0000001c   Code   RO          896    i.HT_LedStatus      bsp_lcd.o
    0x0800a4d4   0x0800a4d4   0x00000058   Code   RO          897    i.HT_SendBit        bsp_lcd.o
    0x0800a52c   0x0800a52c   0x0000003c   Code   RO          898    i.HT_SendCmd        bsp_lcd.o
    0x0800a568   0x0800a568   0x00000036   Code   RO          901    i.HT_Write4Value    bsp_lcd.o
    0x0800a59e   0x0800a59e   0x00000002   PAD
    0x0800a5a0   0x0800a5a0   0x00000038   Code   RO          905    i.HT_WriteData      bsp_lcd.o
    0x0800a5d8   0x0800a5d8   0x000000e4   Code   RO          906    i.HT_WriteDot       bsp_lcd.o
    0x0800a6bc   0x0800a6bc   0x00000028   Code   RO          910    i.HT_WriteNegative  bsp_lcd.o
    0x0800a6e4   0x0800a6e4   0x00000060   Code   RO          913    i.HT_WritePhase     bsp_lcd.o
    0x0800a744   0x0800a744   0x00000060   Code   RO          914    i.HT_WritePhaseDouble  bsp_lcd.o
    0x0800a7a4   0x0800a7a4   0x00000028   Code   RO          917    i.HT_WriteSum       bsp_lcd.o
    0x0800a7cc   0x0800a7cc   0x000001cc   Code   RO          921    i.HT_WriteUnit      bsp_lcd.o
    0x0800a998   0x0800a998   0x0000020c   Code   RO          922    i.HT_WriteValue     bsp_lcd.o
    0x0800aba4   0x0800aba4   0x00000090   Code   RO          923    i.HT_Write_Four_Quadrant  bsp_lcd.o
    0x0800ac34   0x0800ac34   0x0000008c   Code   RO          924    i.HT_Write_IO_Frame  bsp_lcd.o
    0x0800acc0   0x0800acc0   0x00000002   Code   RO         1566    i.HardFault_Handler  stm32f10x_it.o
    0x0800acc2   0x0800acc2   0x00000002   PAD
    0x0800acc4   0x0800acc4   0x000000a8   Code   RO         1395    i.InitCtrlParam     param.o
    0x0800ad6c   0x0800ad6c   0x00000064   Code   RO         1140    i.InitForFFT        bsp_rn8302b.o
    0x0800add0   0x0800add0   0x00000012   Code   RO         1396    i.InitRNParam       param.o
    0x0800ade2   0x0800ade2   0x00000012   Code   RO         1397    i.InitRNParamToZero  param.o
    0x0800adf4   0x0800adf4   0x00000038   Code   RO         1398    i.InitRNParam_Phase  param.o
    0x0800ae2c   0x0800ae2c   0x00000034   Code   RO         1399    i.InitRNParam_PhaseToZero  param.o
    0x0800ae60   0x0800ae60   0x00000026   Code   RO          149    i.JudgeSetNewValue  taskgui.o
    0x0800ae86   0x0800ae86   0x0000000e   Code   RO          587    i.KG_CancelJudge    taskprotect.o
    0x0800ae94   0x0800ae94   0x0000005c   Code   RO          588    i.KG_JudgeOverHappen  taskprotect.o
    0x0800aef0   0x0800aef0   0x00000038   Code   RO          589    i.KG_ProtectHappen  taskprotect.o
    0x0800af28   0x0800af28   0x00000032   Code   RO          590    i.KG_ProtectRtn     taskprotect.o
    0x0800af5a   0x0800af5a   0x00000002   PAD
    0x0800af5c   0x0800af5c   0x00000054   Code   RO          150    i.KeyDiff           taskgui.o
    0x0800afb0   0x0800afb0   0x00000054   Code   RO          151    i.KeyStatus         taskgui.o
    0x0800b004   0x0800b004   0x00000046   Code   RO          926    i.LCD_Update_screen_T  bsp_lcd.o
    0x0800b04a   0x0800b04a   0x00000002   PAD
    0x0800b04c   0x0800b04c   0x00000084   Code   RO          927    i.Lcd_Update_screen  bsp_lcd.o
    0x0800b0d0   0x0800b0d0   0x0000020c   Code   RO         1141    i.LineCalcFunc      bsp_rn8302b.o
    0x0800b2dc   0x0800b2dc   0x00000004   Code   RO         1400    i.LoadParam         param.o
    0x0800b2e0   0x0800b2e0   0x0000001a   Code   RO          638    i.MSRS232_CRC       taskrs232.o
    0x0800b2fa   0x0800b2fa   0x0000001c   Code   RO         4643    i.MemData_CmpParam  memdataoperate.o
    0x0800b316   0x0800b316   0x000001ae   Code   RO         4644    i.MemData_CmpParamType  memdataoperate.o
    0x0800b4c4   0x0800b4c4   0x00000016   Code   RO         4645    i.MemData_Crc       memdataoperate.o
    0x0800b4da   0x0800b4da   0x00000002   PAD
    0x0800b4dc   0x0800b4dc   0x00000048   Code   RO         4650    i.MemData_ReadParam  memdataoperate.o
    0x0800b524   0x0800b524   0x00000044   Code   RO         4653    i.MemData_WriteParam  memdataoperate.o
    0x0800b568   0x0800b568   0x0000005a   Code   RO         4654    i.MemData_Write_To_Flash  memdataoperate.o
    0x0800b5c2   0x0800b5c2   0x00000012   Code   RO         4873    i.Modbus_IRQHandler  sch.o
    0x0800b5d4   0x0800b5d4   0x00000040   Code   RO         4874    i.Modebus_Init_T    sch.o
    0x0800b614   0x0800b614   0x00000024   Code   RO         1322    i.MyI2C_GPIO_IN_Config  drvfram.o
    0x0800b638   0x0800b638   0x00000024   Code   RO         1323    i.MyI2C_GPIO_Out_Config  drvfram.o
    0x0800b65c   0x0800b65c   0x00000068   Code   RO         1324    i.MyI2C_ReceiveByte  drvfram.o
    0x0800b6c4   0x0800b6c4   0x00000060   Code   RO         1325    i.MyI2C_SendByte    drvfram.o
    0x0800b724   0x0800b724   0x00000028   Code   RO         1326    i.MyI2C_Start       drvfram.o
    0x0800b74c   0x0800b74c   0x00000020   Code   RO         1327    i.MyI2C_Stop        drvfram.o
    0x0800b76c   0x0800b76c   0x00000002   Code   RO         1567    i.NMI_Handler       stm32f10x_it.o
    0x0800b76e   0x0800b76e   0x0000005a   Code   RO         1493    i.NVIC_Configuration  bsp.o
    0x0800b7c8   0x0800b7c8   0x00000064   Code   RO         1654    i.NVIC_Init         misc.o
    0x0800b82c   0x0800b82c   0x00000014   Code   RO         1655    i.NVIC_PriorityGroupConfig  misc.o
    0x0800b840   0x0800b840   0x0000008c   Code   RO          152    i.OneKeyStaus       taskgui.o
    0x0800b8cc   0x0800b8cc   0x000008dc   Code   RO          498    i.OutHandler_First  taskextra.o
    0x0800c1a8   0x0800c1a8   0x000008dc   Code   RO          499    i.OutHandler_Second  taskextra.o
    0x0800ca84   0x0800ca84   0x0000003c   Code   RO          500    i.OutStatus         taskextra.o
    0x0800cac0   0x0800cac0   0x0000001a   Code   RO         4819    i.PT_TimerDelay     pt_timer.o
    0x0800cada   0x0800cada   0x00000016   Code   RO         4820    i.PT_TimerDiff      pt_timer.o
    0x0800caf0   0x0800caf0   0x0000000c   Code   RO         4822    i.PT_TimerGet       pt_timer.o
    0x0800cafc   0x0800cafc   0x00000010   Code   RO         4823    i.PT_TimerIncrement  pt_timer.o
    0x0800cb0c   0x0800cb0c   0x00000002   Code   RO         1568    i.PendSV_Handler    stm32f10x_it.o
    0x0800cb0e   0x0800cb0e   0x00000002   PAD
    0x0800cb10   0x0800cb10   0x0000012c   Code   RO          591    i.Protect_AutoProc  taskprotect.o
    0x0800cc3c   0x0800cc3c   0x00000310   Code   RO          501    i.PwmPercentOutput_First  taskextra.o
    0x0800cf4c   0x0800cf4c   0x0000030c   Code   RO          502    i.PwmPercentOutput_Second  taskextra.o
    0x0800d258   0x0800d258   0x0000001c   Code   RO         3238    i.RCC_AHBPeriphClockCmd  stm32f10x_rcc.o
    0x0800d274   0x0800d274   0x0000001c   Code   RO         3239    i.RCC_APB1PeriphClockCmd  stm32f10x_rcc.o
    0x0800d290   0x0800d290   0x0000001c   Code   RO         3240    i.RCC_APB1PeriphResetCmd  stm32f10x_rcc.o
    0x0800d2ac   0x0800d2ac   0x0000001c   Code   RO         3241    i.RCC_APB2PeriphClockCmd  stm32f10x_rcc.o
    0x0800d2c8   0x0800d2c8   0x0000001c   Code   RO         3242    i.RCC_APB2PeriphResetCmd  stm32f10x_rcc.o
    0x0800d2e4   0x0800d2e4   0x00000024   Code   RO         1494    i.RCC_Configuration  bsp.o
    0x0800d308   0x0800d308   0x000000ac   Code   RO         3249    i.RCC_GetClocksFreq  stm32f10x_rcc.o
    0x0800d3b4   0x0800d3b4   0x000002a0   Code   RO         1142    i.RN8032_Adjust     bsp_rn8302b.o
    0x0800d654   0x0800d654   0x0000020c   Code   RO         1143    i.RN8032_Adjust_Angle  bsp_rn8302b.o
    0x0800d860   0x0800d860   0x000000b0   Code   RO         1145    i.RN8032_Adjust_I   bsp_rn8302b.o
    0x0800d910   0x0800d910   0x000000c0   Code   RO         1146    i.RN8032_Adjust_Section_I  bsp_rn8302b.o
    0x0800d9d0   0x0800d9d0   0x000000b0   Code   RO         1147    i.RN8032_Adjust_U   bsp_rn8302b.o
    0x0800da80   0x0800da80   0x000014e0   Code   RO         1148    i.RN8032_Updata     bsp_rn8302b.o
    0x0800ef60   0x0800ef60   0x00000224   Code   RO         1149    i.RN8302Init        bsp_rn8302b.o
    0x0800f184   0x0800f184   0x000000d8   Code   RO         1150    i.RN8302InitAdjust  bsp_rn8302b.o
    0x0800f25c   0x0800f25c   0x000000bc   Code   RO         1151    i.RN8302RD          bsp_rn8302b.o
    0x0800f318   0x0800f318   0x000000d8   Code   RO         1152    i.RN8302RDBUFF      bsp_rn8302b.o
    0x0800f3f0   0x0800f3f0   0x00000080   Code   RO         1153    i.RN8302WR          bsp_rn8302b.o
    0x0800f470   0x0800f470   0x00000148   Code   RO         1154    i.RN8302_RX_Frame   bsp_rn8302b.o
    0x0800f5b8   0x0800f5b8   0x00000100   Code   RO         1155    i.RN8302_TX_Frame   bsp_rn8302b.o
    0x0800f6b8   0x0800f6b8   0x00000020   Code   RO          928    i.Reset_Screen      bsp_lcd.o
    0x0800f6d8   0x0800f6d8   0x00000040   Code   RO         4875    i.SCH_Add_Task      sch.o
    0x0800f718   0x0800f718   0x00000020   Code   RO         4876    i.SCH_Delete_Task   sch.o
    0x0800f738   0x0800f738   0x00000040   Code   RO         4877    i.SCH_Init_T        sch.o
    0x0800f778   0x0800f778   0x00000038   Code   RO         4878    i.SCH_RUN_Tasks     sch.o
    0x0800f7b0   0x0800f7b0   0x00000020   Code   RO         4879    i.SCH_Start         sch.o
    0x0800f7d0   0x0800f7d0   0x00000074   Code   RO          800    i.SERIAL_IRQHandler  drvserial.o
    0x0800f844   0x0800f844   0x00000070   Code   RO         4880    i.SIGNAL_IRQHandler  sch.o
    0x0800f8b4   0x0800f8b4   0x00000002   Code   RO         1569    i.SVC_Handler       stm32f10x_it.o
    0x0800f8b6   0x0800f8b6   0x00000002   PAD
    0x0800f8b8   0x0800f8b8   0x00000060   Code   RO         1156    i.SampleDataModifyF  bsp_rn8302b.o
    0x0800f918   0x0800f918   0x00000004   Code   RO         1401    i.SaveParam         param.o
    0x0800f91c   0x0800f91c   0x0000013c   Code   RO          153    i.SetPT_CT          taskgui.o
    0x0800fa58   0x0800fa58   0x00000004   Code   RO            1    i.SetSysClock       system_stm32f10x.o
    0x0800fa5c   0x0800fa5c   0x000000b0   Code   RO            2    i.SetSysClockTo72   system_stm32f10x.o
    0x0800fb0c   0x0800fb0c   0x00000044   Code   RO         1157    i.Spi_RN8302_ReadByte  bsp_rn8302b.o
    0x0800fb50   0x0800fb50   0x0000004c   Code   RO         1158    i.Spi_RN8302_SendByte  bsp_rn8302b.o
    0x0800fb9c   0x0800fb9c   0x0000001c   Code   RO         1658    i.SysTick_CLKSourceConfig  misc.o
    0x0800fbb8   0x0800fbb8   0x0000004c   Code   RO         1495    i.SysTick_Configuration  bsp.o
    0x0800fc04   0x0800fc04   0x0000000e   Code   RO         1570    i.SysTick_Handler   stm32f10x_it.o
    0x0800fc12   0x0800fc12   0x00000002   PAD
    0x0800fc14   0x0800fc14   0x00000050   Code   RO            4    i.SystemInit        system_stm32f10x.o
    0x0800fc64   0x0800fc64   0x00000004   Code   RO         1573    i.TIM2_IRQHandler   stm32f10x_it.o
    0x0800fc68   0x0800fc68   0x00000004   Code   RO         1574    i.TIM3_IRQHandler   stm32f10x_it.o
    0x0800fc6c   0x0800fc6c   0x00000018   Code   RO         3864    i.TIM_ARRPreloadConfig  stm32f10x_tim.o
    0x0800fc84   0x0800fc84   0x00000006   Code   RO         3870    i.TIM_ClearFlag     stm32f10x_tim.o
    0x0800fc8a   0x0800fc8a   0x00000006   Code   RO         3871    i.TIM_ClearITPendingBit  stm32f10x_tim.o
    0x0800fc90   0x0800fc90   0x00000018   Code   RO         3876    i.TIM_Cmd           stm32f10x_tim.o
    0x0800fca8   0x0800fca8   0x0000001c   Code   RO         3878    i.TIM_CtrlPWMOutputs  stm32f10x_tim.o
    0x0800fcc4   0x0800fcc4   0x00000210   Code   RO         3881    i.TIM_DeInit        stm32f10x_tim.o
    0x0800fed4   0x0800fed4   0x00000018   Code   RO         3897    i.TIM_GetITStatus   stm32f10x_tim.o
    0x0800feec   0x0800feec   0x00000014   Code   RO         3901    i.TIM_ITConfig      stm32f10x_tim.o
    0x0800ff00   0x0800ff00   0x00000084   Code   RO         3915    i.TIM_OC3Init       stm32f10x_tim.o
    0x0800ff84   0x0800ff84   0x0000000c   Code   RO         3918    i.TIM_OC3PreloadConfig  stm32f10x_tim.o
    0x0800ff90   0x0800ff90   0x00000068   Code   RO         3920    i.TIM_OC4Init       stm32f10x_tim.o
    0x0800fff8   0x0800fff8   0x00000014   Code   RO         3922    i.TIM_OC4PreloadConfig  stm32f10x_tim.o
    0x0801000c   0x0801000c   0x000000e4   Code   RO         1496    i.TIM_PWM_Configuration  bsp.o
    0x080100f0   0x080100f0   0x00000004   Code   RO         3939    i.TIM_SetCompare3   stm32f10x_tim.o
    0x080100f4   0x080100f4   0x00000006   Code   RO         3940    i.TIM_SetCompare4   stm32f10x_tim.o
    0x080100fa   0x080100fa   0x00000002   PAD
    0x080100fc   0x080100fc   0x0000009c   Code   RO         3947    i.TIM_TimeBaseInit  stm32f10x_tim.o
    0x08010198   0x08010198   0x00000034   Code   RO          503    i.Task_Extra_Function  taskextra.o
    0x080101cc   0x080101cc   0x00000034   Code   RO          154    i.Task_GUI_Function  taskgui.o
    0x08010200   0x08010200   0x00000020   Code   RO          155    i.Task_GUI_init     taskgui.o
    0x08010220   0x08010220   0x00000012   Code   RO         1159    i.Task_Power_Function  bsp_rn8302b.o
    0x08010232   0x08010232   0x00000004   Code   RO          592    i.Task_Protect_Function  taskprotect.o
    0x08010236   0x08010236   0x00000004   Code   RO          639    i.Task_RS232_Function  taskrs232.o
    0x0801023a   0x0801023a   0x00000002   PAD
    0x0801023c   0x0801023c   0x00000028   Code   RO          640    i.Task_RS232_init   taskrs232.o
    0x08010264   0x08010264   0x0000000e   Code   RO          156    i.Task_Timer_Function  taskgui.o
    0x08010272   0x08010272   0x00000002   PAD
    0x08010274   0x08010274   0x00000010   Code   RO          802    i.UASRT_StopSend    drvserial.o
    0x08010284   0x08010284   0x00000004   Code   RO         1575    i.USART1_IRQHandler  stm32f10x_it.o
    0x08010288   0x08010288   0x00000008   Code   RO         4408    i.USART_ClearFlag   stm32f10x_usart.o
    0x08010290   0x08010290   0x00000010   Code   RO         4409    i.USART_ClearITPendingBit  stm32f10x_usart.o
    0x080102a0   0x080102a0   0x0000001e   Code   RO         4410    i.USART_ClockInit   stm32f10x_usart.o
    0x080102be   0x080102be   0x00000018   Code   RO         4412    i.USART_Cmd         stm32f10x_usart.o
    0x080102d6   0x080102d6   0x00000002   PAD
    0x080102d8   0x080102d8   0x00000140   Code   RO         1497    i.USART_Configuration  bsp.o
    0x08010418   0x08010418   0x00000014   Code   RO         4413    i.USART_DMACmd      stm32f10x_usart.o
    0x0801042c   0x0801042c   0x0000004c   Code   RO         1498    i.USART_DMAReConfig  bsp.o
    0x08010478   0x08010478   0x0000000e   Code   RO         4415    i.USART_GetFlagStatus  stm32f10x_usart.o
    0x08010486   0x08010486   0x00000040   Code   RO         4416    i.USART_GetITStatus  stm32f10x_usart.o
    0x080104c6   0x080104c6   0x00000002   PAD
    0x080104c8   0x080104c8   0x00000024   Code   RO          803    i.USART_GetRxBufData  drvserial.o
    0x080104ec   0x080104ec   0x00000020   Code   RO          804    i.USART_GetRxBufLen  drvserial.o
    0x0801050c   0x0801050c   0x00000026   Code   RO          805    i.USART_GetRxString  drvserial.o
    0x08010532   0x08010532   0x00000002   PAD
    0x08010534   0x08010534   0x00000024   Code   RO          806    i.USART_GetTxBufData  drvserial.o
    0x08010558   0x08010558   0x00000036   Code   RO         4418    i.USART_ITConfig    stm32f10x_usart.o
    0x0801058e   0x0801058e   0x00000002   PAD
    0x08010590   0x08010590   0x000000bc   Code   RO         4419    i.USART_Init        stm32f10x_usart.o
    0x0801064c   0x0801064c   0x00000018   Code   RO          809    i.USART_IsDataInTxBuf  drvserial.o
    0x08010664   0x08010664   0x0000001c   Code   RO          810    i.USART_PutDatatoRxBuf  drvserial.o
    0x08010680   0x08010680   0x00000008   Code   RO         4426    i.USART_ReceiveData  stm32f10x_usart.o
    0x08010688   0x08010688   0x00000008   Code   RO         4429    i.USART_SendData    stm32f10x_usart.o
    0x08010690   0x08010690   0x00000148   Code   RO          157    i.UpdataOrSetValue  taskgui.o
    0x080107d8   0x080107d8   0x000000f0   Code   RO          158    i.UpdataSetValue    taskgui.o
    0x080108c8   0x080108c8   0x000000f4   Code   RO         1402    i.WriteRNParam      param.o
    0x080109bc   0x080109bc   0x00000028   Code   RO         5110    i.__ARM_fpclassify  m_ws.l(fpclassify.o)
    0x080109e4   0x080109e4   0x00000388   Code   RO         5114    i.__ieee754_rem_pio2  m_ws.l(rred.o)
    0x08010d6c   0x08010d6c   0x000000fc   Code   RO         5093    i.__kernel_cos      m_ws.l(cos_i.o)
    0x08010e68   0x08010e68   0x000000aa   Code   RO         5112    i.__kernel_poly     m_ws.l(poly.o)
    0x08010f12   0x08010f12   0x00000002   PAD
    0x08010f14   0x08010f14   0x000000ec   Code   RO         5119    i.__kernel_sin      m_ws.l(sin_i.o)
    0x08011000   0x08011000   0x00000006   Code   RO         5097    i.__mathlib_dbl_infnan  m_ws.l(dunder.o)
    0x08011006   0x08011006   0x0000000c   Code   RO         5099    i.__mathlib_dbl_invalid  m_ws.l(dunder.o)
    0x08011012   0x08011012   0x00000002   PAD
    0x08011014   0x08011014   0x00000010   Code   RO         5102    i.__mathlib_dbl_underflow  m_ws.l(dunder.o)
    0x08011024   0x08011024   0x00000270   Code   RO         5036    i.asin              m_ws.l(asin.o)
    0x08011294   0x08011294   0x00000004   Code   RO         1160    i.bsp_InitRN8023    bsp_rn8302b.o
    0x08011298   0x08011298   0x0000009c   Code   RO         5046    i.cos               m_ws.l(cos.o)
    0x08011334   0x08011334   0x0000000c   Code   RO         1328    i.delay_us          drvfram.o
    0x08011340   0x08011340   0x000000a4   Code   RO         1161    i.fnDl645Fft_DataCmp  bsp_rn8302b.o
    0x080113e4   0x080113e4   0x000001e4   Code   RO         1162    i.fnDl645Fft_Harmonic_Exec  bsp_rn8302b.o
    0x080115c8   0x080115c8   0x000000a0   Code   RO         1472    i.main              sysmain.o
    0x08011668   0x08011668   0x00000014   Code   RO         4825    i.nus_delay         pt_timer.o
    0x0801167c   0x0801167c   0x000000a0   Code   RO         5054    i.sin               m_ws.l(sin.o)
    0x0801171c   0x0801171c   0x0000000c   Code   RO         1165    i.spi_nop           bsp_rn8302b.o
    0x08011728   0x08011728   0x0000004c   Code   RO         5062    i.sqrt              m_ws.l(sqrt.o)
    0x08011774   0x08011774   0x00000040   Code   RO         1166    i.sqrt_64fixed      bsp_rn8302b.o
    0x080117b4   0x080117b4   0x0000000e   Code   RO          504    i.svc_Protect_CancelJudge  taskextra.o
    0x080117c2   0x080117c2   0x00000038   Code   RO          505    i.svc_Protect_ProtectHappen  taskextra.o
    0x080117fa   0x080117fa   0x00000032   Code   RO          506    i.svc_Protect_ProtectRtn  taskextra.o
    0x0801182c   0x0801182c   0x0000002c   Code   RO          641    i.usMBCRC16         taskrs232.o
    0x08011858   0x08011858   0x00000098   Code   RO          642    i.vMSRS232_Analysis  taskrs232.o
    0x080118f0   0x080118f0   0x0000001c   Code   RO          643    i.vMSRS232_Query_Adjust  taskrs232.o
    0x0801190c   0x0801190c   0x00000018   Code   RO          644    i.vMSRS232_Query_Param  taskrs232.o
    0x08011924   0x08011924   0x0000001c   Code   RO          645    i.vMSRS232_Query_Power  taskrs232.o
    0x08011940   0x08011940   0x000002b4   Code   RO          648    i.vMSRS232_RxProtocol  taskrs232.o
    0x08011bf4   0x08011bf4   0x0000005c   Code   RO          649    i.vMSRS232_SetFrameData  taskrs232.o
    0x08011c50   0x08011c50   0x000001ac   Code   RO          650    i.vMSRS232_Set_Adjust  taskrs232.o
    0x08011dfc   0x08011dfc   0x00000002   Code   RO          651    i.vMSRS232_Set_Param  taskrs232.o
    0x08011dfe   0x08011dfe   0x00000002   PAD
    0x08011e00   0x08011e00   0x00000198   Code   RO          652    i.vModeBusRtu_Analysis  taskrs232.o
    0x08011f98   0x08011f98   0x000000d8   Code   RO          653    i.vModeBus_Query_CTRL  taskrs232.o
    0x08012070   0x08012070   0x00000068   Code   RO          654    i.vModeBus_Query_Primary  taskrs232.o
    0x080120d8   0x080120d8   0x00000024   Code   RO          655    i.vModeBus_Query_Secondary  taskrs232.o
    0x080120fc   0x080120fc   0x0000011c   Code   RO          656    i.vModeBus_Query_THD  taskrs232.o
    0x08012218   0x08012218   0x0000017c   Code   RO          657    i.vModeBus_SetFrameData  taskrs232.o
    0x08012394   0x08012394   0x000003f4   Code   RO          658    i.vModeBus_Set_Ctrl_Parm  taskrs232.o
    0x08012788   0x08012788   0x00000048   Code   RO          659    i.vModeBus_Set_Multi_Relay  taskrs232.o
    0x080127d0   0x080127d0   0x00000034   Code   RO          660    i.vModeBus_Set_Relay  taskrs232.o
    0x08012804   0x08012804   0x00000062   Code   RO         4949    x$fpl$d2f           fz_ws.l(d2f.o)
    0x08012866   0x08012866   0x00000002   PAD
    0x08012868   0x08012868   0x00000150   Code   RO         4951    x$fpl$dadd          fz_ws.l(daddsub_clz.o)
    0x080129b8   0x080129b8   0x00000010   Code   RO         5074    x$fpl$dcheck1       fz_ws.l(dcheck1.o)
    0x080129c8   0x080129c8   0x000002b0   Code   RO         4958    x$fpl$ddiv          fz_ws.l(ddiv.o)
    0x08012c78   0x08012c78   0x0000005e   Code   RO         4961    x$fpl$dfix          fz_ws.l(dfix.o)
    0x08012cd6   0x08012cd6   0x00000002   PAD
    0x08012cd8   0x08012cd8   0x0000005a   Code   RO         4969    x$fpl$dfixu         fz_ws.l(dfixu.o)
    0x08012d32   0x08012d32   0x0000002e   Code   RO         4978    x$fpl$dflt          fz_ws.l(dflt_clz.o)
    0x08012d60   0x08012d60   0x000000a2   Code   RO         4983    x$fpl$dfltll        fz_ws.l(dfltll_clz.o)
    0x08012e02   0x08012e02   0x00000026   Code   RO         4977    x$fpl$dfltu         fz_ws.l(dflt_clz.o)
    0x08012e28   0x08012e28   0x0000008a   Code   RO         4984    x$fpl$dfltull       fz_ws.l(dfltll_clz.o)
    0x08012eb2   0x08012eb2   0x00000002   PAD
    0x08012eb4   0x08012eb4   0x00000154   Code   RO         4987    x$fpl$dmul          fz_ws.l(dmul.o)
    0x08013008   0x08013008   0x0000009c   Code   RO         5078    x$fpl$dnaninf       fz_ws.l(dnaninf.o)
    0x080130a4   0x080130a4   0x0000000c   Code   RO         5080    x$fpl$dretinf       fz_ws.l(dretinf.o)
    0x080130b0   0x080130b0   0x00000016   Code   RO         4952    x$fpl$drsb          fz_ws.l(daddsub_clz.o)
    0x080130c6   0x080130c6   0x00000002   PAD
    0x080130c8   0x080130c8   0x000001cc   Code   RO         5082    x$fpl$dsqrt         fz_ws.l(dsqrt_noumaal.o)
    0x08013294   0x08013294   0x000001d4   Code   RO         4953    x$fpl$dsub          fz_ws.l(daddsub_clz.o)
    0x08013468   0x08013468   0x00000056   Code   RO         4989    x$fpl$f2d           fz_ws.l(f2d.o)
    0x080134be   0x080134be   0x00000002   PAD
    0x080134c0   0x080134c0   0x000000c4   Code   RO         4991    x$fpl$fadd          fz_ws.l(faddsub_clz.o)
    0x08013584   0x08013584   0x0000000c   Code   RO         5084    x$fpl$fcheck1       fz_ws.l(fcheck1.o)
    0x08013590   0x08013590   0x00000018   Code   RO         5086    x$fpl$fcmpinf       fz_ws.l(fcmpi.o)
    0x080135a8   0x080135a8   0x00000184   Code   RO         4998    x$fpl$fdiv          fz_ws.l(fdiv.o)
    0x0801372c   0x0801372c   0x00000036   Code   RO         5001    x$fpl$ffix          fz_ws.l(ffix.o)
    0x08013762   0x08013762   0x00000002   PAD
    0x08013764   0x08013764   0x0000003e   Code   RO         5009    x$fpl$ffixu         fz_ws.l(ffixu.o)
    0x080137a2   0x080137a2   0x00000002   PAD
    0x080137a4   0x080137a4   0x00000030   Code   RO         5018    x$fpl$fflt          fz_ws.l(fflt_clz.o)
    0x080137d4   0x080137d4   0x00000060   Code   RO         5023    x$fpl$ffltll        fz_ws.l(ffltll_clz.o)
    0x08013834   0x08013834   0x00000026   Code   RO         5017    x$fpl$ffltu         fz_ws.l(fflt_clz.o)
    0x0801385a   0x0801385a   0x00000002   PAD
    0x0801385c   0x0801385c   0x00000068   Code   RO         5025    x$fpl$fleqf         fz_ws.l(fleqf.o)
    0x080138c4   0x080138c4   0x00000102   Code   RO         5027    x$fpl$fmul          fz_ws.l(fmul.o)
    0x080139c6   0x080139c6   0x0000008c   Code   RO         5088    x$fpl$fnaninf       fz_ws.l(fnaninf.o)
    0x08013a52   0x08013a52   0x0000000a   Code   RO         5090    x$fpl$fretinf       fz_ws.l(fretinf.o)
    0x08013a5c   0x08013a5c   0x00000062   Code   RO         5029    x$fpl$frleqf        fz_ws.l(frleqf.o)
    0x08013abe   0x08013abe   0x00000014   Code   RO         4992    x$fpl$frsb          fz_ws.l(faddsub_clz.o)
    0x08013ad2   0x08013ad2   0x00000002   PAD
    0x08013ad4   0x08013ad4   0x000000ea   Code   RO         4993    x$fpl$fsub          fz_ws.l(faddsub_clz.o)
    0x08013bbe   0x08013bbe   0x00000002   PAD
    0x08013bc0   0x08013bc0   0x000000c2   Code   RO         4965    x$fpl$llsfromd      fz_ws.l(dfixll.o)
    0x08013c82   0x08013c82   0x00000002   PAD
    0x08013c84   0x08013c84   0x00000086   Code   RO         5005    x$fpl$llsfromf      fz_ws.l(ffixll.o)
    0x08013d0a   0x08013d0a   0x00000002   PAD
    0x08013d0c   0x08013d0c   0x00000078   Code   RO         4973    x$fpl$llufromd      fz_ws.l(dfixull.o)
    0x08013d84   0x08013d84   0x0000005c   Code   RO         5013    x$fpl$llufromf      fz_ws.l(ffixull.o)
    0x08013de0   0x08013de0   0x00000064   Code   RO         5151    x$fpl$retnan        fz_ws.l(retnan.o)
    0x08013e44   0x08013e44   0x0000005c   Code   RO         5031    x$fpl$scalbn        fz_ws.l(scalbn.o)
    0x08013ea0   0x08013ea0   0x0000004c   Code   RO         5033    x$fpl$scalbnf       fz_ws.l(scalbnf.o)
    0x08013eec   0x08013eec   0x00000030   Code   RO         5168    x$fpl$trapveneer    fz_ws.l(trapv.o)
    0x08013f1c   0x08013f1c   0x00000000   Code   RO         5092    x$fpl$usenofp       fz_ws.l(usenofp.o)
    0x08013f1c   0x08013f1c   0x00000068   Data   RO          160    .constdata          taskgui.o
    0x08013f84   0x08013f84   0x00000220   Data   RO          662    .constdata          taskrs232.o
    0x080141a4   0x080141a4   0x0000031e   Data   RO          930    .constdata          bsp_lcd.o
    0x080144c2   0x080144c2   0x00000002   PAD
    0x080144c4   0x080144c4   0x000000c8   Data   RO         1168    .constdata          bsp_rn8302b.o
    0x0801458c   0x0801458c   0x00000008   Data   RO         1412    .constdata          param.o
    0x08014594   0x08014594   0x00000004   PAD
    0x08014598   0x08014598   0x00000050   Data   RO         5037    .constdata          m_ws.l(asin.o)
    0x080145e8   0x080145e8   0x00000030   Data   RO         5094    .constdata          m_ws.l(cos_i.o)
    0x08014618   0x08014618   0x000000c8   Data   RO         5116    .constdata          m_ws.l(rred.o)
    0x080146e0   0x080146e0   0x00000028   Data   RO         5120    .constdata          m_ws.l(sin_i.o)
    0x08014708   0x08014708   0x00000020   Data   RO         5298    Region$$Table       anon$$obj.o


    Execution Region RW_IRAM1 (Exec base: 0x20000000, Load base: 0x08014728, Size: 0x00002a98, Max: 0x00005000, ABSOLUTE, COMPRESSED[0x00000230])

    Exec Addr    Load Addr    Size         Type   Attr      Idx    E Section Name        Object

    0x20000000   COMPRESSED   0x00000014   Data   RW            5    .data               system_stm32f10x.o
    0x20000014   COMPRESSED   0x00000080   Data   RW          161    .data               taskgui.o
    0x20000094   COMPRESSED   0x00000009   Data   RW          510    .data               taskextra.o
    0x2000009d   COMPRESSED   0x00000003   Data   RW          594    .data               taskprotect.o
    0x200000a0   COMPRESSED   0x00000008   Data   RW          663    .data               taskrs232.o
    0x200000a8   COMPRESSED   0x00000010   Data   RW          814    .data               drvserial.o
    0x200000b8   COMPRESSED   0x000004ac   Data   RW         1169    .data               bsp_rn8302b.o
    0x20000564   COMPRESSED   0x00000001   Data   RW         1416    .data               param.o
    0x20000565   COMPRESSED   0x00000001   PAD
    0x20000566   COMPRESSED   0x00000006   Data   RW         1500    .data               bsp.o
    0x2000056c   COMPRESSED   0x00000014   Data   RW         3269    .data               stm32f10x_rcc.o
    0x20000580   COMPRESSED   0x00000004   Data   RW         4826    .data               pt_timer.o
    0x20000584   COMPRESSED   0x00000002   Data   RW         4882    .data               sch.o
    0x20000586   COMPRESSED   0x00000002   PAD
    0x20000588        -       0x0000001d   Zero   RW          159    .bss                taskgui.o
    0x200005a5   COMPRESSED   0x00000003   PAD
    0x200005a8        -       0x00000258   Zero   RW          508    .bss                taskextra.o
    0x20000800        -       0x00000018   Zero   RW          593    .bss                taskprotect.o
    0x20000818        -       0x000001ae   Zero   RW          661    .bss                taskrs232.o
    0x200009c6        -       0x00000100   Zero   RW          813    .bss                drvserial.o
    0x20000ac6        -       0x000000b8   Zero   RW          929    .bss                bsp_lcd.o
    0x20000b7e   COMPRESSED   0x00000002   PAD
    0x20000b80        -       0x000010a8   Zero   RW         1167    .bss                bsp_rn8302b.o
    0x20001c28        -       0x00000090   Zero   RW         1403    .bss                param.o
    0x20001cb8        -       0x00000090   Zero   RW         1404    .bss                param.o
    0x20001d48        -       0x00000180   Zero   RW         1405    .bss                param.o
    0x20001ec8        -       0x000000cc   Zero   RW         1406    .bss                param.o
    0x20001f94        -       0x00000080   Zero   RW         1407    .bss                param.o
    0x20002014        -       0x00000080   Zero   RW         1408    .bss                param.o
    0x20002094        -       0x00000010   Zero   RW         1409    .bss                param.o
    0x200020a4        -       0x000000b4   Zero   RW         1410    .bss                param.o
    0x20002158        -       0x00000050   Zero   RW         1411    .bss                param.o
    0x200021a8        -       0x00000046   Zero   RW         1499    .bss                bsp.o
    0x200021ee   COMPRESSED   0x00000002   PAD
    0x200021f0        -       0x00000048   Zero   RW         4881    .bss                sch.o
    0x20002238        -       0x00000060   Zero   RW         5154    .bss                c_w.l(libspace.o)
    0x20002298        -       0x00000400   Zero   RW           99    HEAP                startup_stm32f10x_md.o
    0x20002698        -       0x00000400   Zero   RW           98    STACK               startup_stm32f10x_md.o


==============================================================================

Image component sizes


      Code (inc. data)   RO Data    RW Data    ZI Data      Debug   Object Name

      1370         94          0          6         70      21391   bsp.o
      2582        158        798          0        184      19253   bsp_lcd.o
     11014        676        200       1196       4264      31056   bsp_rn8302b.o
       734         46          0          0          0       8343   drvfram.o
       326         48          0         16        256       5342   drvserial.o
       710         18          0          0          0       5430   memdataoperate.o
       148         14          0          0          0       2261   misc.o
       564         28          8          1       1408      11120   param.o
        96         12          0          4          0       3744   pt_timer.o
       442         42          0          2         72       4853   sch.o
        64         26        236          0       2048        892   startup_stm32f10x_md.o
       392         28          0          0          0       5076   stm32f10x_dma.o
       276         38          0          0          0       5832   stm32f10x_flash.o
       280          6          0          0          0       4786   stm32f10x_gpio.o
        58          0          0          0          0       4078   stm32f10x_it.o
       312         48          0         20          0       6648   stm32f10x_rcc.o
      1094        124          0          0          0      11337   stm32f10x_tim.o
       434          6          0          0          0       9294   stm32f10x_usart.o
       160         28          0          0          0        535   sysmain.o
       260         26          0         20          0     270433   system_stm32f10x.o
      6604        330          0          9        600      16211   taskextra.o
     38676       2462        104        128         29     104077   taskgui.o
       516         50          0          3         24       4926   taskprotect.o
      4644        356        544          8        430      20257   taskrs232.o

    ----------------------------------------------------------------------
     71806       4664       1928       1416       9392     577175   Object Totals
         0          0         32          0          0          0   (incl. Generated)
        50          0          6          3          7          0   (incl. Padding)

    ----------------------------------------------------------------------

      Code (inc. data)   RO Data    RW Data    ZI Data      Debug   Library Member Name

        90          0          0          0          0          0   __dczerorl2.o
         8          0          0          0          0         68   __main.o
         0          0          0          0          0          0   __rtentry.o
        12          0          0          0          0          0   __rtentry2.o
         6          0          0          0          0          0   __rtentry4.o
        52          8          0          0          0          0   __scatter.o
        28          0          0          0          0          0   __scatter_zi.o
        22          0          0          0          0        100   _rserrno.o
        16          0          0          0          0         68   aeabi_memset.o
        18          0          0          0          0         80   exit.o
         6          0          0          0          0        152   heapauxi.o
         0          0          0          0          0          0   indicate_semi.o
         2          0          0          0          0          0   libinit.o
         2          0          0          0          0          0   libinit2.o
         2          0          0          0          0          0   libshutdown.o
         2          0          0          0          0          0   libshutdown2.o
         8          4          0          0         96         68   libspace.o
        72          0          0          0          0         76   llsdiv.o
       238          0          0          0          0        100   lludivv7m.o
         8          4          0          0          0         68   rt_errno_addr_intlibspace.o
        68          0          0          0          0         68   rt_memclr.o
        78          0          0          0          0         80   rt_memclr_w.o
       138          0          0          0          0         68   rt_memcpy_v6.o
       100          0          0          0          0         80   rt_memcpy_w.o
         2          0          0          0          0          0   rtexit.o
        10          0          0          0          0          0   rtexit2.o
        12          4          0          0          0         68   sys_exit.o
        74          0          0          0          0         80   sys_stackheap_outer.o
         2          0          0          0          0         68   use_no_semi.o
        98          4          0          0          0         92   d2f.o
       826         16          0          0          0        348   daddsub_clz.o
        16          4          0          0          0         68   dcheck1.o
       688        140          0          0          0        208   ddiv.o
        94          4          0          0          0         92   dfix.o
       194          4          0          0          0        116   dfixll.o
        90          4          0          0          0         92   dfixu.o
       120          4          0          0          0        104   dfixull.o
        84          0          0          0          0        136   dflt_clz.o
       300          0          0          0          0        168   dfltll_clz.o
       340         12          0          0          0        104   dmul.o
       156          4          0          0          0         92   dnaninf.o
        12          0          0          0          0         68   dretinf.o
       460         56          0          0          0        120   dsqrt_noumaal.o
        86          4          0          0          0         84   f2d.o
       450          8          0          0          0        236   faddsub_clz.o
        12          4          0          0          0         68   fcheck1.o
        24          0          0          0          0         68   fcmpi.o
       388         76          0          0          0         96   fdiv.o
        54          4          0          0          0         84   ffix.o
       134          4          0          0          0         84   ffixll.o
        62          4          0          0          0         84   ffixu.o
        92          4          0          0          0         84   ffixull.o
        86          0          0          0          0        136   fflt_clz.o
        96          0          0          0          0         84   ffltll_clz.o
       104          4          0          0          0         84   fleqf.o
       258          4          0          0          0         84   fmul.o
       140          4          0          0          0         84   fnaninf.o
        10          0          0          0          0         68   fretinf.o
        98          0          0          0          0         68   frleqf.o
       100          0          0          0          0         68   retnan.o
        92          0          0          0          0         68   scalbn.o
        76          0          0          0          0         68   scalbnf.o
        48          0          0          0          0         68   trapv.o
         0          0          0          0          0          0   usenofp.o
       624         52         80          0          0        168   asin.o
       156          8          0          0          0        104   cos.o
       252         22         48          0          0        124   cos_i.o
        34          6          0          0          0        204   dunder.o
        40          0          0          0          0         68   fpclassify.o
       170          0          0          0          0         96   poly.o
       904         76        200          0          0        140   rred.o
       160         10          0          0          0        108   sin.o
       236         12         40          0          0        128   sin_i.o
        76          0          0          0          0         84   sqrt.o

    ----------------------------------------------------------------------
      9650        578        368          0         96       6092   Library Totals
        34          0          0          0          0          0   (incl. Padding)

    ----------------------------------------------------------------------

      Code (inc. data)   RO Data    RW Data    ZI Data      Debug   Library Name

      1076         20          0          0         96       1292   c_w.l
      5888        372          0          0          0       3576   fz_ws.l
      2652        186        368          0          0       1224   m_ws.l

    ----------------------------------------------------------------------
      9650        578        368          0         96       6092   Library Totals

    ----------------------------------------------------------------------

==============================================================================


      Code (inc. data)   RO Data    RW Data    ZI Data      Debug   

     81456       5242       2296       1416       9488     567351   Grand Totals
     81456       5242       2296        560       9488     567351   ELF Image Totals (compressed)
     81456       5242       2296        560          0          0   ROM Totals

==============================================================================

    Total RO  Size (Code + RO Data)                83752 (  81.79kB)
    Total RW  Size (RW Data + ZI Data)             10904 (  10.65kB)
    Total ROM Size (Code + RO Data + RW Data)      84312 (  82.34kB)

==============================================================================

