<html>
<body>
<pre>
<h1>礦ision Build Log</h1>
<h2>Tool Versions:</h2>
IDE-Version: μVision V5.15
Copyright (C) 2015 ARM Ltd and ARM Germany GmbH. All rights reserved.
License Information: C Microsoft, Microsoft, LIC=TA3TG-VQ3UD-ATY3F-6J60M-W6ZJ1-ERQPN
 
Tool Versions:
Toolchain:       MDK-ARM Professional  Version: 5.15.0
Toolchain Path:  E:\Office Softsoftware\keil 5\install\ARM\ARMCC\Bin
C Compiler:      Armcc.exe V5.05 update 2 (build 169)
Assembler:       Armasm.exe V5.05 update 2 (build 169)
Linker/Locator:  ArmLink.exe V5.05 update 2 (build 169)
Library Manager: ArmAr.exe V5.05 update 2 (build 169)
Hex Converter:   FromElf.exe V5.05 update 2 (build 169)
CPU DLL:         SARMCM3.DLL V5.15.0
Dialog DLL:      DCM.DLL V1.13.2.0
Target DLL:      Segger\JL2CM3.dll V2.99.15.0
Dialog DLL:      TCM.DLL V1.14.5.0
 
<h2>Project:</h2>
E:\工作\浙江亿德科技有限公司\2020.2.29\PE201D7 R\build\72_Multi.uvprojx
Project File Date:  02/29/2020

<h2>Output:</h2>
*** Using Compiler 'V5.05 update 2 (build 169)', folder: 'E:\Office Softsoftware\keil 5\install\ARM\ARMCC\Bin'
Rebuild target 'LCD_Mult_7_103'
compiling system_stm32f10x.c...
assembling startup_stm32f10x_md.s...
compiling core_cm3.c...
compiling taskGUI.c...
compiling taskExtra.c...
..\src\User\Task\taskExtra.c(413): warning:  #186-D: pointless comparison of unsigned integer with zero
                        if(AnaNum < 0)
..\src\User\Task\taskExtra.c: 1 warning, 0 errors
compiling taskProtect.c...
compiling taskRS232.c...
compiling taskLedGUI.c...
compiling drvSerial.c...
compiling bsp_LCD.c...
compiling bsp_RN8302B.c...
..\src\Driver\bsp_RN8302B.c(2410): warning:  #550-D: variable "ftemp_P" was set but never used
        float ftemp_N,ftemp_P;
..\src\Driver\bsp_RN8302B.c: 1 warning, 0 errors
compiling drvFram.c...
compiling param.c...
compiling drvLED.c...
compiling sysMain.c...
compiling Bsp.c...
compiling stm32f10x_it.c...
compiling misc.c...
compiling stm32f10x_adc.c...
compiling stm32f10x_bkp.c...
compiling stm32f10x_can.c...
compiling stm32f10x_cec.c...
compiling stm32f10x_crc.c...
compiling stm32f10x_dac.c...
compiling stm32f10x_dbgmcu.c...
compiling stm32f10x_dma.c...
compiling stm32f10x_exti.c...
compiling stm32f10x_flash.c...
compiling stm32f10x_fsmc.c...
compiling stm32f10x_gpio.c...
compiling stm32f10x_i2c.c...
compiling stm32f10x_iwdg.c...
compiling stm32f10x_pwr.c...
compiling stm32f10x_rcc.c...
compiling stm32f10x_rtc.c...
compiling stm32f10x_sdio.c...
compiling stm32f10x_spi.c...
compiling stm32f10x_tim.c...
compiling stm32f10x_usart.c...
compiling stm32f10x_wwdg.c...
compiling MemDataOperate.c...
..\src\User\Mem\MemDataOperate.c(90): warning:  #186-D: pointless comparison of unsigned integer with zero
      if( pSettingParam->CtrlParam.BlackTime > 
AX_BlackTime  || pSettingParam->CtrlParam.BlackTime  < 
IN_BlackTime  )
..\src\User\Mem\MemDataOperate.c(102): warning:  #186-D: pointless comparison of unsigned integer with zero
      if( pSettingParam->CtrlParam.PT_Point > 
AX_Point || pSettingParam->CtrlParam.PT_Point < 
IN_Point )
..\src\User\Mem\MemDataOperate.c(114): warning:  #186-D: pointless comparison of unsigned integer with zero
      if( pSettingParam->CtrlParam.CT_Point > 
AX_Point || pSettingParam->CtrlParam.CT_Point < 
IN_Point )
..\src\User\Mem\MemDataOperate.c: 3 warnings, 0 errors
compiling pt.c...
compiling pt_sem.c...
compiling pt_timer.c...
compiling SCH.c...
linking...
Program Size: Code=82484 RO-data=2292 RW-data=1420 ZI-data=10604  
FromELF: creating hex file...
".\tempLcd\PD354-LAS3Y-R-H-20200301.axf" - 0 Error(s), 5 Warning(s).

<h2>Collection of Component include folders:</h2>
  E:\工作\浙江亿德科技有限公司\2020.2.29\PE201D7 R\build\RTE
  E:\Office Softsoftware\keil 5\install\ARM\PACK\Keil\STM32F1xx_DFP\1.1.0\Device\Include

<h2>Collection of Component Files used:</h2>
</pre>
</body>
</html>
<SCRIPT Language=VBScript><!--

//--></SCRIPT>