<!doctype html public "-//w3c//dtd html 4.0 transitional//en">
<html><head>
<title>Static Call Graph - [.\tempLcd\PD354-LAS3Y-R-H-20200301.axf]</title></head>
<body><HR>
<H1>Static Call Graph for image .\tempLcd\PD354-LAS3Y-R-H-20200301.axf</H1><HR>
<BR><P>#&#060CALLGRAPH&#062# ARM Linker, 5050169: Last Updated: Sun Mar 01 21:37:24 2020
<BR><P>
<H3>Maximum Stack Usage =        680 bytes + Unknown(Functions without stacksize, Cycles, Untraceable Function Pointers)</H3><H3>
Call chain for Maximum Stack Depth:</H3>
TIM2_IRQHandler &rArr; Modbus_IRQHandler &rArr; vMSRS232_RxProtocol &rArr; vMSRS232_Analysis &rArr; vMSRS232_Set_Adjust &rArr; RN8032_Adjust &rArr; RN8032_Updata &rArr; SaveParam &rArr; MemData_WriteParam &rArr; MemData_Write_To_Flash &rArr; FLASH_ProgramWord &rArr; FLASH_WaitForLastOperation
<P>
<H3>
Functions with no stack information
</H3><UL>
 <LI><a href="#[63]">__user_initial_stackheap</a>
</UL>
</UL>
<P>
<H3>
Mutually Recursive functions
</H3> <LI><a href="#[7]">MemManage_Handler</a>&nbsp;&nbsp;&nbsp;&rArr;&nbsp;&nbsp;&nbsp;<a href="#[7]">MemManage_Handler</a><BR>
 <LI><a href="#[8]">BusFault_Handler</a>&nbsp;&nbsp;&nbsp;&rArr;&nbsp;&nbsp;&nbsp;<a href="#[8]">BusFault_Handler</a><BR>
 <LI><a href="#[9]">UsageFault_Handler</a>&nbsp;&nbsp;&nbsp;&rArr;&nbsp;&nbsp;&nbsp;<a href="#[9]">UsageFault_Handler</a><BR>
 <LI><a href="#[b]">DebugMon_Handler</a>&nbsp;&nbsp;&nbsp;&rArr;&nbsp;&nbsp;&nbsp;<a href="#[b]">DebugMon_Handler</a><BR>
 <LI><a href="#[20]">ADC1_2_IRQHandler</a>&nbsp;&nbsp;&nbsp;&rArr;&nbsp;&nbsp;&nbsp;<a href="#[20]">ADC1_2_IRQHandler</a><BR>
</UL>
<P>
<H3>
Function Pointers
</H3><UL>
 <LI><a href="#[20]">ADC1_2_IRQHandler</a> from startup_stm32f10x_md.o(.text) referenced from startup_stm32f10x_md.o(RESET)
 <LI><a href="#[8]">BusFault_Handler</a> from startup_stm32f10x_md.o(.text) referenced from startup_stm32f10x_md.o(RESET)
 <LI><a href="#[23]">CAN1_RX1_IRQHandler</a> from startup_stm32f10x_md.o(.text) referenced from startup_stm32f10x_md.o(RESET)
 <LI><a href="#[24]">CAN1_SCE_IRQHandler</a> from startup_stm32f10x_md.o(.text) referenced from startup_stm32f10x_md.o(RESET)
 <LI><a href="#[19]">DMA1_Channel1_IRQHandler</a> from stm32f10x_it.o(i.DMA1_Channel1_IRQHandler) referenced from startup_stm32f10x_md.o(RESET)
 <LI><a href="#[1a]">DMA1_Channel2_IRQHandler</a> from startup_stm32f10x_md.o(.text) referenced from startup_stm32f10x_md.o(RESET)
 <LI><a href="#[1b]">DMA1_Channel3_IRQHandler</a> from startup_stm32f10x_md.o(.text) referenced from startup_stm32f10x_md.o(RESET)
 <LI><a href="#[1c]">DMA1_Channel4_IRQHandler</a> from startup_stm32f10x_md.o(.text) referenced from startup_stm32f10x_md.o(RESET)
 <LI><a href="#[1d]">DMA1_Channel5_IRQHandler</a> from startup_stm32f10x_md.o(.text) referenced from startup_stm32f10x_md.o(RESET)
 <LI><a href="#[1e]">DMA1_Channel6_IRQHandler</a> from startup_stm32f10x_md.o(.text) referenced from startup_stm32f10x_md.o(RESET)
 <LI><a href="#[1f]">DMA1_Channel7_IRQHandler</a> from startup_stm32f10x_md.o(.text) referenced from startup_stm32f10x_md.o(RESET)
 <LI><a href="#[b]">DebugMon_Handler</a> from startup_stm32f10x_md.o(.text) referenced from startup_stm32f10x_md.o(RESET)
 <LI><a href="#[40]">DispMenu_Main</a> from taskgui.o(i.DispMenu_Main) referenced from taskgui.o(.constdata)
 <LI><a href="#[41]">DispMenu_Menu1</a> from taskgui.o(i.DispMenu_Menu1) referenced from taskgui.o(.constdata)
 <LI><a href="#[42]">DispMenu_Menu2</a> from taskgui.o(i.DispMenu_Menu2) referenced from taskgui.o(.constdata)
 <LI><a href="#[43]">DispMenu_Menu3</a> from taskgui.o(i.DispMenu_Menu3) referenced from taskgui.o(.constdata)
 <LI><a href="#[45]">DispMenu_MenuCode</a> from taskgui.o(i.DispMenu_MenuCode) referenced from taskgui.o(.constdata)
 <LI><a href="#[46]">DispMenu_MenuCodeErr</a> from taskgui.o(i.DispMenu_MenuCodeErr) referenced from taskgui.o(.constdata)
 <LI><a href="#[47]">DispMenu_MenuSave</a> from taskgui.o(i.DispMenu_MenuSave) referenced from taskgui.o(.constdata)
 <LI><a href="#[44]">DispMenu_MenuValue</a> from taskgui.o(i.DispMenu_MenuValue) referenced from taskgui.o(.constdata)
 <LI><a href="#[14]">EXTI0_IRQHandler</a> from startup_stm32f10x_md.o(.text) referenced from startup_stm32f10x_md.o(RESET)
 <LI><a href="#[36]">EXTI15_10_IRQHandler</a> from startup_stm32f10x_md.o(.text) referenced from startup_stm32f10x_md.o(RESET)
 <LI><a href="#[15]">EXTI1_IRQHandler</a> from startup_stm32f10x_md.o(.text) referenced from startup_stm32f10x_md.o(RESET)
 <LI><a href="#[16]">EXTI2_IRQHandler</a> from startup_stm32f10x_md.o(.text) referenced from startup_stm32f10x_md.o(RESET)
 <LI><a href="#[17]">EXTI3_IRQHandler</a> from startup_stm32f10x_md.o(.text) referenced from startup_stm32f10x_md.o(RESET)
 <LI><a href="#[18]">EXTI4_IRQHandler</a> from startup_stm32f10x_md.o(.text) referenced from startup_stm32f10x_md.o(RESET)
 <LI><a href="#[25]">EXTI9_5_IRQHandler</a> from startup_stm32f10x_md.o(.text) referenced from startup_stm32f10x_md.o(RESET)
 <LI><a href="#[12]">FLASH_IRQHandler</a> from startup_stm32f10x_md.o(.text) referenced from startup_stm32f10x_md.o(RESET)
 <LI><a href="#[6]">HardFault_Handler</a> from stm32f10x_it.o(i.HardFault_Handler) referenced from startup_stm32f10x_md.o(RESET)
 <LI><a href="#[2e]">I2C1_ER_IRQHandler</a> from startup_stm32f10x_md.o(.text) referenced from startup_stm32f10x_md.o(RESET)
 <LI><a href="#[2d]">I2C1_EV_IRQHandler</a> from startup_stm32f10x_md.o(.text) referenced from startup_stm32f10x_md.o(RESET)
 <LI><a href="#[30]">I2C2_ER_IRQHandler</a> from startup_stm32f10x_md.o(.text) referenced from startup_stm32f10x_md.o(RESET)
 <LI><a href="#[2f]">I2C2_EV_IRQHandler</a> from startup_stm32f10x_md.o(.text) referenced from startup_stm32f10x_md.o(RESET)
 <LI><a href="#[7]">MemManage_Handler</a> from startup_stm32f10x_md.o(.text) referenced from startup_stm32f10x_md.o(RESET)
 <LI><a href="#[5]">NMI_Handler</a> from stm32f10x_it.o(i.NMI_Handler) referenced from startup_stm32f10x_md.o(RESET)
 <LI><a href="#[f]">PVD_IRQHandler</a> from startup_stm32f10x_md.o(.text) referenced from startup_stm32f10x_md.o(RESET)
 <LI><a href="#[c]">PendSV_Handler</a> from stm32f10x_it.o(i.PendSV_Handler) referenced from startup_stm32f10x_md.o(RESET)
 <LI><a href="#[13]">RCC_IRQHandler</a> from startup_stm32f10x_md.o(.text) referenced from startup_stm32f10x_md.o(RESET)
 <LI><a href="#[37]">RTCAlarm_IRQHandler</a> from startup_stm32f10x_md.o(.text) referenced from startup_stm32f10x_md.o(RESET)
 <LI><a href="#[11]">RTC_IRQHandler</a> from startup_stm32f10x_md.o(.text) referenced from startup_stm32f10x_md.o(RESET)
 <LI><a href="#[4]">Reset_Handler</a> from startup_stm32f10x_md.o(.text) referenced from startup_stm32f10x_md.o(RESET)
 <LI><a href="#[31]">SPI1_IRQHandler</a> from startup_stm32f10x_md.o(.text) referenced from startup_stm32f10x_md.o(RESET)
 <LI><a href="#[32]">SPI2_IRQHandler</a> from startup_stm32f10x_md.o(.text) referenced from startup_stm32f10x_md.o(RESET)
 <LI><a href="#[a]">SVC_Handler</a> from stm32f10x_it.o(i.SVC_Handler) referenced from startup_stm32f10x_md.o(RESET)
 <LI><a href="#[d]">SysTick_Handler</a> from stm32f10x_it.o(i.SysTick_Handler) referenced from startup_stm32f10x_md.o(RESET)
 <LI><a href="#[39]">SystemInit</a> from system_stm32f10x.o(i.SystemInit) referenced from startup_stm32f10x_md.o(.text)
 <LI><a href="#[10]">TAMPER_IRQHandler</a> from startup_stm32f10x_md.o(.text) referenced from startup_stm32f10x_md.o(RESET)
 <LI><a href="#[26]">TIM1_BRK_IRQHandler</a> from startup_stm32f10x_md.o(.text) referenced from startup_stm32f10x_md.o(RESET)
 <LI><a href="#[29]">TIM1_CC_IRQHandler</a> from startup_stm32f10x_md.o(.text) referenced from startup_stm32f10x_md.o(RESET)
 <LI><a href="#[28]">TIM1_TRG_COM_IRQHandler</a> from startup_stm32f10x_md.o(.text) referenced from startup_stm32f10x_md.o(RESET)
 <LI><a href="#[27]">TIM1_UP_IRQHandler</a> from startup_stm32f10x_md.o(.text) referenced from startup_stm32f10x_md.o(RESET)
 <LI><a href="#[2a]">TIM2_IRQHandler</a> from stm32f10x_it.o(i.TIM2_IRQHandler) referenced from startup_stm32f10x_md.o(RESET)
 <LI><a href="#[2b]">TIM3_IRQHandler</a> from stm32f10x_it.o(i.TIM3_IRQHandler) referenced from startup_stm32f10x_md.o(RESET)
 <LI><a href="#[2c]">TIM4_IRQHandler</a> from startup_stm32f10x_md.o(.text) referenced from startup_stm32f10x_md.o(RESET)
 <LI><a href="#[3e]">Task_Extra_Function</a> from taskextra.o(i.Task_Extra_Function) referenced from sysmain.o(i.main)
 <LI><a href="#[3f]">Task_GUI_Function</a> from taskgui.o(i.Task_GUI_Function) referenced from sysmain.o(i.main)
 <LI><a href="#[3c]">Task_Power_Function</a> from bsp_rn8302b.o(i.Task_Power_Function) referenced from sysmain.o(i.main)
 <LI><a href="#[3d]">Task_Protect_Function</a> from taskprotect.o(i.Task_Protect_Function) referenced from sysmain.o(i.main)
 <LI><a href="#[3b]">Task_RS232_Function</a> from taskrs232.o(i.Task_RS232_Function) referenced from sysmain.o(i.main)
 <LI><a href="#[33]">USART1_IRQHandler</a> from stm32f10x_it.o(i.USART1_IRQHandler) referenced from startup_stm32f10x_md.o(RESET)
 <LI><a href="#[34]">USART2_IRQHandler</a> from startup_stm32f10x_md.o(.text) referenced from startup_stm32f10x_md.o(RESET)
 <LI><a href="#[35]">USART3_IRQHandler</a> from startup_stm32f10x_md.o(.text) referenced from startup_stm32f10x_md.o(RESET)
 <LI><a href="#[38]">USBWakeUp_IRQHandler</a> from startup_stm32f10x_md.o(.text) referenced from startup_stm32f10x_md.o(RESET)
 <LI><a href="#[21]">USB_HP_CAN1_TX_IRQHandler</a> from startup_stm32f10x_md.o(.text) referenced from startup_stm32f10x_md.o(RESET)
 <LI><a href="#[22]">USB_LP_CAN1_RX0_IRQHandler</a> from startup_stm32f10x_md.o(.text) referenced from startup_stm32f10x_md.o(RESET)
 <LI><a href="#[9]">UsageFault_Handler</a> from startup_stm32f10x_md.o(.text) referenced from startup_stm32f10x_md.o(RESET)
 <LI><a href="#[e]">WWDG_IRQHandler</a> from startup_stm32f10x_md.o(.text) referenced from startup_stm32f10x_md.o(RESET)
 <LI><a href="#[48]">__main</a> from __main.o(!!!main) referenced from startup_stm32f10x_md.o(.text)
</UL>
<P>
<H3>
Global Symbols
</H3>
<P><STRONG><a name="[48]"></a>__main</STRONG> (Thumb, 8 bytes, Stack size 0 bytes, __main.o(!!!main))
<BR><BR>[Calls]<UL><LI><a href="#[4a]">&gt;&gt;</a>&nbsp;&nbsp;&nbsp;__rt_entry
<LI><a href="#[49]">&gt;&gt;</a>&nbsp;&nbsp;&nbsp;__scatterload
</UL>

<P><STRONG><a name="[49]"></a>__scatterload</STRONG> (Thumb, 0 bytes, Stack size unknown bytes, __scatter.o(!!!scatter))
<BR><BR>[Called By]<UL><LI><a href="#[48]">&gt;&gt;</a>&nbsp;&nbsp;&nbsp;__main
</UL>

<P><STRONG><a name="[4b]"></a>__scatterload_rt2</STRONG> (Thumb, 44 bytes, Stack size unknown bytes, __scatter.o(!!!scatter), UNUSED)
<BR><BR>[Calls]<UL><LI><a href="#[4a]">&gt;&gt;</a>&nbsp;&nbsp;&nbsp;__rt_entry
</UL>

<P><STRONG><a name="[19d]"></a>__scatterload_rt2_thumb_only</STRONG> (Thumb, 0 bytes, Stack size unknown bytes, __scatter.o(!!!scatter), UNUSED)

<P><STRONG><a name="[19e]"></a>__scatterload_null</STRONG> (Thumb, 0 bytes, Stack size unknown bytes, __scatter.o(!!!scatter), UNUSED)

<P><STRONG><a name="[19f]"></a>__decompress</STRONG> (Thumb, 90 bytes, Stack size unknown bytes, __dczerorl2.o(!!dczerorl2), UNUSED)

<P><STRONG><a name="[1a0]"></a>__decompress1</STRONG> (Thumb, 0 bytes, Stack size unknown bytes, __dczerorl2.o(!!dczerorl2), UNUSED)

<P><STRONG><a name="[1a1]"></a>__scatterload_zeroinit</STRONG> (Thumb, 28 bytes, Stack size unknown bytes, __scatter_zi.o(!!handler_zi), UNUSED)

<P><STRONG><a name="[4f]"></a>__rt_lib_init</STRONG> (Thumb, 0 bytes, Stack size unknown bytes, libinit.o(.ARM.Collect$$libinit$$00000000))
<BR><BR>[Called By]<UL><LI><a href="#[4e]">&gt;&gt;</a>&nbsp;&nbsp;&nbsp;__rt_entry_li
</UL>

<P><STRONG><a name="[1a2]"></a>__rt_lib_init_alloca_1</STRONG> (Thumb, 0 bytes, Stack size unknown bytes, libinit2.o(.ARM.Collect$$libinit$$0000002E))

<P><STRONG><a name="[1a3]"></a>__rt_lib_init_argv_1</STRONG> (Thumb, 0 bytes, Stack size unknown bytes, libinit2.o(.ARM.Collect$$libinit$$0000002C))

<P><STRONG><a name="[1a4]"></a>__rt_lib_init_atexit_1</STRONG> (Thumb, 0 bytes, Stack size unknown bytes, libinit2.o(.ARM.Collect$$libinit$$0000001B))

<P><STRONG><a name="[1a5]"></a>__rt_lib_init_clock_1</STRONG> (Thumb, 0 bytes, Stack size unknown bytes, libinit2.o(.ARM.Collect$$libinit$$00000021))

<P><STRONG><a name="[1a6]"></a>__rt_lib_init_cpp_1</STRONG> (Thumb, 0 bytes, Stack size unknown bytes, libinit2.o(.ARM.Collect$$libinit$$00000032))

<P><STRONG><a name="[1a7]"></a>__rt_lib_init_exceptions_1</STRONG> (Thumb, 0 bytes, Stack size unknown bytes, libinit2.o(.ARM.Collect$$libinit$$00000030))

<P><STRONG><a name="[1a8]"></a>__rt_lib_init_fp_1</STRONG> (Thumb, 0 bytes, Stack size unknown bytes, libinit2.o(.ARM.Collect$$libinit$$00000002))

<P><STRONG><a name="[1a9]"></a>__rt_lib_init_fp_trap_1</STRONG> (Thumb, 0 bytes, Stack size unknown bytes, libinit2.o(.ARM.Collect$$libinit$$0000001F))

<P><STRONG><a name="[1aa]"></a>__rt_lib_init_getenv_1</STRONG> (Thumb, 0 bytes, Stack size unknown bytes, libinit2.o(.ARM.Collect$$libinit$$00000023))

<P><STRONG><a name="[1ab]"></a>__rt_lib_init_heap_1</STRONG> (Thumb, 0 bytes, Stack size unknown bytes, libinit2.o(.ARM.Collect$$libinit$$0000000A))

<P><STRONG><a name="[1ac]"></a>__rt_lib_init_lc_collate_1</STRONG> (Thumb, 0 bytes, Stack size unknown bytes, libinit2.o(.ARM.Collect$$libinit$$00000011))

<P><STRONG><a name="[1ad]"></a>__rt_lib_init_lc_ctype_1</STRONG> (Thumb, 0 bytes, Stack size unknown bytes, libinit2.o(.ARM.Collect$$libinit$$00000013))

<P><STRONG><a name="[1ae]"></a>__rt_lib_init_lc_monetary_1</STRONG> (Thumb, 0 bytes, Stack size unknown bytes, libinit2.o(.ARM.Collect$$libinit$$00000015))

<P><STRONG><a name="[1af]"></a>__rt_lib_init_lc_numeric_1</STRONG> (Thumb, 0 bytes, Stack size unknown bytes, libinit2.o(.ARM.Collect$$libinit$$00000017))

<P><STRONG><a name="[1b0]"></a>__rt_lib_init_lc_time_1</STRONG> (Thumb, 0 bytes, Stack size unknown bytes, libinit2.o(.ARM.Collect$$libinit$$00000019))

<P><STRONG><a name="[1b1]"></a>__rt_lib_init_preinit_1</STRONG> (Thumb, 0 bytes, Stack size unknown bytes, libinit2.o(.ARM.Collect$$libinit$$00000004))

<P><STRONG><a name="[1b2]"></a>__rt_lib_init_rand_1</STRONG> (Thumb, 0 bytes, Stack size unknown bytes, libinit2.o(.ARM.Collect$$libinit$$0000000E))

<P><STRONG><a name="[1b3]"></a>__rt_lib_init_return</STRONG> (Thumb, 0 bytes, Stack size unknown bytes, libinit2.o(.ARM.Collect$$libinit$$00000033))

<P><STRONG><a name="[1b4]"></a>__rt_lib_init_signal_1</STRONG> (Thumb, 0 bytes, Stack size unknown bytes, libinit2.o(.ARM.Collect$$libinit$$0000001D))

<P><STRONG><a name="[1b5]"></a>__rt_lib_init_stdio_1</STRONG> (Thumb, 0 bytes, Stack size unknown bytes, libinit2.o(.ARM.Collect$$libinit$$00000025))

<P><STRONG><a name="[1b6]"></a>__rt_lib_init_user_alloc_1</STRONG> (Thumb, 0 bytes, Stack size unknown bytes, libinit2.o(.ARM.Collect$$libinit$$0000000C))

<P><STRONG><a name="[54]"></a>__rt_lib_shutdown</STRONG> (Thumb, 0 bytes, Stack size unknown bytes, libshutdown.o(.ARM.Collect$$libshutdown$$00000000))
<BR><BR>[Called By]<UL><LI><a href="#[53]">&gt;&gt;</a>&nbsp;&nbsp;&nbsp;__rt_exit_ls
</UL>

<P><STRONG><a name="[1b7]"></a>__rt_lib_shutdown_fp_trap_1</STRONG> (Thumb, 0 bytes, Stack size unknown bytes, libshutdown2.o(.ARM.Collect$$libshutdown$$00000006))

<P><STRONG><a name="[1b8]"></a>__rt_lib_shutdown_heap_1</STRONG> (Thumb, 0 bytes, Stack size unknown bytes, libshutdown2.o(.ARM.Collect$$libshutdown$$0000000E))

<P><STRONG><a name="[1b9]"></a>__rt_lib_shutdown_return</STRONG> (Thumb, 0 bytes, Stack size unknown bytes, libshutdown2.o(.ARM.Collect$$libshutdown$$0000000F))

<P><STRONG><a name="[1ba]"></a>__rt_lib_shutdown_signal_1</STRONG> (Thumb, 0 bytes, Stack size unknown bytes, libshutdown2.o(.ARM.Collect$$libshutdown$$00000009))

<P><STRONG><a name="[1bb]"></a>__rt_lib_shutdown_stdio_1</STRONG> (Thumb, 0 bytes, Stack size unknown bytes, libshutdown2.o(.ARM.Collect$$libshutdown$$00000003))

<P><STRONG><a name="[1bc]"></a>__rt_lib_shutdown_user_alloc_1</STRONG> (Thumb, 0 bytes, Stack size unknown bytes, libshutdown2.o(.ARM.Collect$$libshutdown$$0000000B))

<P><STRONG><a name="[4a]"></a>__rt_entry</STRONG> (Thumb, 0 bytes, Stack size unknown bytes, __rtentry.o(.ARM.Collect$$rtentry$$00000000))
<BR><BR>[Called By]<UL><LI><a href="#[48]">&gt;&gt;</a>&nbsp;&nbsp;&nbsp;__main
<LI><a href="#[4b]">&gt;&gt;</a>&nbsp;&nbsp;&nbsp;__scatterload_rt2
</UL>

<P><STRONG><a name="[1bd]"></a>__rt_entry_presh_1</STRONG> (Thumb, 0 bytes, Stack size unknown bytes, __rtentry2.o(.ARM.Collect$$rtentry$$00000002))

<P><STRONG><a name="[4c]"></a>__rt_entry_sh</STRONG> (Thumb, 0 bytes, Stack size unknown bytes, __rtentry4.o(.ARM.Collect$$rtentry$$00000004))
<BR><BR>[Stack]<UL><LI>Max Depth = 8 + Unknown Stack Size
<LI>Call Chain = __rt_entry_sh &rArr; __user_setup_stackheap
</UL>
<BR>[Calls]<UL><LI><a href="#[4d]">&gt;&gt;</a>&nbsp;&nbsp;&nbsp;__user_setup_stackheap
</UL>

<P><STRONG><a name="[4e]"></a>__rt_entry_li</STRONG> (Thumb, 0 bytes, Stack size unknown bytes, __rtentry2.o(.ARM.Collect$$rtentry$$0000000A))
<BR><BR>[Calls]<UL><LI><a href="#[4f]">&gt;&gt;</a>&nbsp;&nbsp;&nbsp;__rt_lib_init
</UL>

<P><STRONG><a name="[1be]"></a>__rt_entry_postsh_1</STRONG> (Thumb, 0 bytes, Stack size unknown bytes, __rtentry2.o(.ARM.Collect$$rtentry$$00000009))

<P><STRONG><a name="[50]"></a>__rt_entry_main</STRONG> (Thumb, 0 bytes, Stack size unknown bytes, __rtentry2.o(.ARM.Collect$$rtentry$$0000000D))
<BR><BR>[Stack]<UL><LI>Max Depth = 600 + Unknown Stack Size
<LI>Call Chain = __rt_entry_main &rArr; main &rArr; LoadParam &rArr; MemData_ReadParam &rArr; MemData_CmpParam &rArr; MemData_WriteParam &rArr; MemData_Write_To_Flash &rArr; FLASH_ProgramWord &rArr; FLASH_WaitForLastOperation
</UL>
<BR>[Calls]<UL><LI><a href="#[51]">&gt;&gt;</a>&nbsp;&nbsp;&nbsp;main
<LI><a href="#[52]">&gt;&gt;</a>&nbsp;&nbsp;&nbsp;exit
</UL>

<P><STRONG><a name="[1bf]"></a>__rt_entry_postli_1</STRONG> (Thumb, 0 bytes, Stack size unknown bytes, __rtentry2.o(.ARM.Collect$$rtentry$$0000000C))

<P><STRONG><a name="[64]"></a>__rt_exit</STRONG> (Thumb, 0 bytes, Stack size unknown bytes, rtexit.o(.ARM.Collect$$rtexit$$00000000))
<BR><BR>[Called By]<UL><LI><a href="#[52]">&gt;&gt;</a>&nbsp;&nbsp;&nbsp;exit
</UL>

<P><STRONG><a name="[53]"></a>__rt_exit_ls</STRONG> (Thumb, 0 bytes, Stack size unknown bytes, rtexit2.o(.ARM.Collect$$rtexit$$00000003))
<BR><BR>[Calls]<UL><LI><a href="#[54]">&gt;&gt;</a>&nbsp;&nbsp;&nbsp;__rt_lib_shutdown
</UL>

<P><STRONG><a name="[1c0]"></a>__rt_exit_prels_1</STRONG> (Thumb, 0 bytes, Stack size unknown bytes, rtexit2.o(.ARM.Collect$$rtexit$$00000002))

<P><STRONG><a name="[55]"></a>__rt_exit_exit</STRONG> (Thumb, 0 bytes, Stack size unknown bytes, rtexit2.o(.ARM.Collect$$rtexit$$00000004))
<BR><BR>[Calls]<UL><LI><a href="#[56]">&gt;&gt;</a>&nbsp;&nbsp;&nbsp;_sys_exit
</UL>

<P><STRONG><a name="[4]"></a>Reset_Handler</STRONG> (Thumb, 8 bytes, Stack size 0 bytes, startup_stm32f10x_md.o(.text))
<BR>[Address Reference Count : 1]<UL><LI> startup_stm32f10x_md.o(RESET)
</UL>
<P><STRONG><a name="[7]"></a>MemManage_Handler</STRONG> (Thumb, 2 bytes, Stack size 0 bytes, startup_stm32f10x_md.o(.text))
<BR><BR>[Calls]<UL><LI><a href="#[7]">&gt;&gt;</a>&nbsp;&nbsp;&nbsp;MemManage_Handler
</UL>
<BR>[Called By]<UL><LI><a href="#[7]">&gt;&gt;</a>&nbsp;&nbsp;&nbsp;MemManage_Handler
</UL>
<BR>[Address Reference Count : 1]<UL><LI> startup_stm32f10x_md.o(RESET)
</UL>
<P><STRONG><a name="[8]"></a>BusFault_Handler</STRONG> (Thumb, 2 bytes, Stack size 0 bytes, startup_stm32f10x_md.o(.text))
<BR><BR>[Calls]<UL><LI><a href="#[8]">&gt;&gt;</a>&nbsp;&nbsp;&nbsp;BusFault_Handler
</UL>
<BR>[Called By]<UL><LI><a href="#[8]">&gt;&gt;</a>&nbsp;&nbsp;&nbsp;BusFault_Handler
</UL>
<BR>[Address Reference Count : 1]<UL><LI> startup_stm32f10x_md.o(RESET)
</UL>
<P><STRONG><a name="[9]"></a>UsageFault_Handler</STRONG> (Thumb, 2 bytes, Stack size 0 bytes, startup_stm32f10x_md.o(.text))
<BR><BR>[Calls]<UL><LI><a href="#[9]">&gt;&gt;</a>&nbsp;&nbsp;&nbsp;UsageFault_Handler
</UL>
<BR>[Called By]<UL><LI><a href="#[9]">&gt;&gt;</a>&nbsp;&nbsp;&nbsp;UsageFault_Handler
</UL>
<BR>[Address Reference Count : 1]<UL><LI> startup_stm32f10x_md.o(RESET)
</UL>
<P><STRONG><a name="[b]"></a>DebugMon_Handler</STRONG> (Thumb, 2 bytes, Stack size 0 bytes, startup_stm32f10x_md.o(.text))
<BR><BR>[Calls]<UL><LI><a href="#[b]">&gt;&gt;</a>&nbsp;&nbsp;&nbsp;DebugMon_Handler
</UL>
<BR>[Called By]<UL><LI><a href="#[b]">&gt;&gt;</a>&nbsp;&nbsp;&nbsp;DebugMon_Handler
</UL>
<BR>[Address Reference Count : 1]<UL><LI> startup_stm32f10x_md.o(RESET)
</UL>
<P><STRONG><a name="[20]"></a>ADC1_2_IRQHandler</STRONG> (Thumb, 0 bytes, Stack size 0 bytes, startup_stm32f10x_md.o(.text))
<BR><BR>[Calls]<UL><LI><a href="#[20]">&gt;&gt;</a>&nbsp;&nbsp;&nbsp;ADC1_2_IRQHandler
</UL>
<BR>[Called By]<UL><LI><a href="#[20]">&gt;&gt;</a>&nbsp;&nbsp;&nbsp;ADC1_2_IRQHandler
</UL>
<BR>[Address Reference Count : 1]<UL><LI> startup_stm32f10x_md.o(RESET)
</UL>
<P><STRONG><a name="[23]"></a>CAN1_RX1_IRQHandler</STRONG> (Thumb, 0 bytes, Stack size 0 bytes, startup_stm32f10x_md.o(.text))
<BR>[Address Reference Count : 1]<UL><LI> startup_stm32f10x_md.o(RESET)
</UL>
<P><STRONG><a name="[24]"></a>CAN1_SCE_IRQHandler</STRONG> (Thumb, 0 bytes, Stack size 0 bytes, startup_stm32f10x_md.o(.text))
<BR>[Address Reference Count : 1]<UL><LI> startup_stm32f10x_md.o(RESET)
</UL>
<P><STRONG><a name="[1a]"></a>DMA1_Channel2_IRQHandler</STRONG> (Thumb, 0 bytes, Stack size 0 bytes, startup_stm32f10x_md.o(.text))
<BR>[Address Reference Count : 1]<UL><LI> startup_stm32f10x_md.o(RESET)
</UL>
<P><STRONG><a name="[1b]"></a>DMA1_Channel3_IRQHandler</STRONG> (Thumb, 0 bytes, Stack size 0 bytes, startup_stm32f10x_md.o(.text))
<BR>[Address Reference Count : 1]<UL><LI> startup_stm32f10x_md.o(RESET)
</UL>
<P><STRONG><a name="[1c]"></a>DMA1_Channel4_IRQHandler</STRONG> (Thumb, 0 bytes, Stack size 0 bytes, startup_stm32f10x_md.o(.text))
<BR>[Address Reference Count : 1]<UL><LI> startup_stm32f10x_md.o(RESET)
</UL>
<P><STRONG><a name="[1d]"></a>DMA1_Channel5_IRQHandler</STRONG> (Thumb, 0 bytes, Stack size 0 bytes, startup_stm32f10x_md.o(.text))
<BR>[Address Reference Count : 1]<UL><LI> startup_stm32f10x_md.o(RESET)
</UL>
<P><STRONG><a name="[1e]"></a>DMA1_Channel6_IRQHandler</STRONG> (Thumb, 0 bytes, Stack size 0 bytes, startup_stm32f10x_md.o(.text))
<BR>[Address Reference Count : 1]<UL><LI> startup_stm32f10x_md.o(RESET)
</UL>
<P><STRONG><a name="[1f]"></a>DMA1_Channel7_IRQHandler</STRONG> (Thumb, 0 bytes, Stack size 0 bytes, startup_stm32f10x_md.o(.text))
<BR>[Address Reference Count : 1]<UL><LI> startup_stm32f10x_md.o(RESET)
</UL>
<P><STRONG><a name="[14]"></a>EXTI0_IRQHandler</STRONG> (Thumb, 0 bytes, Stack size 0 bytes, startup_stm32f10x_md.o(.text))
<BR>[Address Reference Count : 1]<UL><LI> startup_stm32f10x_md.o(RESET)
</UL>
<P><STRONG><a name="[36]"></a>EXTI15_10_IRQHandler</STRONG> (Thumb, 0 bytes, Stack size 0 bytes, startup_stm32f10x_md.o(.text))
<BR>[Address Reference Count : 1]<UL><LI> startup_stm32f10x_md.o(RESET)
</UL>
<P><STRONG><a name="[15]"></a>EXTI1_IRQHandler</STRONG> (Thumb, 0 bytes, Stack size 0 bytes, startup_stm32f10x_md.o(.text))
<BR>[Address Reference Count : 1]<UL><LI> startup_stm32f10x_md.o(RESET)
</UL>
<P><STRONG><a name="[16]"></a>EXTI2_IRQHandler</STRONG> (Thumb, 0 bytes, Stack size 0 bytes, startup_stm32f10x_md.o(.text))
<BR>[Address Reference Count : 1]<UL><LI> startup_stm32f10x_md.o(RESET)
</UL>
<P><STRONG><a name="[17]"></a>EXTI3_IRQHandler</STRONG> (Thumb, 0 bytes, Stack size 0 bytes, startup_stm32f10x_md.o(.text))
<BR>[Address Reference Count : 1]<UL><LI> startup_stm32f10x_md.o(RESET)
</UL>
<P><STRONG><a name="[18]"></a>EXTI4_IRQHandler</STRONG> (Thumb, 0 bytes, Stack size 0 bytes, startup_stm32f10x_md.o(.text))
<BR>[Address Reference Count : 1]<UL><LI> startup_stm32f10x_md.o(RESET)
</UL>
<P><STRONG><a name="[25]"></a>EXTI9_5_IRQHandler</STRONG> (Thumb, 0 bytes, Stack size 0 bytes, startup_stm32f10x_md.o(.text))
<BR>[Address Reference Count : 1]<UL><LI> startup_stm32f10x_md.o(RESET)
</UL>
<P><STRONG><a name="[12]"></a>FLASH_IRQHandler</STRONG> (Thumb, 0 bytes, Stack size 0 bytes, startup_stm32f10x_md.o(.text))
<BR>[Address Reference Count : 1]<UL><LI> startup_stm32f10x_md.o(RESET)
</UL>
<P><STRONG><a name="[2e]"></a>I2C1_ER_IRQHandler</STRONG> (Thumb, 0 bytes, Stack size 0 bytes, startup_stm32f10x_md.o(.text))
<BR>[Address Reference Count : 1]<UL><LI> startup_stm32f10x_md.o(RESET)
</UL>
<P><STRONG><a name="[2d]"></a>I2C1_EV_IRQHandler</STRONG> (Thumb, 0 bytes, Stack size 0 bytes, startup_stm32f10x_md.o(.text))
<BR>[Address Reference Count : 1]<UL><LI> startup_stm32f10x_md.o(RESET)
</UL>
<P><STRONG><a name="[30]"></a>I2C2_ER_IRQHandler</STRONG> (Thumb, 0 bytes, Stack size 0 bytes, startup_stm32f10x_md.o(.text))
<BR>[Address Reference Count : 1]<UL><LI> startup_stm32f10x_md.o(RESET)
</UL>
<P><STRONG><a name="[2f]"></a>I2C2_EV_IRQHandler</STRONG> (Thumb, 0 bytes, Stack size 0 bytes, startup_stm32f10x_md.o(.text))
<BR>[Address Reference Count : 1]<UL><LI> startup_stm32f10x_md.o(RESET)
</UL>
<P><STRONG><a name="[f]"></a>PVD_IRQHandler</STRONG> (Thumb, 0 bytes, Stack size 0 bytes, startup_stm32f10x_md.o(.text))
<BR>[Address Reference Count : 1]<UL><LI> startup_stm32f10x_md.o(RESET)
</UL>
<P><STRONG><a name="[13]"></a>RCC_IRQHandler</STRONG> (Thumb, 0 bytes, Stack size 0 bytes, startup_stm32f10x_md.o(.text))
<BR>[Address Reference Count : 1]<UL><LI> startup_stm32f10x_md.o(RESET)
</UL>
<P><STRONG><a name="[37]"></a>RTCAlarm_IRQHandler</STRONG> (Thumb, 0 bytes, Stack size 0 bytes, startup_stm32f10x_md.o(.text))
<BR>[Address Reference Count : 1]<UL><LI> startup_stm32f10x_md.o(RESET)
</UL>
<P><STRONG><a name="[11]"></a>RTC_IRQHandler</STRONG> (Thumb, 0 bytes, Stack size 0 bytes, startup_stm32f10x_md.o(.text))
<BR>[Address Reference Count : 1]<UL><LI> startup_stm32f10x_md.o(RESET)
</UL>
<P><STRONG><a name="[31]"></a>SPI1_IRQHandler</STRONG> (Thumb, 0 bytes, Stack size 0 bytes, startup_stm32f10x_md.o(.text))
<BR>[Address Reference Count : 1]<UL><LI> startup_stm32f10x_md.o(RESET)
</UL>
<P><STRONG><a name="[32]"></a>SPI2_IRQHandler</STRONG> (Thumb, 0 bytes, Stack size 0 bytes, startup_stm32f10x_md.o(.text))
<BR>[Address Reference Count : 1]<UL><LI> startup_stm32f10x_md.o(RESET)
</UL>
<P><STRONG><a name="[10]"></a>TAMPER_IRQHandler</STRONG> (Thumb, 0 bytes, Stack size 0 bytes, startup_stm32f10x_md.o(.text))
<BR>[Address Reference Count : 1]<UL><LI> startup_stm32f10x_md.o(RESET)
</UL>
<P><STRONG><a name="[26]"></a>TIM1_BRK_IRQHandler</STRONG> (Thumb, 0 bytes, Stack size 0 bytes, startup_stm32f10x_md.o(.text))
<BR>[Address Reference Count : 1]<UL><LI> startup_stm32f10x_md.o(RESET)
</UL>
<P><STRONG><a name="[29]"></a>TIM1_CC_IRQHandler</STRONG> (Thumb, 0 bytes, Stack size 0 bytes, startup_stm32f10x_md.o(.text))
<BR>[Address Reference Count : 1]<UL><LI> startup_stm32f10x_md.o(RESET)
</UL>
<P><STRONG><a name="[28]"></a>TIM1_TRG_COM_IRQHandler</STRONG> (Thumb, 0 bytes, Stack size 0 bytes, startup_stm32f10x_md.o(.text))
<BR>[Address Reference Count : 1]<UL><LI> startup_stm32f10x_md.o(RESET)
</UL>
<P><STRONG><a name="[27]"></a>TIM1_UP_IRQHandler</STRONG> (Thumb, 0 bytes, Stack size 0 bytes, startup_stm32f10x_md.o(.text))
<BR>[Address Reference Count : 1]<UL><LI> startup_stm32f10x_md.o(RESET)
</UL>
<P><STRONG><a name="[2c]"></a>TIM4_IRQHandler</STRONG> (Thumb, 0 bytes, Stack size 0 bytes, startup_stm32f10x_md.o(.text))
<BR>[Address Reference Count : 1]<UL><LI> startup_stm32f10x_md.o(RESET)
</UL>
<P><STRONG><a name="[34]"></a>USART2_IRQHandler</STRONG> (Thumb, 0 bytes, Stack size 0 bytes, startup_stm32f10x_md.o(.text))
<BR>[Address Reference Count : 1]<UL><LI> startup_stm32f10x_md.o(RESET)
</UL>
<P><STRONG><a name="[35]"></a>USART3_IRQHandler</STRONG> (Thumb, 0 bytes, Stack size 0 bytes, startup_stm32f10x_md.o(.text))
<BR>[Address Reference Count : 1]<UL><LI> startup_stm32f10x_md.o(RESET)
</UL>
<P><STRONG><a name="[38]"></a>USBWakeUp_IRQHandler</STRONG> (Thumb, 0 bytes, Stack size 0 bytes, startup_stm32f10x_md.o(.text))
<BR>[Address Reference Count : 1]<UL><LI> startup_stm32f10x_md.o(RESET)
</UL>
<P><STRONG><a name="[21]"></a>USB_HP_CAN1_TX_IRQHandler</STRONG> (Thumb, 0 bytes, Stack size 0 bytes, startup_stm32f10x_md.o(.text))
<BR>[Address Reference Count : 1]<UL><LI> startup_stm32f10x_md.o(RESET)
</UL>
<P><STRONG><a name="[22]"></a>USB_LP_CAN1_RX0_IRQHandler</STRONG> (Thumb, 0 bytes, Stack size 0 bytes, startup_stm32f10x_md.o(.text))
<BR>[Address Reference Count : 1]<UL><LI> startup_stm32f10x_md.o(RESET)
</UL>
<P><STRONG><a name="[e]"></a>WWDG_IRQHandler</STRONG> (Thumb, 0 bytes, Stack size 0 bytes, startup_stm32f10x_md.o(.text))
<BR>[Address Reference Count : 1]<UL><LI> startup_stm32f10x_md.o(RESET)
</UL>
<P><STRONG><a name="[63]"></a>__user_initial_stackheap</STRONG> (Thumb, 0 bytes, Stack size unknown bytes, startup_stm32f10x_md.o(.text))
<BR><BR>[Called By]<UL><LI><a href="#[4d]">&gt;&gt;</a>&nbsp;&nbsp;&nbsp;__user_setup_stackheap
</UL>

<P><STRONG><a name="[11c]"></a>__aeabi_ldivmod</STRONG> (Thumb, 0 bytes, Stack size 8 bytes, llsdiv.o(.text))
<BR><BR>[Stack]<UL><LI>Max Depth = 8<LI>Call Chain = __aeabi_ldivmod
</UL>
<BR>[Called By]<UL><LI><a href="#[111]">&gt;&gt;</a>&nbsp;&nbsp;&nbsp;RN8032_Updata
</UL>

<P><STRONG><a name="[57]"></a>_ll_sdiv</STRONG> (Thumb, 72 bytes, Stack size 8 bytes, llsdiv.o(.text), UNUSED)
<BR><BR>[Calls]<UL><LI><a href="#[58]">&gt;&gt;</a>&nbsp;&nbsp;&nbsp;__aeabi_uldivmod
</UL>

<P><STRONG><a name="[af]"></a>__aeabi_memcpy</STRONG> (Thumb, 0 bytes, Stack size 0 bytes, rt_memcpy_v6.o(.text))
<BR><BR>[Called By]<UL><LI><a href="#[bd]">&gt;&gt;</a>&nbsp;&nbsp;&nbsp;GUI_Key_Ok
<LI><a href="#[b0]">&gt;&gt;</a>&nbsp;&nbsp;&nbsp;FRAM_WriteData
<LI><a href="#[10f]">&gt;&gt;</a>&nbsp;&nbsp;&nbsp;RN8032_Adjust
<LI><a href="#[171]">&gt;&gt;</a>&nbsp;&nbsp;&nbsp;vModeBus_Query_Primary_HarmI
<LI><a href="#[16e]">&gt;&gt;</a>&nbsp;&nbsp;&nbsp;vModeBus_Query_Primary
<LI><a href="#[16d]">&gt;&gt;</a>&nbsp;&nbsp;&nbsp;vModeBusRtu_Analysis
<LI><a href="#[165]">&gt;&gt;</a>&nbsp;&nbsp;&nbsp;vMSRS232_Set_Adjust
<LI><a href="#[168]">&gt;&gt;</a>&nbsp;&nbsp;&nbsp;vMSRS232_Query_Power
<LI><a href="#[167]">&gt;&gt;</a>&nbsp;&nbsp;&nbsp;vMSRS232_Query_Param
<LI><a href="#[166]">&gt;&gt;</a>&nbsp;&nbsp;&nbsp;vMSRS232_Query_Adjust
<LI><a href="#[ef]">&gt;&gt;</a>&nbsp;&nbsp;&nbsp;MemData_WriteParam
<LI><a href="#[eb]">&gt;&gt;</a>&nbsp;&nbsp;&nbsp;MemData_ReadParam
<LI><a href="#[ad]">&gt;&gt;</a>&nbsp;&nbsp;&nbsp;FRAM_ReadData
</UL>

<P><STRONG><a name="[59]"></a>__rt_memcpy</STRONG> (Thumb, 138 bytes, Stack size 0 bytes, rt_memcpy_v6.o(.text), UNUSED)
<BR><BR>[Calls]<UL><LI><a href="#[5a]">&gt;&gt;</a>&nbsp;&nbsp;&nbsp;__aeabi_memcpy4
</UL>

<P><STRONG><a name="[1c1]"></a>_memcpy_lastbytes</STRONG> (Thumb, 0 bytes, Stack size unknown bytes, rt_memcpy_v6.o(.text), UNUSED)

<P><STRONG><a name="[5a]"></a>__aeabi_memcpy4</STRONG> (Thumb, 0 bytes, Stack size 8 bytes, rt_memcpy_w.o(.text))
<BR><BR>[Stack]<UL><LI>Max Depth = 8<LI>Call Chain = __aeabi_memcpy4
</UL>
<BR>[Called By]<UL><LI><a href="#[eb]">&gt;&gt;</a>&nbsp;&nbsp;&nbsp;MemData_ReadParam
<LI><a href="#[59]">&gt;&gt;</a>&nbsp;&nbsp;&nbsp;__rt_memcpy
</UL>

<P><STRONG><a name="[1c2]"></a>__aeabi_memcpy8</STRONG> (Thumb, 0 bytes, Stack size 8 bytes, rt_memcpy_w.o(.text), UNUSED)

<P><STRONG><a name="[1c3]"></a>__rt_memcpy_w</STRONG> (Thumb, 100 bytes, Stack size 8 bytes, rt_memcpy_w.o(.text), UNUSED)

<P><STRONG><a name="[1c4]"></a>_memcpy_lastbytes_aligned</STRONG> (Thumb, 0 bytes, Stack size unknown bytes, rt_memcpy_w.o(.text), UNUSED)

<P><STRONG><a name="[5b]"></a>__aeabi_memset</STRONG> (Thumb, 16 bytes, Stack size 0 bytes, aeabi_memset.o(.text))
<BR><BR>[Calls]<UL><LI><a href="#[5c]">&gt;&gt;</a>&nbsp;&nbsp;&nbsp;_memset
</UL>
<BR>[Called By]<UL><LI><a href="#[b0]">&gt;&gt;</a>&nbsp;&nbsp;&nbsp;FRAM_WriteData
<LI><a href="#[ef]">&gt;&gt;</a>&nbsp;&nbsp;&nbsp;MemData_WriteParam
</UL>

<P><STRONG><a name="[149]"></a>__aeabi_memclr</STRONG> (Thumb, 0 bytes, Stack size 0 bytes, rt_memclr.o(.text))
<BR><BR>[Called By]<UL><LI><a href="#[148]">&gt;&gt;</a>&nbsp;&nbsp;&nbsp;Task_RS232_init
</UL>

<P><STRONG><a name="[5d]"></a>__rt_memclr</STRONG> (Thumb, 68 bytes, Stack size 0 bytes, rt_memclr.o(.text), UNUSED)
<BR><BR>[Calls]<UL><LI><a href="#[5e]">&gt;&gt;</a>&nbsp;&nbsp;&nbsp;_memset_w
</UL>

<P><STRONG><a name="[5c]"></a>_memset</STRONG> (Thumb, 0 bytes, Stack size unknown bytes, rt_memclr.o(.text))
<BR><BR>[Called By]<UL><LI><a href="#[5b]">&gt;&gt;</a>&nbsp;&nbsp;&nbsp;__aeabi_memset
</UL>

<P><STRONG><a name="[1c5]"></a>__aeabi_memclr4</STRONG> (Thumb, 0 bytes, Stack size 4 bytes, rt_memclr_w.o(.text), UNUSED)

<P><STRONG><a name="[1c6]"></a>__aeabi_memclr8</STRONG> (Thumb, 0 bytes, Stack size 4 bytes, rt_memclr_w.o(.text), UNUSED)

<P><STRONG><a name="[1c7]"></a>__rt_memclr_w</STRONG> (Thumb, 78 bytes, Stack size 4 bytes, rt_memclr_w.o(.text), UNUSED)

<P><STRONG><a name="[5e]"></a>_memset_w</STRONG> (Thumb, 0 bytes, Stack size unknown bytes, rt_memclr_w.o(.text), UNUSED)
<BR><BR>[Called By]<UL><LI><a href="#[5d]">&gt;&gt;</a>&nbsp;&nbsp;&nbsp;__rt_memclr
</UL>

<P><STRONG><a name="[1c8]"></a>__use_two_region_memory</STRONG> (Thumb, 2 bytes, Stack size 0 bytes, heapauxi.o(.text), UNUSED)

<P><STRONG><a name="[1c9]"></a>__rt_heap_escrow$2region</STRONG> (Thumb, 2 bytes, Stack size 0 bytes, heapauxi.o(.text), UNUSED)

<P><STRONG><a name="[1ca]"></a>__rt_heap_expand$2region</STRONG> (Thumb, 2 bytes, Stack size 0 bytes, heapauxi.o(.text), UNUSED)

<P><STRONG><a name="[58]"></a>__aeabi_uldivmod</STRONG> (Thumb, 0 bytes, Stack size 48 bytes, lludivv7m.o(.text), UNUSED)
<BR><BR>[Called By]<UL><LI><a href="#[57]">&gt;&gt;</a>&nbsp;&nbsp;&nbsp;_ll_sdiv
</UL>

<P><STRONG><a name="[1cb]"></a>_ll_udiv</STRONG> (Thumb, 238 bytes, Stack size 48 bytes, lludivv7m.o(.text), UNUSED)

<P><STRONG><a name="[5f]"></a>__read_errno</STRONG> (Thumb, 10 bytes, Stack size 8 bytes, _rserrno.o(.text), UNUSED)
<BR><BR>[Calls]<UL><LI><a href="#[60]">&gt;&gt;</a>&nbsp;&nbsp;&nbsp;__aeabi_errno_addr
</UL>

<P><STRONG><a name="[61]"></a>__set_errno</STRONG> (Thumb, 12 bytes, Stack size 8 bytes, _rserrno.o(.text))
<BR><BR>[Stack]<UL><LI>Max Depth = 8<LI>Call Chain = __set_errno
</UL>
<BR>[Calls]<UL><LI><a href="#[60]">&gt;&gt;</a>&nbsp;&nbsp;&nbsp;__aeabi_errno_addr
</UL>
<BR>[Called By]<UL><LI><a href="#[11b]">&gt;&gt;</a>&nbsp;&nbsp;&nbsp;sqrt
<LI><a href="#[d1]">&gt;&gt;</a>&nbsp;&nbsp;&nbsp;sin
<LI><a href="#[d3]">&gt;&gt;</a>&nbsp;&nbsp;&nbsp;cos
<LI><a href="#[118]">&gt;&gt;</a>&nbsp;&nbsp;&nbsp;asin
</UL>

<P><STRONG><a name="[60]"></a>__aeabi_errno_addr</STRONG> (Thumb, 8 bytes, Stack size 0 bytes, rt_errno_addr_intlibspace.o(.text))
<BR><BR>[Called By]<UL><LI><a href="#[61]">&gt;&gt;</a>&nbsp;&nbsp;&nbsp;__set_errno
<LI><a href="#[5f]">&gt;&gt;</a>&nbsp;&nbsp;&nbsp;__read_errno
</UL>

<P><STRONG><a name="[1cc]"></a>__errno$intlibspace</STRONG> (Thumb, 0 bytes, Stack size 0 bytes, rt_errno_addr_intlibspace.o(.text), UNUSED)

<P><STRONG><a name="[1cd]"></a>__rt_errno_addr$intlibspace</STRONG> (Thumb, 0 bytes, Stack size 0 bytes, rt_errno_addr_intlibspace.o(.text), UNUSED)

<P><STRONG><a name="[1ce]"></a>__user_libspace</STRONG> (Thumb, 8 bytes, Stack size 0 bytes, libspace.o(.text), UNUSED)

<P><STRONG><a name="[62]"></a>__user_perproc_libspace</STRONG> (Thumb, 0 bytes, Stack size 0 bytes, libspace.o(.text))
<BR><BR>[Called By]<UL><LI><a href="#[4d]">&gt;&gt;</a>&nbsp;&nbsp;&nbsp;__user_setup_stackheap
</UL>

<P><STRONG><a name="[1cf]"></a>__user_perthread_libspace</STRONG> (Thumb, 0 bytes, Stack size 0 bytes, libspace.o(.text), UNUSED)

<P><STRONG><a name="[4d]"></a>__user_setup_stackheap</STRONG> (Thumb, 74 bytes, Stack size 8 bytes, sys_stackheap_outer.o(.text))
<BR><BR>[Stack]<UL><LI>Max Depth = 8 + Unknown Stack Size
<LI>Call Chain = __user_setup_stackheap
</UL>
<BR>[Calls]<UL><LI><a href="#[63]">&gt;&gt;</a>&nbsp;&nbsp;&nbsp;__user_initial_stackheap
<LI><a href="#[62]">&gt;&gt;</a>&nbsp;&nbsp;&nbsp;__user_perproc_libspace
</UL>
<BR>[Called By]<UL><LI><a href="#[4c]">&gt;&gt;</a>&nbsp;&nbsp;&nbsp;__rt_entry_sh
</UL>

<P><STRONG><a name="[52]"></a>exit</STRONG> (Thumb, 12 bytes, Stack size 0 bytes, exit.o(.text))
<BR><BR>[Calls]<UL><LI><a href="#[64]">&gt;&gt;</a>&nbsp;&nbsp;&nbsp;__rt_exit
</UL>
<BR>[Called By]<UL><LI><a href="#[50]">&gt;&gt;</a>&nbsp;&nbsp;&nbsp;__rt_entry_main
</UL>

<P><STRONG><a name="[56]"></a>_sys_exit</STRONG> (Thumb, 8 bytes, Stack size 0 bytes, sys_exit.o(.text))
<BR><BR>[Called By]<UL><LI><a href="#[55]">&gt;&gt;</a>&nbsp;&nbsp;&nbsp;__rt_exit_exit
</UL>

<P><STRONG><a name="[1d0]"></a>__I$use$semihosting</STRONG> (Thumb, 0 bytes, Stack size 0 bytes, use_no_semi.o(.text), UNUSED)

<P><STRONG><a name="[1d1]"></a>__use_no_semihosting_swi</STRONG> (Thumb, 2 bytes, Stack size 0 bytes, use_no_semi.o(.text), UNUSED)

<P><STRONG><a name="[177]"></a>Ao_Item_Judge</STRONG> (Thumb, 142 bytes, Stack size 0 bytes, taskrs232.o(i.Ao_Item_Judge))
<BR><BR>[Called By]<UL><LI><a href="#[175]">&gt;&gt;</a>&nbsp;&nbsp;&nbsp;vModeBus_Set_Ctrl_Parm
</UL>

<P><STRONG><a name="[1d2]"></a>__semihosting_library_function</STRONG> (Thumb, 0 bytes, Stack size 0 bytes, indicate_semi.o(.text), UNUSED)

<P><STRONG><a name="[65]"></a>Bsp_Init</STRONG> (Thumb, 30 bytes, Stack size 8 bytes, bsp.o(i.Bsp_Init))
<BR><BR>[Stack]<UL><LI>Max Depth = 72<LI>Call Chain = Bsp_Init &rArr; GPIO_Configuration &rArr; GPIO_Init
</UL>
<BR>[Calls]<UL><LI><a href="#[39]">&gt;&gt;</a>&nbsp;&nbsp;&nbsp;SystemInit
<LI><a href="#[6a]">&gt;&gt;</a>&nbsp;&nbsp;&nbsp;SysTick_Configuration
<LI><a href="#[66]">&gt;&gt;</a>&nbsp;&nbsp;&nbsp;RCC_Configuration
<LI><a href="#[69]">&gt;&gt;</a>&nbsp;&nbsp;&nbsp;NVIC_Configuration
<LI><a href="#[67]">&gt;&gt;</a>&nbsp;&nbsp;&nbsp;GPIO_Configuration
<LI><a href="#[68]">&gt;&gt;</a>&nbsp;&nbsp;&nbsp;EXTI_Configuration
</UL>
<BR>[Called By]<UL><LI><a href="#[51]">&gt;&gt;</a>&nbsp;&nbsp;&nbsp;main
</UL>

<P><STRONG><a name="[6b]"></a>ChangeNetMode</STRONG> (Thumb, 70 bytes, Stack size 16 bytes, bsp_rn8302b.o(i.ChangeNetMode))
<BR><BR>[Stack]<UL><LI>Max Depth = 344 + Unknown Stack Size
<LI>Call Chain = ChangeNetMode &rArr; SaveParam &rArr; MemData_WriteParam &rArr; MemData_Write_To_Flash &rArr; FLASH_ProgramWord &rArr; FLASH_WaitForLastOperation
</UL>
<BR>[Calls]<UL><LI><a href="#[6c]">&gt;&gt;</a>&nbsp;&nbsp;&nbsp;SaveParam
<LI><a href="#[6d]">&gt;&gt;</a>&nbsp;&nbsp;&nbsp;PT_TimerDelay
<LI><a href="#[6e]">&gt;&gt;</a>&nbsp;&nbsp;&nbsp;NVIC_SystemReset
</UL>
<BR>[Called By]<UL><LI><a href="#[10f]">&gt;&gt;</a>&nbsp;&nbsp;&nbsp;RN8032_Adjust
</UL>

<P><STRONG><a name="[99]"></a>CharToNumber</STRONG> (Thumb, 46 bytes, Stack size 12 bytes, taskgui.o(i.CharToNumber))
<BR><BR>[Stack]<UL><LI>Max Depth = 12<LI>Call Chain = CharToNumber
</UL>
<BR>[Called By]<UL><LI><a href="#[44]">&gt;&gt;</a>&nbsp;&nbsp;&nbsp;DispMenu_MenuValue
<LI><a href="#[45]">&gt;&gt;</a>&nbsp;&nbsp;&nbsp;DispMenu_MenuCode
<LI><a href="#[43]">&gt;&gt;</a>&nbsp;&nbsp;&nbsp;DispMenu_Menu3
</UL>

<P><STRONG><a name="[19]"></a>DMA1_Channel1_IRQHandler</STRONG> (Thumb, 24 bytes, Stack size 8 bytes, stm32f10x_it.o(i.DMA1_Channel1_IRQHandler))
<BR><BR>[Stack]<UL><LI>Max Depth = 8<LI>Call Chain = DMA1_Channel1_IRQHandler
</UL>
<BR>[Calls]<UL><LI><a href="#[6f]">&gt;&gt;</a>&nbsp;&nbsp;&nbsp;DMA_GetITStatus
<LI><a href="#[70]">&gt;&gt;</a>&nbsp;&nbsp;&nbsp;DMA_ClearITPendingBit
</UL>
<BR>[Address Reference Count : 1]<UL><LI> startup_stm32f10x_md.o(RESET)
</UL>
<P><STRONG><a name="[70]"></a>DMA_ClearITPendingBit</STRONG> (Thumb, 16 bytes, Stack size 0 bytes, stm32f10x_dma.o(i.DMA_ClearITPendingBit))
<BR><BR>[Called By]<UL><LI><a href="#[19]">&gt;&gt;</a>&nbsp;&nbsp;&nbsp;DMA1_Channel1_IRQHandler
</UL>

<P><STRONG><a name="[14f]"></a>DMA_Cmd</STRONG> (Thumb, 26 bytes, Stack size 0 bytes, stm32f10x_dma.o(i.DMA_Cmd))
<BR><BR>[Called By]<UL><LI><a href="#[bf]">&gt;&gt;</a>&nbsp;&nbsp;&nbsp;USART_Configuration
<LI><a href="#[152]">&gt;&gt;</a>&nbsp;&nbsp;&nbsp;USART_DMAReConfig
</UL>

<P><STRONG><a name="[14d]"></a>DMA_DeInit</STRONG> (Thumb, 238 bytes, Stack size 0 bytes, stm32f10x_dma.o(i.DMA_DeInit))
<BR><BR>[Called By]<UL><LI><a href="#[bf]">&gt;&gt;</a>&nbsp;&nbsp;&nbsp;USART_Configuration
<LI><a href="#[152]">&gt;&gt;</a>&nbsp;&nbsp;&nbsp;USART_DMAReConfig
</UL>

<P><STRONG><a name="[6f]"></a>DMA_GetITStatus</STRONG> (Thumb, 26 bytes, Stack size 0 bytes, stm32f10x_dma.o(i.DMA_GetITStatus))
<BR><BR>[Called By]<UL><LI><a href="#[19]">&gt;&gt;</a>&nbsp;&nbsp;&nbsp;DMA1_Channel1_IRQHandler
</UL>

<P><STRONG><a name="[14e]"></a>DMA_Init</STRONG> (Thumb, 58 bytes, Stack size 12 bytes, stm32f10x_dma.o(i.DMA_Init))
<BR><BR>[Stack]<UL><LI>Max Depth = 12<LI>Call Chain = DMA_Init
</UL>
<BR>[Called By]<UL><LI><a href="#[bf]">&gt;&gt;</a>&nbsp;&nbsp;&nbsp;USART_Configuration
<LI><a href="#[152]">&gt;&gt;</a>&nbsp;&nbsp;&nbsp;USART_DMAReConfig
</UL>

<P><STRONG><a name="[71]"></a>Ddi_Protect_JudgeLowProtectHappen</STRONG> (Thumb, 86 bytes, Stack size 16 bytes, taskextra.o(i.Ddi_Protect_JudgeLowProtectHappen))
<BR><BR>[Stack]<UL><LI>Max Depth = 44<LI>Call Chain = Ddi_Protect_JudgeLowProtectHappen &rArr; svc_Protect_ProtectHappen &rArr; PT_TimerDiff
</UL>
<BR>[Calls]<UL><LI><a href="#[74]">&gt;&gt;</a>&nbsp;&nbsp;&nbsp;svc_Protect_ProtectRtn
<LI><a href="#[72]">&gt;&gt;</a>&nbsp;&nbsp;&nbsp;svc_Protect_ProtectHappen
<LI><a href="#[73]">&gt;&gt;</a>&nbsp;&nbsp;&nbsp;svc_Protect_CancelJudge
</UL>
<BR>[Called By]<UL><LI><a href="#[102]">&gt;&gt;</a>&nbsp;&nbsp;&nbsp;OutHandler_Second
<LI><a href="#[101]">&gt;&gt;</a>&nbsp;&nbsp;&nbsp;OutHandler_First
</UL>

<P><STRONG><a name="[75]"></a>Ddi_Protect_JudgeOverProtectHappen</STRONG> (Thumb, 86 bytes, Stack size 16 bytes, taskextra.o(i.Ddi_Protect_JudgeOverProtectHappen))
<BR><BR>[Stack]<UL><LI>Max Depth = 44<LI>Call Chain = Ddi_Protect_JudgeOverProtectHappen &rArr; svc_Protect_ProtectHappen &rArr; PT_TimerDiff
</UL>
<BR>[Calls]<UL><LI><a href="#[74]">&gt;&gt;</a>&nbsp;&nbsp;&nbsp;svc_Protect_ProtectRtn
<LI><a href="#[72]">&gt;&gt;</a>&nbsp;&nbsp;&nbsp;svc_Protect_ProtectHappen
<LI><a href="#[73]">&gt;&gt;</a>&nbsp;&nbsp;&nbsp;svc_Protect_CancelJudge
</UL>
<BR>[Called By]<UL><LI><a href="#[102]">&gt;&gt;</a>&nbsp;&nbsp;&nbsp;OutHandler_Second
<LI><a href="#[101]">&gt;&gt;</a>&nbsp;&nbsp;&nbsp;OutHandler_First
</UL>

<P><STRONG><a name="[76]"></a>DinStatus</STRONG> (Thumb, 74 bytes, Stack size 16 bytes, taskextra.o(i.DinStatus))
<BR><BR>[Stack]<UL><LI>Max Depth = 16<LI>Call Chain = DinStatus
</UL>
<BR>[Calls]<UL><LI><a href="#[77]">&gt;&gt;</a>&nbsp;&nbsp;&nbsp;GPIO_ReadInputDataBit
</UL>
<BR>[Called By]<UL><LI><a href="#[3e]">&gt;&gt;</a>&nbsp;&nbsp;&nbsp;Task_Extra_Function
</UL>

<P><STRONG><a name="[78]"></a>DispHarI</STRONG> (Thumb, 294 bytes, Stack size 56 bytes, taskgui.o(i.DispHarI))
<BR><BR>[Stack]<UL><LI>Max Depth = 272<LI>Call Chain = DispHarI &rArr; DispHarmSubI &rArr; DispValueCurrent &rArr; DispValue &rArr; __aeabi_dmul
</UL>
<BR>[Calls]<UL><LI><a href="#[79]">&gt;&gt;</a>&nbsp;&nbsp;&nbsp;HT_WriteValue
<LI><a href="#[7f]">&gt;&gt;</a>&nbsp;&nbsp;&nbsp;HT_Write4Value
<LI><a href="#[7e]">&gt;&gt;</a>&nbsp;&nbsp;&nbsp;DispValue
<LI><a href="#[7b]">&gt;&gt;</a>&nbsp;&nbsp;&nbsp;DispHarmSubI
<LI><a href="#[7d]">&gt;&gt;</a>&nbsp;&nbsp;&nbsp;__aeabi_fmul
<LI><a href="#[7a]">&gt;&gt;</a>&nbsp;&nbsp;&nbsp;__aeabi_f2uiz
<LI><a href="#[7c]">&gt;&gt;</a>&nbsp;&nbsp;&nbsp;__aeabi_fdiv
</UL>
<BR>[Called By]<UL><LI><a href="#[98]">&gt;&gt;</a>&nbsp;&nbsp;&nbsp;HarmCurrent
</UL>

<P><STRONG><a name="[7b]"></a>DispHarmSubI</STRONG> (Thumb, 244 bytes, Stack size 48 bytes, taskgui.o(i.DispHarmSubI))
<BR><BR>[Stack]<UL><LI>Max Depth = 216<LI>Call Chain = DispHarmSubI &rArr; DispValueCurrent &rArr; DispValue &rArr; __aeabi_dmul
</UL>
<BR>[Calls]<UL><LI><a href="#[84]">&gt;&gt;</a>&nbsp;&nbsp;&nbsp;HT_WriteUnit
<LI><a href="#[85]">&gt;&gt;</a>&nbsp;&nbsp;&nbsp;HT_WritePhase
<LI><a href="#[83]">&gt;&gt;</a>&nbsp;&nbsp;&nbsp;DispValueCurrent
<LI><a href="#[81]">&gt;&gt;</a>&nbsp;&nbsp;&nbsp;__aeabi_dmul
<LI><a href="#[80]">&gt;&gt;</a>&nbsp;&nbsp;&nbsp;__aeabi_ui2d
<LI><a href="#[82]">&gt;&gt;</a>&nbsp;&nbsp;&nbsp;__aeabi_d2iz
</UL>
<BR>[Called By]<UL><LI><a href="#[40]">&gt;&gt;</a>&nbsp;&nbsp;&nbsp;DispMenu_Main
<LI><a href="#[78]">&gt;&gt;</a>&nbsp;&nbsp;&nbsp;DispHarI
</UL>

<P><STRONG><a name="[86]"></a>DispHarmonicContent</STRONG> (Thumb, 670 bytes, Stack size 64 bytes, taskgui.o(i.DispHarmonicContent))
<BR><BR>[Stack]<UL><LI>Max Depth = 160<LI>Call Chain = DispHarmonicContent &rArr; DispValue &rArr; __aeabi_dmul
</UL>
<BR>[Calls]<UL><LI><a href="#[79]">&gt;&gt;</a>&nbsp;&nbsp;&nbsp;HT_WriteValue
<LI><a href="#[84]">&gt;&gt;</a>&nbsp;&nbsp;&nbsp;HT_WriteUnit
<LI><a href="#[87]">&gt;&gt;</a>&nbsp;&nbsp;&nbsp;HT_WritePhaseDouble
<LI><a href="#[85]">&gt;&gt;</a>&nbsp;&nbsp;&nbsp;HT_WritePhase
<LI><a href="#[7f]">&gt;&gt;</a>&nbsp;&nbsp;&nbsp;HT_Write4Value
<LI><a href="#[7e]">&gt;&gt;</a>&nbsp;&nbsp;&nbsp;DispValue
<LI><a href="#[7a]">&gt;&gt;</a>&nbsp;&nbsp;&nbsp;__aeabi_f2uiz
<LI><a href="#[7c]">&gt;&gt;</a>&nbsp;&nbsp;&nbsp;__aeabi_fdiv
</UL>
<BR>[Called By]<UL><LI><a href="#[96]">&gt;&gt;</a>&nbsp;&nbsp;&nbsp;THDUFuntion
<LI><a href="#[97]">&gt;&gt;</a>&nbsp;&nbsp;&nbsp;THDIFuntion
</UL>

<P><STRONG><a name="[40]"></a>DispMenu_Main</STRONG> (Thumb, 6062 bytes, Stack size 104 bytes, taskgui.o(i.DispMenu_Main))
<BR><BR>[Stack]<UL><LI>Max Depth = 384<LI>Call Chain = DispMenu_Main &rArr; HarmCurrent &rArr; DispHarI &rArr; DispHarmSubI &rArr; DispValueCurrent &rArr; DispValue &rArr; __aeabi_dmul
</UL>
<BR>[Calls]<UL><LI><a href="#[95]">&gt;&gt;</a>&nbsp;&nbsp;&nbsp;Reset_Screen
<LI><a href="#[79]">&gt;&gt;</a>&nbsp;&nbsp;&nbsp;HT_WriteValue
<LI><a href="#[84]">&gt;&gt;</a>&nbsp;&nbsp;&nbsp;HT_WriteUnit
<LI><a href="#[8a]">&gt;&gt;</a>&nbsp;&nbsp;&nbsp;HT_WriteSum
<LI><a href="#[87]">&gt;&gt;</a>&nbsp;&nbsp;&nbsp;HT_WritePhaseDouble
<LI><a href="#[85]">&gt;&gt;</a>&nbsp;&nbsp;&nbsp;HT_WritePhase
<LI><a href="#[90]">&gt;&gt;</a>&nbsp;&nbsp;&nbsp;HT_WriteNegative
<LI><a href="#[8b]">&gt;&gt;</a>&nbsp;&nbsp;&nbsp;HT_WriteDot
<LI><a href="#[7f]">&gt;&gt;</a>&nbsp;&nbsp;&nbsp;HT_Write4Value
<LI><a href="#[94]">&gt;&gt;</a>&nbsp;&nbsp;&nbsp;HT_ClearRightSign
<LI><a href="#[93]">&gt;&gt;</a>&nbsp;&nbsp;&nbsp;HT_ClearLeftSign
<LI><a href="#[96]">&gt;&gt;</a>&nbsp;&nbsp;&nbsp;THDUFuntion
<LI><a href="#[97]">&gt;&gt;</a>&nbsp;&nbsp;&nbsp;THDIFuntion
<LI><a href="#[98]">&gt;&gt;</a>&nbsp;&nbsp;&nbsp;HarmCurrent
<LI><a href="#[88]">&gt;&gt;</a>&nbsp;&nbsp;&nbsp;DispValueVoltage
<LI><a href="#[8f]">&gt;&gt;</a>&nbsp;&nbsp;&nbsp;DispValuePower
<LI><a href="#[92]">&gt;&gt;</a>&nbsp;&nbsp;&nbsp;DispValueEnergy
<LI><a href="#[83]">&gt;&gt;</a>&nbsp;&nbsp;&nbsp;DispValueCurrent
<LI><a href="#[7e]">&gt;&gt;</a>&nbsp;&nbsp;&nbsp;DispValue
<LI><a href="#[7b]">&gt;&gt;</a>&nbsp;&nbsp;&nbsp;DispHarmSubI
<LI><a href="#[7a]">&gt;&gt;</a>&nbsp;&nbsp;&nbsp;__aeabi_f2uiz
<LI><a href="#[8c]">&gt;&gt;</a>&nbsp;&nbsp;&nbsp;__aeabi_f2lz
<LI><a href="#[91]">&gt;&gt;</a>&nbsp;&nbsp;&nbsp;__aeabi_f2iz
<LI><a href="#[89]">&gt;&gt;</a>&nbsp;&nbsp;&nbsp;__aeabi_f2d
<LI><a href="#[81]">&gt;&gt;</a>&nbsp;&nbsp;&nbsp;__aeabi_dmul
<LI><a href="#[8d]">&gt;&gt;</a>&nbsp;&nbsp;&nbsp;__aeabi_l2d
<LI><a href="#[80]">&gt;&gt;</a>&nbsp;&nbsp;&nbsp;__aeabi_ui2d
<LI><a href="#[8e]">&gt;&gt;</a>&nbsp;&nbsp;&nbsp;__aeabi_d2lz
<LI><a href="#[82]">&gt;&gt;</a>&nbsp;&nbsp;&nbsp;__aeabi_d2iz
</UL>
<BR>[Address Reference Count : 1]<UL><LI> taskgui.o(.constdata)
</UL>
<P><STRONG><a name="[41]"></a>DispMenu_Menu1</STRONG> (Thumb, 112 bytes, Stack size 8 bytes, taskgui.o(i.DispMenu_Menu1))
<BR><BR>[Stack]<UL><LI>Max Depth = 56<LI>Call Chain = DispMenu_Menu1 &rArr; HT_Write4Value &rArr; HT_WriteValue
</UL>
<BR>[Calls]<UL><LI><a href="#[95]">&gt;&gt;</a>&nbsp;&nbsp;&nbsp;Reset_Screen
<LI><a href="#[79]">&gt;&gt;</a>&nbsp;&nbsp;&nbsp;HT_WriteValue
<LI><a href="#[7f]">&gt;&gt;</a>&nbsp;&nbsp;&nbsp;HT_Write4Value
</UL>
<BR>[Address Reference Count : 1]<UL><LI> taskgui.o(.constdata)
</UL>
<P><STRONG><a name="[42]"></a>DispMenu_Menu2</STRONG> (Thumb, 252 bytes, Stack size 16 bytes, taskgui.o(i.DispMenu_Menu2))
<BR><BR>[Stack]<UL><LI>Max Depth = 64<LI>Call Chain = DispMenu_Menu2 &rArr; HT_Write4Value &rArr; HT_WriteValue
</UL>
<BR>[Calls]<UL><LI><a href="#[95]">&gt;&gt;</a>&nbsp;&nbsp;&nbsp;Reset_Screen
<LI><a href="#[79]">&gt;&gt;</a>&nbsp;&nbsp;&nbsp;HT_WriteValue
<LI><a href="#[7f]">&gt;&gt;</a>&nbsp;&nbsp;&nbsp;HT_Write4Value
</UL>
<BR>[Address Reference Count : 1]<UL><LI> taskgui.o(.constdata)
</UL>
<P><STRONG><a name="[43]"></a>DispMenu_Menu3</STRONG> (Thumb, 10304 bytes, Stack size 56 bytes, taskgui.o(i.DispMenu_Menu3))
<BR><BR>[Stack]<UL><LI>Max Depth = 152<LI>Call Chain = DispMenu_Menu3 &rArr; DispValue &rArr; __aeabi_dmul
</UL>
<BR>[Calls]<UL><LI><a href="#[95]">&gt;&gt;</a>&nbsp;&nbsp;&nbsp;Reset_Screen
<LI><a href="#[79]">&gt;&gt;</a>&nbsp;&nbsp;&nbsp;HT_WriteValue
<LI><a href="#[84]">&gt;&gt;</a>&nbsp;&nbsp;&nbsp;HT_WriteUnit
<LI><a href="#[8b]">&gt;&gt;</a>&nbsp;&nbsp;&nbsp;HT_WriteDot
<LI><a href="#[7f]">&gt;&gt;</a>&nbsp;&nbsp;&nbsp;HT_Write4Value
<LI><a href="#[7e]">&gt;&gt;</a>&nbsp;&nbsp;&nbsp;DispValue
<LI><a href="#[99]">&gt;&gt;</a>&nbsp;&nbsp;&nbsp;CharToNumber
</UL>
<BR>[Address Reference Count : 1]<UL><LI> taskgui.o(.constdata)
</UL>
<P><STRONG><a name="[45]"></a>DispMenu_MenuCode</STRONG> (Thumb, 106 bytes, Stack size 32 bytes, taskgui.o(i.DispMenu_MenuCode))
<BR><BR>[Stack]<UL><LI>Max Depth = 128<LI>Call Chain = DispMenu_MenuCode &rArr; DispValue &rArr; __aeabi_dmul
</UL>
<BR>[Calls]<UL><LI><a href="#[79]">&gt;&gt;</a>&nbsp;&nbsp;&nbsp;HT_WriteValue
<LI><a href="#[7f]">&gt;&gt;</a>&nbsp;&nbsp;&nbsp;HT_Write4Value
<LI><a href="#[7e]">&gt;&gt;</a>&nbsp;&nbsp;&nbsp;DispValue
<LI><a href="#[99]">&gt;&gt;</a>&nbsp;&nbsp;&nbsp;CharToNumber
</UL>
<BR>[Address Reference Count : 1]<UL><LI> taskgui.o(.constdata)
</UL>
<P><STRONG><a name="[46]"></a>DispMenu_MenuCodeErr</STRONG> (Thumb, 76 bytes, Stack size 8 bytes, taskgui.o(i.DispMenu_MenuCodeErr))
<BR><BR>[Stack]<UL><LI>Max Depth = 56<LI>Call Chain = DispMenu_MenuCodeErr &rArr; HT_Write4Value &rArr; HT_WriteValue
</UL>
<BR>[Calls]<UL><LI><a href="#[7f]">&gt;&gt;</a>&nbsp;&nbsp;&nbsp;HT_Write4Value
</UL>
<BR>[Address Reference Count : 1]<UL><LI> taskgui.o(.constdata)
</UL>
<P><STRONG><a name="[47]"></a>DispMenu_MenuSave</STRONG> (Thumb, 122 bytes, Stack size 16 bytes, taskgui.o(i.DispMenu_MenuSave))
<BR><BR>[Stack]<UL><LI>Max Depth = 64<LI>Call Chain = DispMenu_MenuSave &rArr; HT_Write4Value &rArr; HT_WriteValue
</UL>
<BR>[Calls]<UL><LI><a href="#[7f]">&gt;&gt;</a>&nbsp;&nbsp;&nbsp;HT_Write4Value
</UL>
<BR>[Address Reference Count : 1]<UL><LI> taskgui.o(.constdata)
</UL>
<P><STRONG><a name="[44]"></a>DispMenu_MenuValue</STRONG> (Thumb, 9486 bytes, Stack size 56 bytes, taskgui.o(i.DispMenu_MenuValue))
<BR><BR>[Stack]<UL><LI>Max Depth = 152<LI>Call Chain = DispMenu_MenuValue &rArr; DispValue &rArr; __aeabi_dmul
</UL>
<BR>[Calls]<UL><LI><a href="#[95]">&gt;&gt;</a>&nbsp;&nbsp;&nbsp;Reset_Screen
<LI><a href="#[79]">&gt;&gt;</a>&nbsp;&nbsp;&nbsp;HT_WriteValue
<LI><a href="#[84]">&gt;&gt;</a>&nbsp;&nbsp;&nbsp;HT_WriteUnit
<LI><a href="#[8b]">&gt;&gt;</a>&nbsp;&nbsp;&nbsp;HT_WriteDot
<LI><a href="#[7f]">&gt;&gt;</a>&nbsp;&nbsp;&nbsp;HT_Write4Value
<LI><a href="#[7e]">&gt;&gt;</a>&nbsp;&nbsp;&nbsp;DispValue
<LI><a href="#[9a]">&gt;&gt;</a>&nbsp;&nbsp;&nbsp;DispSetPT
<LI><a href="#[9b]">&gt;&gt;</a>&nbsp;&nbsp;&nbsp;DispSetCT
<LI><a href="#[99]">&gt;&gt;</a>&nbsp;&nbsp;&nbsp;CharToNumber
</UL>
<BR>[Address Reference Count : 1]<UL><LI> taskgui.o(.constdata)
</UL>
<P><STRONG><a name="[9b]"></a>DispSetCT</STRONG> (Thumb, 314 bytes, Stack size 32 bytes, taskgui.o(i.DispSetCT))
<BR><BR>[Stack]<UL><LI>Max Depth = 60<LI>Call Chain = DispSetCT &rArr; HT_WriteValue
</UL>
<BR>[Calls]<UL><LI><a href="#[79]">&gt;&gt;</a>&nbsp;&nbsp;&nbsp;HT_WriteValue
<LI><a href="#[8b]">&gt;&gt;</a>&nbsp;&nbsp;&nbsp;HT_WriteDot
</UL>
<BR>[Called By]<UL><LI><a href="#[44]">&gt;&gt;</a>&nbsp;&nbsp;&nbsp;DispMenu_MenuValue
</UL>

<P><STRONG><a name="[9a]"></a>DispSetPT</STRONG> (Thumb, 314 bytes, Stack size 32 bytes, taskgui.o(i.DispSetPT))
<BR><BR>[Stack]<UL><LI>Max Depth = 60<LI>Call Chain = DispSetPT &rArr; HT_WriteValue
</UL>
<BR>[Calls]<UL><LI><a href="#[79]">&gt;&gt;</a>&nbsp;&nbsp;&nbsp;HT_WriteValue
<LI><a href="#[8b]">&gt;&gt;</a>&nbsp;&nbsp;&nbsp;HT_WriteDot
</UL>
<BR>[Called By]<UL><LI><a href="#[44]">&gt;&gt;</a>&nbsp;&nbsp;&nbsp;DispMenu_MenuValue
</UL>

<P><STRONG><a name="[7e]"></a>DispValue</STRONG> (Thumb, 554 bytes, Stack size 64 bytes, taskgui.o(i.DispValue))
<BR><BR>[Stack]<UL><LI>Max Depth = 96<LI>Call Chain = DispValue &rArr; __aeabi_dmul
</UL>
<BR>[Calls]<UL><LI><a href="#[79]">&gt;&gt;</a>&nbsp;&nbsp;&nbsp;HT_WriteValue
<LI><a href="#[90]">&gt;&gt;</a>&nbsp;&nbsp;&nbsp;HT_WriteNegative
<LI><a href="#[8b]">&gt;&gt;</a>&nbsp;&nbsp;&nbsp;HT_WriteDot
<LI><a href="#[81]">&gt;&gt;</a>&nbsp;&nbsp;&nbsp;__aeabi_dmul
<LI><a href="#[9c]">&gt;&gt;</a>&nbsp;&nbsp;&nbsp;__aeabi_i2d
<LI><a href="#[82]">&gt;&gt;</a>&nbsp;&nbsp;&nbsp;__aeabi_d2iz
</UL>
<BR>[Called By]<UL><LI><a href="#[88]">&gt;&gt;</a>&nbsp;&nbsp;&nbsp;DispValueVoltage
<LI><a href="#[8f]">&gt;&gt;</a>&nbsp;&nbsp;&nbsp;DispValuePower
<LI><a href="#[92]">&gt;&gt;</a>&nbsp;&nbsp;&nbsp;DispValueEnergy
<LI><a href="#[83]">&gt;&gt;</a>&nbsp;&nbsp;&nbsp;DispValueCurrent
<LI><a href="#[44]">&gt;&gt;</a>&nbsp;&nbsp;&nbsp;DispMenu_MenuValue
<LI><a href="#[45]">&gt;&gt;</a>&nbsp;&nbsp;&nbsp;DispMenu_MenuCode
<LI><a href="#[43]">&gt;&gt;</a>&nbsp;&nbsp;&nbsp;DispMenu_Menu3
<LI><a href="#[40]">&gt;&gt;</a>&nbsp;&nbsp;&nbsp;DispMenu_Main
<LI><a href="#[86]">&gt;&gt;</a>&nbsp;&nbsp;&nbsp;DispHarmonicContent
<LI><a href="#[78]">&gt;&gt;</a>&nbsp;&nbsp;&nbsp;DispHarI
</UL>

<P><STRONG><a name="[83]"></a>DispValueCurrent</STRONG> (Thumb, 616 bytes, Stack size 72 bytes, taskgui.o(i.DispValueCurrent))
<BR><BR>[Stack]<UL><LI>Max Depth = 168<LI>Call Chain = DispValueCurrent &rArr; DispValue &rArr; __aeabi_dmul
</UL>
<BR>[Calls]<UL><LI><a href="#[7e]">&gt;&gt;</a>&nbsp;&nbsp;&nbsp;DispValue
<LI><a href="#[81]">&gt;&gt;</a>&nbsp;&nbsp;&nbsp;__aeabi_dmul
<LI><a href="#[9c]">&gt;&gt;</a>&nbsp;&nbsp;&nbsp;__aeabi_i2d
<LI><a href="#[82]">&gt;&gt;</a>&nbsp;&nbsp;&nbsp;__aeabi_d2iz
</UL>
<BR>[Called By]<UL><LI><a href="#[40]">&gt;&gt;</a>&nbsp;&nbsp;&nbsp;DispMenu_Main
<LI><a href="#[7b]">&gt;&gt;</a>&nbsp;&nbsp;&nbsp;DispHarmSubI
</UL>

<P><STRONG><a name="[92]"></a>DispValueEnergy</STRONG> (Thumb, 304 bytes, Stack size 32 bytes, taskgui.o(i.DispValueEnergy))
<BR><BR>[Stack]<UL><LI>Max Depth = 128<LI>Call Chain = DispValueEnergy &rArr; DispValue &rArr; __aeabi_dmul
</UL>
<BR>[Calls]<UL><LI><a href="#[79]">&gt;&gt;</a>&nbsp;&nbsp;&nbsp;HT_WriteValue
<LI><a href="#[7e]">&gt;&gt;</a>&nbsp;&nbsp;&nbsp;DispValue
<LI><a href="#[7d]">&gt;&gt;</a>&nbsp;&nbsp;&nbsp;__aeabi_fmul
<LI><a href="#[7a]">&gt;&gt;</a>&nbsp;&nbsp;&nbsp;__aeabi_f2uiz
</UL>
<BR>[Called By]<UL><LI><a href="#[40]">&gt;&gt;</a>&nbsp;&nbsp;&nbsp;DispMenu_Main
</UL>

<P><STRONG><a name="[8f]"></a>DispValuePower</STRONG> (Thumb, 1728 bytes, Stack size 72 bytes, taskgui.o(i.DispValuePower))
<BR><BR>[Stack]<UL><LI>Max Depth = 168<LI>Call Chain = DispValuePower &rArr; DispValue &rArr; __aeabi_dmul
</UL>
<BR>[Calls]<UL><LI><a href="#[7e]">&gt;&gt;</a>&nbsp;&nbsp;&nbsp;DispValue
<LI><a href="#[81]">&gt;&gt;</a>&nbsp;&nbsp;&nbsp;__aeabi_dmul
<LI><a href="#[8d]">&gt;&gt;</a>&nbsp;&nbsp;&nbsp;__aeabi_l2d
<LI><a href="#[8e]">&gt;&gt;</a>&nbsp;&nbsp;&nbsp;__aeabi_d2lz
</UL>
<BR>[Called By]<UL><LI><a href="#[40]">&gt;&gt;</a>&nbsp;&nbsp;&nbsp;DispMenu_Main
</UL>

<P><STRONG><a name="[88]"></a>DispValueVoltage</STRONG> (Thumb, 616 bytes, Stack size 72 bytes, taskgui.o(i.DispValueVoltage))
<BR><BR>[Stack]<UL><LI>Max Depth = 168<LI>Call Chain = DispValueVoltage &rArr; DispValue &rArr; __aeabi_dmul
</UL>
<BR>[Calls]<UL><LI><a href="#[7e]">&gt;&gt;</a>&nbsp;&nbsp;&nbsp;DispValue
<LI><a href="#[81]">&gt;&gt;</a>&nbsp;&nbsp;&nbsp;__aeabi_dmul
<LI><a href="#[9c]">&gt;&gt;</a>&nbsp;&nbsp;&nbsp;__aeabi_i2d
<LI><a href="#[82]">&gt;&gt;</a>&nbsp;&nbsp;&nbsp;__aeabi_d2iz
</UL>
<BR>[Called By]<UL><LI><a href="#[40]">&gt;&gt;</a>&nbsp;&nbsp;&nbsp;DispMenu_Main
</UL>

<P><STRONG><a name="[9d]"></a>Disp_IO_Status</STRONG> (Thumb, 6 bytes, Stack size 0 bytes, taskgui.o(i.Disp_IO_Status))
<BR><BR>[Stack]<UL><LI>Max Depth = 20<LI>Call Chain = Disp_IO_Status &rArr; HT_Write_IO_Frame
</UL>
<BR>[Calls]<UL><LI><a href="#[9e]">&gt;&gt;</a>&nbsp;&nbsp;&nbsp;HT_Write_IO_Frame
</UL>
<BR>[Called By]<UL><LI><a href="#[3f]">&gt;&gt;</a>&nbsp;&nbsp;&nbsp;Task_GUI_Function
</UL>

<P><STRONG><a name="[178]"></a>Do_Item_Judge</STRONG> (Thumb, 378 bytes, Stack size 0 bytes, taskrs232.o(i.Do_Item_Judge))
<BR><BR>[Called By]<UL><LI><a href="#[175]">&gt;&gt;</a>&nbsp;&nbsp;&nbsp;vModeBus_Set_Ctrl_Parm
</UL>

<P><STRONG><a name="[68]"></a>EXTI_Configuration</STRONG> (Thumb, 2 bytes, Stack size 0 bytes, bsp.o(i.EXTI_Configuration))
<BR><BR>[Called By]<UL><LI><a href="#[65]">&gt;&gt;</a>&nbsp;&nbsp;&nbsp;Bsp_Init
</UL>

<P><STRONG><a name="[9f]"></a>FFT</STRONG> (Thumb, 430 bytes, Stack size 64 bytes, bsp_rn8302b.o(i.FFT))
<BR><BR>[Stack]<UL><LI>Max Depth = 80<LI>Call Chain = FFT &rArr; __aeabi_fmul
</UL>
<BR>[Calls]<UL><LI><a href="#[7d]">&gt;&gt;</a>&nbsp;&nbsp;&nbsp;__aeabi_fmul
<LI><a href="#[a2]">&gt;&gt;</a>&nbsp;&nbsp;&nbsp;__aeabi_fsub
<LI><a href="#[a1]">&gt;&gt;</a>&nbsp;&nbsp;&nbsp;__aeabi_frsub
<LI><a href="#[a0]">&gt;&gt;</a>&nbsp;&nbsp;&nbsp;__aeabi_fadd
</UL>
<BR>[Called By]<UL><LI><a href="#[147]">&gt;&gt;</a>&nbsp;&nbsp;&nbsp;fnDl645Fft_Harmonic_Exec
</UL>

<P><STRONG><a name="[f3]"></a>FLASH_ClearFlag</STRONG> (Thumb, 6 bytes, Stack size 0 bytes, stm32f10x_flash.o(i.FLASH_ClearFlag))
<BR><BR>[Called By]<UL><LI><a href="#[f1]">&gt;&gt;</a>&nbsp;&nbsp;&nbsp;MemData_Write_To_Flash
</UL>

<P><STRONG><a name="[a3]"></a>FLASH_ErasePage</STRONG> (Thumb, 56 bytes, Stack size 16 bytes, stm32f10x_flash.o(i.FLASH_ErasePage))
<BR><BR>[Stack]<UL><LI>Max Depth = 20<LI>Call Chain = FLASH_ErasePage &rArr; FLASH_WaitForLastOperation
</UL>
<BR>[Calls]<UL><LI><a href="#[a4]">&gt;&gt;</a>&nbsp;&nbsp;&nbsp;FLASH_WaitForLastOperation
</UL>
<BR>[Called By]<UL><LI><a href="#[f1]">&gt;&gt;</a>&nbsp;&nbsp;&nbsp;MemData_Write_To_Flash
</UL>

<P><STRONG><a name="[a6]"></a>FLASH_GetBank1Status</STRONG> (Thumb, 34 bytes, Stack size 0 bytes, stm32f10x_flash.o(i.FLASH_GetBank1Status))
<BR><BR>[Called By]<UL><LI><a href="#[a4]">&gt;&gt;</a>&nbsp;&nbsp;&nbsp;FLASH_WaitForLastOperation
</UL>

<P><STRONG><a name="[f4]"></a>FLASH_Lock</STRONG> (Thumb, 12 bytes, Stack size 0 bytes, stm32f10x_flash.o(i.FLASH_Lock))
<BR><BR>[Called By]<UL><LI><a href="#[f1]">&gt;&gt;</a>&nbsp;&nbsp;&nbsp;MemData_Write_To_Flash
</UL>

<P><STRONG><a name="[a5]"></a>FLASH_ProgramWord</STRONG> (Thumb, 86 bytes, Stack size 28 bytes, stm32f10x_flash.o(i.FLASH_ProgramWord))
<BR><BR>[Stack]<UL><LI>Max Depth = 32<LI>Call Chain = FLASH_ProgramWord &rArr; FLASH_WaitForLastOperation
</UL>
<BR>[Calls]<UL><LI><a href="#[a4]">&gt;&gt;</a>&nbsp;&nbsp;&nbsp;FLASH_WaitForLastOperation
</UL>
<BR>[Called By]<UL><LI><a href="#[f1]">&gt;&gt;</a>&nbsp;&nbsp;&nbsp;MemData_Write_To_Flash
</UL>

<P><STRONG><a name="[f2]"></a>FLASH_Unlock</STRONG> (Thumb, 12 bytes, Stack size 0 bytes, stm32f10x_flash.o(i.FLASH_Unlock))
<BR><BR>[Called By]<UL><LI><a href="#[f1]">&gt;&gt;</a>&nbsp;&nbsp;&nbsp;MemData_Write_To_Flash
</UL>

<P><STRONG><a name="[a4]"></a>FLASH_WaitForLastOperation</STRONG> (Thumb, 32 bytes, Stack size 4 bytes, stm32f10x_flash.o(i.FLASH_WaitForLastOperation))
<BR><BR>[Stack]<UL><LI>Max Depth = 4<LI>Call Chain = FLASH_WaitForLastOperation
</UL>
<BR>[Calls]<UL><LI><a href="#[a6]">&gt;&gt;</a>&nbsp;&nbsp;&nbsp;FLASH_GetBank1Status
</UL>
<BR>[Called By]<UL><LI><a href="#[a5]">&gt;&gt;</a>&nbsp;&nbsp;&nbsp;FLASH_ProgramWord
<LI><a href="#[a3]">&gt;&gt;</a>&nbsp;&nbsp;&nbsp;FLASH_ErasePage
</UL>

<P><STRONG><a name="[a7]"></a>FRAM_I2C_ReadData</STRONG> (Thumb, 120 bytes, Stack size 24 bytes, drvfram.o(i.FRAM_I2C_ReadData))
<BR><BR>[Stack]<UL><LI>Max Depth = 80<LI>Call Chain = FRAM_I2C_ReadData &rArr; MyI2C_ReceiveByte &rArr; MyI2C_GPIO_Out_Config &rArr; GPIO_Init
</UL>
<BR>[Calls]<UL><LI><a href="#[aa]">&gt;&gt;</a>&nbsp;&nbsp;&nbsp;MyI2C_Stop
<LI><a href="#[a8]">&gt;&gt;</a>&nbsp;&nbsp;&nbsp;MyI2C_Start
<LI><a href="#[a9]">&gt;&gt;</a>&nbsp;&nbsp;&nbsp;MyI2C_SendByte
<LI><a href="#[ab]">&gt;&gt;</a>&nbsp;&nbsp;&nbsp;MyI2C_ReceiveByte
</UL>
<BR>[Called By]<UL><LI><a href="#[ad]">&gt;&gt;</a>&nbsp;&nbsp;&nbsp;FRAM_ReadData
</UL>

<P><STRONG><a name="[ac]"></a>FRAM_I2C_WriteData</STRONG> (Thumb, 80 bytes, Stack size 16 bytes, drvfram.o(i.FRAM_I2C_WriteData))
<BR><BR>[Stack]<UL><LI>Max Depth = 64<LI>Call Chain = FRAM_I2C_WriteData &rArr; MyI2C_SendByte &rArr; MyI2C_GPIO_Out_Config &rArr; GPIO_Init
</UL>
<BR>[Calls]<UL><LI><a href="#[aa]">&gt;&gt;</a>&nbsp;&nbsp;&nbsp;MyI2C_Stop
<LI><a href="#[a8]">&gt;&gt;</a>&nbsp;&nbsp;&nbsp;MyI2C_Start
<LI><a href="#[a9]">&gt;&gt;</a>&nbsp;&nbsp;&nbsp;MyI2C_SendByte
</UL>
<BR>[Called By]<UL><LI><a href="#[b0]">&gt;&gt;</a>&nbsp;&nbsp;&nbsp;FRAM_WriteData
</UL>

<P><STRONG><a name="[ad]"></a>FRAM_ReadData</STRONG> (Thumb, 68 bytes, Stack size 40 bytes, drvfram.o(i.FRAM_ReadData))
<BR><BR>[Stack]<UL><LI>Max Depth = 120<LI>Call Chain = FRAM_ReadData &rArr; FRAM_I2C_ReadData &rArr; MyI2C_ReceiveByte &rArr; MyI2C_GPIO_Out_Config &rArr; GPIO_Init
</UL>
<BR>[Calls]<UL><LI><a href="#[ae]">&gt;&gt;</a>&nbsp;&nbsp;&nbsp;FramData_Crc
<LI><a href="#[a7]">&gt;&gt;</a>&nbsp;&nbsp;&nbsp;FRAM_I2C_ReadData
<LI><a href="#[af]">&gt;&gt;</a>&nbsp;&nbsp;&nbsp;__aeabi_memcpy
</UL>
<BR>[Called By]<UL><LI><a href="#[51]">&gt;&gt;</a>&nbsp;&nbsp;&nbsp;main
</UL>

<P><STRONG><a name="[b0]"></a>FRAM_WriteData</STRONG> (Thumb, 76 bytes, Stack size 48 bytes, drvfram.o(i.FRAM_WriteData))
<BR><BR>[Stack]<UL><LI>Max Depth = 112 + Unknown Stack Size
<LI>Call Chain = FRAM_WriteData &rArr; FRAM_I2C_WriteData &rArr; MyI2C_SendByte &rArr; MyI2C_GPIO_Out_Config &rArr; GPIO_Init
</UL>
<BR>[Calls]<UL><LI><a href="#[b2]">&gt;&gt;</a>&nbsp;&nbsp;&nbsp;GPIO_SetBits
<LI><a href="#[b1]">&gt;&gt;</a>&nbsp;&nbsp;&nbsp;GPIO_ResetBits
<LI><a href="#[ae]">&gt;&gt;</a>&nbsp;&nbsp;&nbsp;FramData_Crc
<LI><a href="#[ac]">&gt;&gt;</a>&nbsp;&nbsp;&nbsp;FRAM_I2C_WriteData
<LI><a href="#[5b]">&gt;&gt;</a>&nbsp;&nbsp;&nbsp;__aeabi_memset
<LI><a href="#[af]">&gt;&gt;</a>&nbsp;&nbsp;&nbsp;__aeabi_memcpy
</UL>
<BR>[Called By]<UL><LI><a href="#[3c]">&gt;&gt;</a>&nbsp;&nbsp;&nbsp;Task_Power_Function
</UL>

<P><STRONG><a name="[ae]"></a>FramData_Crc</STRONG> (Thumb, 22 bytes, Stack size 0 bytes, drvfram.o(i.FramData_Crc))
<BR><BR>[Called By]<UL><LI><a href="#[b0]">&gt;&gt;</a>&nbsp;&nbsp;&nbsp;FRAM_WriteData
<LI><a href="#[ad]">&gt;&gt;</a>&nbsp;&nbsp;&nbsp;FRAM_ReadData
</UL>

<P><STRONG><a name="[67]"></a>GPIO_Configuration</STRONG> (Thumb, 492 bytes, Stack size 40 bytes, bsp.o(i.GPIO_Configuration))
<BR><BR>[Stack]<UL><LI>Max Depth = 64<LI>Call Chain = GPIO_Configuration &rArr; GPIO_Init
</UL>
<BR>[Calls]<UL><LI><a href="#[b2]">&gt;&gt;</a>&nbsp;&nbsp;&nbsp;GPIO_SetBits
<LI><a href="#[b3]">&gt;&gt;</a>&nbsp;&nbsp;&nbsp;GPIO_PinRemapConfig
<LI><a href="#[b4]">&gt;&gt;</a>&nbsp;&nbsp;&nbsp;GPIO_Init
</UL>
<BR>[Called By]<UL><LI><a href="#[65]">&gt;&gt;</a>&nbsp;&nbsp;&nbsp;Bsp_Init
</UL>

<P><STRONG><a name="[b4]"></a>GPIO_Init</STRONG> (Thumb, 166 bytes, Stack size 24 bytes, stm32f10x_gpio.o(i.GPIO_Init))
<BR><BR>[Stack]<UL><LI>Max Depth = 24<LI>Call Chain = GPIO_Init
</UL>
<BR>[Called By]<UL><LI><a href="#[13d]">&gt;&gt;</a>&nbsp;&nbsp;&nbsp;TIM_PWM_Configuration
<LI><a href="#[67]">&gt;&gt;</a>&nbsp;&nbsp;&nbsp;GPIO_Configuration
<LI><a href="#[fd]">&gt;&gt;</a>&nbsp;&nbsp;&nbsp;MyI2C_GPIO_Out_Config
<LI><a href="#[fc]">&gt;&gt;</a>&nbsp;&nbsp;&nbsp;MyI2C_GPIO_IN_Config
</UL>

<P><STRONG><a name="[b3]"></a>GPIO_PinRemapConfig</STRONG> (Thumb, 86 bytes, Stack size 20 bytes, stm32f10x_gpio.o(i.GPIO_PinRemapConfig))
<BR><BR>[Stack]<UL><LI>Max Depth = 20<LI>Call Chain = GPIO_PinRemapConfig
</UL>
<BR>[Called By]<UL><LI><a href="#[67]">&gt;&gt;</a>&nbsp;&nbsp;&nbsp;GPIO_Configuration
</UL>

<P><STRONG><a name="[77]"></a>GPIO_ReadInputDataBit</STRONG> (Thumb, 14 bytes, Stack size 0 bytes, stm32f10x_gpio.o(i.GPIO_ReadInputDataBit))
<BR><BR>[Called By]<UL><LI><a href="#[76]">&gt;&gt;</a>&nbsp;&nbsp;&nbsp;DinStatus
<LI><a href="#[de]">&gt;&gt;</a>&nbsp;&nbsp;&nbsp;KeyStatus
<LI><a href="#[122]">&gt;&gt;</a>&nbsp;&nbsp;&nbsp;Spi_RN8302_ReadByte
</UL>

<P><STRONG><a name="[b1]"></a>GPIO_ResetBits</STRONG> (Thumb, 4 bytes, Stack size 0 bytes, stm32f10x_gpio.o(i.GPIO_ResetBits))
<BR><BR>[Called By]<UL><LI><a href="#[cb]">&gt;&gt;</a>&nbsp;&nbsp;&nbsp;Lcd_Update_screen
<LI><a href="#[c8]">&gt;&gt;</a>&nbsp;&nbsp;&nbsp;HT_LedStatus
<LI><a href="#[c7]">&gt;&gt;</a>&nbsp;&nbsp;&nbsp;HT_Init
<LI><a href="#[c5]">&gt;&gt;</a>&nbsp;&nbsp;&nbsp;GUI_Timer_On
<LI><a href="#[b0]">&gt;&gt;</a>&nbsp;&nbsp;&nbsp;FRAM_WriteData
<LI><a href="#[121]">&gt;&gt;</a>&nbsp;&nbsp;&nbsp;Spi_RN8302_SendByte
<LI><a href="#[122]">&gt;&gt;</a>&nbsp;&nbsp;&nbsp;Spi_RN8302_ReadByte
<LI><a href="#[120]">&gt;&gt;</a>&nbsp;&nbsp;&nbsp;RN8302RDBUFF
<LI><a href="#[123]">&gt;&gt;</a>&nbsp;&nbsp;&nbsp;RN8302_TX_Frame
<LI><a href="#[11f]">&gt;&gt;</a>&nbsp;&nbsp;&nbsp;RN8302_RX_Frame
<LI><a href="#[ce]">&gt;&gt;</a>&nbsp;&nbsp;&nbsp;HT_WriteData
<LI><a href="#[c9]">&gt;&gt;</a>&nbsp;&nbsp;&nbsp;HT_SendCmd
<LI><a href="#[cc]">&gt;&gt;</a>&nbsp;&nbsp;&nbsp;HT_SendBit
</UL>

<P><STRONG><a name="[b2]"></a>GPIO_SetBits</STRONG> (Thumb, 4 bytes, Stack size 0 bytes, stm32f10x_gpio.o(i.GPIO_SetBits))
<BR><BR>[Called By]<UL><LI><a href="#[cb]">&gt;&gt;</a>&nbsp;&nbsp;&nbsp;Lcd_Update_screen
<LI><a href="#[c8]">&gt;&gt;</a>&nbsp;&nbsp;&nbsp;HT_LedStatus
<LI><a href="#[c7]">&gt;&gt;</a>&nbsp;&nbsp;&nbsp;HT_Init
<LI><a href="#[c5]">&gt;&gt;</a>&nbsp;&nbsp;&nbsp;GUI_Timer_On
<LI><a href="#[b0]">&gt;&gt;</a>&nbsp;&nbsp;&nbsp;FRAM_WriteData
<LI><a href="#[121]">&gt;&gt;</a>&nbsp;&nbsp;&nbsp;Spi_RN8302_SendByte
<LI><a href="#[122]">&gt;&gt;</a>&nbsp;&nbsp;&nbsp;Spi_RN8302_ReadByte
<LI><a href="#[120]">&gt;&gt;</a>&nbsp;&nbsp;&nbsp;RN8302RDBUFF
<LI><a href="#[123]">&gt;&gt;</a>&nbsp;&nbsp;&nbsp;RN8302_TX_Frame
<LI><a href="#[11f]">&gt;&gt;</a>&nbsp;&nbsp;&nbsp;RN8302_RX_Frame
<LI><a href="#[ce]">&gt;&gt;</a>&nbsp;&nbsp;&nbsp;HT_WriteData
<LI><a href="#[c9]">&gt;&gt;</a>&nbsp;&nbsp;&nbsp;HT_SendCmd
<LI><a href="#[cc]">&gt;&gt;</a>&nbsp;&nbsp;&nbsp;HT_SendBit
<LI><a href="#[67]">&gt;&gt;</a>&nbsp;&nbsp;&nbsp;GPIO_Configuration
<LI><a href="#[51]">&gt;&gt;</a>&nbsp;&nbsp;&nbsp;main
</UL>

<P><STRONG><a name="[b5]"></a>GUI_Key_Default</STRONG> (Thumb, 132 bytes, Stack size 8 bytes, taskgui.o(i.GUI_Key_Default))
<BR><BR>[Stack]<UL><LI>Max Depth = 16<LI>Call Chain = GUI_Key_Default &rArr; Reset_Screen
</UL>
<BR>[Calls]<UL><LI><a href="#[95]">&gt;&gt;</a>&nbsp;&nbsp;&nbsp;Reset_Screen
</UL>
<BR>[Called By]<UL><LI><a href="#[c3]">&gt;&gt;</a>&nbsp;&nbsp;&nbsp;GUI_Main
</UL>

<P><STRONG><a name="[b6]"></a>GUI_Key_Down</STRONG> (Thumb, 934 bytes, Stack size 40 bytes, taskgui.o(i.GUI_Key_Down))
<BR><BR>[Stack]<UL><LI>Max Depth = 72<LI>Call Chain = GUI_Key_Down &rArr; UpdataOrSetValue
</UL>
<BR>[Calls]<UL><LI><a href="#[95]">&gt;&gt;</a>&nbsp;&nbsp;&nbsp;Reset_Screen
<LI><a href="#[ba]">&gt;&gt;</a>&nbsp;&nbsp;&nbsp;UpdataSetValue
<LI><a href="#[b8]">&gt;&gt;</a>&nbsp;&nbsp;&nbsp;UpdataOrSetValue
<LI><a href="#[b9]">&gt;&gt;</a>&nbsp;&nbsp;&nbsp;SetPT_CT
<LI><a href="#[b7]">&gt;&gt;</a>&nbsp;&nbsp;&nbsp;GetSetOldValue
</UL>
<BR>[Called By]<UL><LI><a href="#[c3]">&gt;&gt;</a>&nbsp;&nbsp;&nbsp;GUI_Main
</UL>

<P><STRONG><a name="[bb]"></a>GUI_Key_Menu</STRONG> (Thumb, 170 bytes, Stack size 16 bytes, taskgui.o(i.GUI_Key_Menu))
<BR><BR>[Stack]<UL><LI>Max Depth = 24<LI>Call Chain = GUI_Key_Menu &rArr; Reset_Screen
</UL>
<BR>[Calls]<UL><LI><a href="#[95]">&gt;&gt;</a>&nbsp;&nbsp;&nbsp;Reset_Screen
</UL>
<BR>[Called By]<UL><LI><a href="#[c3]">&gt;&gt;</a>&nbsp;&nbsp;&nbsp;GUI_Main
</UL>

<P><STRONG><a name="[bc]"></a>GUI_Key_MenuLong</STRONG> (Thumb, 36 bytes, Stack size 8 bytes, taskgui.o(i.GUI_Key_MenuLong))
<BR><BR>[Stack]<UL><LI>Max Depth = 16<LI>Call Chain = GUI_Key_MenuLong &rArr; Reset_Screen
</UL>
<BR>[Calls]<UL><LI><a href="#[95]">&gt;&gt;</a>&nbsp;&nbsp;&nbsp;Reset_Screen
</UL>
<BR>[Called By]<UL><LI><a href="#[c3]">&gt;&gt;</a>&nbsp;&nbsp;&nbsp;GUI_Main
</UL>

<P><STRONG><a name="[bd]"></a>GUI_Key_Ok</STRONG> (Thumb, 420 bytes, Stack size 32 bytes, taskgui.o(i.GUI_Key_Ok))
<BR><BR>[Stack]<UL><LI>Max Depth = 360 + Unknown Stack Size
<LI>Call Chain = GUI_Key_Ok &rArr; SaveParam &rArr; MemData_WriteParam &rArr; MemData_Write_To_Flash &rArr; FLASH_ProgramWord &rArr; FLASH_WaitForLastOperation
</UL>
<BR>[Calls]<UL><LI><a href="#[bf]">&gt;&gt;</a>&nbsp;&nbsp;&nbsp;USART_Configuration
<LI><a href="#[6c]">&gt;&gt;</a>&nbsp;&nbsp;&nbsp;SaveParam
<LI><a href="#[c1]">&gt;&gt;</a>&nbsp;&nbsp;&nbsp;SCH_Delete_Task
<LI><a href="#[95]">&gt;&gt;</a>&nbsp;&nbsp;&nbsp;Reset_Screen
<LI><a href="#[6d]">&gt;&gt;</a>&nbsp;&nbsp;&nbsp;PT_TimerDelay
<LI><a href="#[c0]">&gt;&gt;</a>&nbsp;&nbsp;&nbsp;Modebus_Init_T
<LI><a href="#[b7]">&gt;&gt;</a>&nbsp;&nbsp;&nbsp;GetSetOldValue
<LI><a href="#[be]">&gt;&gt;</a>&nbsp;&nbsp;&nbsp;GetSetNewValue
<LI><a href="#[af]">&gt;&gt;</a>&nbsp;&nbsp;&nbsp;__aeabi_memcpy
</UL>
<BR>[Called By]<UL><LI><a href="#[c3]">&gt;&gt;</a>&nbsp;&nbsp;&nbsp;GUI_Main
</UL>

<P><STRONG><a name="[c2]"></a>GUI_Key_Up</STRONG> (Thumb, 988 bytes, Stack size 56 bytes, taskgui.o(i.GUI_Key_Up))
<BR><BR>[Stack]<UL><LI>Max Depth = 88<LI>Call Chain = GUI_Key_Up &rArr; UpdataOrSetValue
</UL>
<BR>[Calls]<UL><LI><a href="#[95]">&gt;&gt;</a>&nbsp;&nbsp;&nbsp;Reset_Screen
<LI><a href="#[b8]">&gt;&gt;</a>&nbsp;&nbsp;&nbsp;UpdataOrSetValue
<LI><a href="#[b7]">&gt;&gt;</a>&nbsp;&nbsp;&nbsp;GetSetOldValue
</UL>
<BR>[Called By]<UL><LI><a href="#[c3]">&gt;&gt;</a>&nbsp;&nbsp;&nbsp;GUI_Main
</UL>

<P><STRONG><a name="[c3]"></a>GUI_Main</STRONG> (Thumb, 112 bytes, Stack size 16 bytes, taskgui.o(i.GUI_Main))
<BR><BR>[Stack]<UL><LI>Max Depth = 376 + Unknown Stack Size
<LI>Call Chain = GUI_Main &rArr; GUI_Key_Ok &rArr; SaveParam &rArr; MemData_WriteParam &rArr; MemData_Write_To_Flash &rArr; FLASH_ProgramWord &rArr; FLASH_WaitForLastOperation
</UL>
<BR>[Calls]<UL><LI><a href="#[c4]">&gt;&gt;</a>&nbsp;&nbsp;&nbsp;KeyDiff
<LI><a href="#[c2]">&gt;&gt;</a>&nbsp;&nbsp;&nbsp;GUI_Key_Up
<LI><a href="#[bd]">&gt;&gt;</a>&nbsp;&nbsp;&nbsp;GUI_Key_Ok
<LI><a href="#[bc]">&gt;&gt;</a>&nbsp;&nbsp;&nbsp;GUI_Key_MenuLong
<LI><a href="#[bb]">&gt;&gt;</a>&nbsp;&nbsp;&nbsp;GUI_Key_Menu
<LI><a href="#[b6]">&gt;&gt;</a>&nbsp;&nbsp;&nbsp;GUI_Key_Down
<LI><a href="#[b5]">&gt;&gt;</a>&nbsp;&nbsp;&nbsp;GUI_Key_Default
</UL>
<BR>[Called By]<UL><LI><a href="#[3f]">&gt;&gt;</a>&nbsp;&nbsp;&nbsp;Task_GUI_Function
</UL>

<P><STRONG><a name="[c5]"></a>GUI_Timer_On</STRONG> (Thumb, 628 bytes, Stack size 32 bytes, taskgui.o(i.GUI_Timer_On))
<BR><BR>[Stack]<UL><LI>Max Depth = 40<LI>Call Chain = GUI_Timer_On &rArr; Reset_Screen
</UL>
<BR>[Calls]<UL><LI><a href="#[95]">&gt;&gt;</a>&nbsp;&nbsp;&nbsp;Reset_Screen
<LI><a href="#[b2]">&gt;&gt;</a>&nbsp;&nbsp;&nbsp;GPIO_SetBits
<LI><a href="#[b1]">&gt;&gt;</a>&nbsp;&nbsp;&nbsp;GPIO_ResetBits
</UL>
<BR>[Called By]<UL><LI><a href="#[139]">&gt;&gt;</a>&nbsp;&nbsp;&nbsp;Task_Timer_Function
</UL>

<P><STRONG><a name="[be]"></a>GetSetNewValue</STRONG> (Thumb, 934 bytes, Stack size 36 bytes, taskgui.o(i.GetSetNewValue))
<BR><BR>[Stack]<UL><LI>Max Depth = 48<LI>Call Chain = GetSetNewValue &rArr; JudgeSetNewValue
</UL>
<BR>[Calls]<UL><LI><a href="#[c6]">&gt;&gt;</a>&nbsp;&nbsp;&nbsp;JudgeSetNewValue
</UL>
<BR>[Called By]<UL><LI><a href="#[bd]">&gt;&gt;</a>&nbsp;&nbsp;&nbsp;GUI_Key_Ok
</UL>

<P><STRONG><a name="[b7]"></a>GetSetOldValue</STRONG> (Thumb, 464 bytes, Stack size 16 bytes, taskgui.o(i.GetSetOldValue))
<BR><BR>[Stack]<UL><LI>Max Depth = 16<LI>Call Chain = GetSetOldValue
</UL>
<BR>[Called By]<UL><LI><a href="#[c2]">&gt;&gt;</a>&nbsp;&nbsp;&nbsp;GUI_Key_Up
<LI><a href="#[bd]">&gt;&gt;</a>&nbsp;&nbsp;&nbsp;GUI_Key_Ok
<LI><a href="#[b6]">&gt;&gt;</a>&nbsp;&nbsp;&nbsp;GUI_Key_Down
</UL>

<P><STRONG><a name="[93]"></a>HT_ClearLeftSign</STRONG> (Thumb, 34 bytes, Stack size 16 bytes, bsp_lcd.o(i.HT_ClearLeftSign))
<BR><BR>[Stack]<UL><LI>Max Depth = 16<LI>Call Chain = HT_ClearLeftSign
</UL>
<BR>[Called By]<UL><LI><a href="#[97]">&gt;&gt;</a>&nbsp;&nbsp;&nbsp;THDIFuntion
<LI><a href="#[98]">&gt;&gt;</a>&nbsp;&nbsp;&nbsp;HarmCurrent
<LI><a href="#[40]">&gt;&gt;</a>&nbsp;&nbsp;&nbsp;DispMenu_Main
</UL>

<P><STRONG><a name="[94]"></a>HT_ClearRightSign</STRONG> (Thumb, 108 bytes, Stack size 28 bytes, bsp_lcd.o(i.HT_ClearRightSign))
<BR><BR>[Stack]<UL><LI>Max Depth = 28<LI>Call Chain = HT_ClearRightSign
</UL>
<BR>[Called By]<UL><LI><a href="#[40]">&gt;&gt;</a>&nbsp;&nbsp;&nbsp;DispMenu_Main
</UL>

<P><STRONG><a name="[ca]"></a>HT_I2C_delay</STRONG> (Thumb, 10 bytes, Stack size 0 bytes, bsp_lcd.o(i.HT_I2C_delay))
<BR><BR>[Called By]<UL><LI><a href="#[c7]">&gt;&gt;</a>&nbsp;&nbsp;&nbsp;HT_Init
</UL>

<P><STRONG><a name="[c7]"></a>HT_Init</STRONG> (Thumb, 110 bytes, Stack size 16 bytes, bsp_lcd.o(i.HT_Init))
<BR><BR>[Stack]<UL><LI>Max Depth = 96<LI>Call Chain = HT_Init &rArr; Lcd_Update_screen &rArr; HT_WriteData &rArr; HT_SendBit
</UL>
<BR>[Calls]<UL><LI><a href="#[cb]">&gt;&gt;</a>&nbsp;&nbsp;&nbsp;Lcd_Update_screen
<LI><a href="#[c8]">&gt;&gt;</a>&nbsp;&nbsp;&nbsp;HT_LedStatus
<LI><a href="#[b2]">&gt;&gt;</a>&nbsp;&nbsp;&nbsp;GPIO_SetBits
<LI><a href="#[b1]">&gt;&gt;</a>&nbsp;&nbsp;&nbsp;GPIO_ResetBits
<LI><a href="#[c9]">&gt;&gt;</a>&nbsp;&nbsp;&nbsp;HT_SendCmd
<LI><a href="#[ca]">&gt;&gt;</a>&nbsp;&nbsp;&nbsp;HT_I2C_delay
</UL>
<BR>[Called By]<UL><LI><a href="#[146]">&gt;&gt;</a>&nbsp;&nbsp;&nbsp;Task_GUI_init
</UL>

<P><STRONG><a name="[c8]"></a>HT_LedStatus</STRONG> (Thumb, 22 bytes, Stack size 0 bytes, bsp_lcd.o(i.HT_LedStatus))
<BR><BR>[Calls]<UL><LI><a href="#[b2]">&gt;&gt;</a>&nbsp;&nbsp;&nbsp;GPIO_SetBits
<LI><a href="#[b1]">&gt;&gt;</a>&nbsp;&nbsp;&nbsp;GPIO_ResetBits
</UL>
<BR>[Called By]<UL><LI><a href="#[c7]">&gt;&gt;</a>&nbsp;&nbsp;&nbsp;HT_Init
<LI><a href="#[3f]">&gt;&gt;</a>&nbsp;&nbsp;&nbsp;Task_GUI_Function
</UL>

<P><STRONG><a name="[cc]"></a>HT_SendBit</STRONG> (Thumb, 84 bytes, Stack size 32 bytes, bsp_lcd.o(i.HT_SendBit))
<BR><BR>[Stack]<UL><LI>Max Depth = 32<LI>Call Chain = HT_SendBit
</UL>
<BR>[Calls]<UL><LI><a href="#[b2]">&gt;&gt;</a>&nbsp;&nbsp;&nbsp;GPIO_SetBits
<LI><a href="#[b1]">&gt;&gt;</a>&nbsp;&nbsp;&nbsp;GPIO_ResetBits
<LI><a href="#[cd]">&gt;&gt;</a>&nbsp;&nbsp;&nbsp;nus_delay
</UL>
<BR>[Called By]<UL><LI><a href="#[ce]">&gt;&gt;</a>&nbsp;&nbsp;&nbsp;HT_WriteData
<LI><a href="#[c9]">&gt;&gt;</a>&nbsp;&nbsp;&nbsp;HT_SendCmd
</UL>

<P><STRONG><a name="[c9]"></a>HT_SendCmd</STRONG> (Thumb, 54 bytes, Stack size 16 bytes, bsp_lcd.o(i.HT_SendCmd))
<BR><BR>[Stack]<UL><LI>Max Depth = 48<LI>Call Chain = HT_SendCmd &rArr; HT_SendBit
</UL>
<BR>[Calls]<UL><LI><a href="#[b2]">&gt;&gt;</a>&nbsp;&nbsp;&nbsp;GPIO_SetBits
<LI><a href="#[b1]">&gt;&gt;</a>&nbsp;&nbsp;&nbsp;GPIO_ResetBits
<LI><a href="#[cd]">&gt;&gt;</a>&nbsp;&nbsp;&nbsp;nus_delay
<LI><a href="#[cc]">&gt;&gt;</a>&nbsp;&nbsp;&nbsp;HT_SendBit
</UL>
<BR>[Called By]<UL><LI><a href="#[c7]">&gt;&gt;</a>&nbsp;&nbsp;&nbsp;HT_Init
</UL>

<P><STRONG><a name="[7f]"></a>HT_Write4Value</STRONG> (Thumb, 54 bytes, Stack size 20 bytes, bsp_lcd.o(i.HT_Write4Value))
<BR><BR>[Stack]<UL><LI>Max Depth = 48<LI>Call Chain = HT_Write4Value &rArr; HT_WriteValue
</UL>
<BR>[Calls]<UL><LI><a href="#[79]">&gt;&gt;</a>&nbsp;&nbsp;&nbsp;HT_WriteValue
</UL>
<BR>[Called By]<UL><LI><a href="#[44]">&gt;&gt;</a>&nbsp;&nbsp;&nbsp;DispMenu_MenuValue
<LI><a href="#[47]">&gt;&gt;</a>&nbsp;&nbsp;&nbsp;DispMenu_MenuSave
<LI><a href="#[46]">&gt;&gt;</a>&nbsp;&nbsp;&nbsp;DispMenu_MenuCodeErr
<LI><a href="#[45]">&gt;&gt;</a>&nbsp;&nbsp;&nbsp;DispMenu_MenuCode
<LI><a href="#[43]">&gt;&gt;</a>&nbsp;&nbsp;&nbsp;DispMenu_Menu3
<LI><a href="#[42]">&gt;&gt;</a>&nbsp;&nbsp;&nbsp;DispMenu_Menu2
<LI><a href="#[41]">&gt;&gt;</a>&nbsp;&nbsp;&nbsp;DispMenu_Menu1
<LI><a href="#[40]">&gt;&gt;</a>&nbsp;&nbsp;&nbsp;DispMenu_Main
<LI><a href="#[86]">&gt;&gt;</a>&nbsp;&nbsp;&nbsp;DispHarmonicContent
<LI><a href="#[78]">&gt;&gt;</a>&nbsp;&nbsp;&nbsp;DispHarI
</UL>

<P><STRONG><a name="[ce]"></a>HT_WriteData</STRONG> (Thumb, 52 bytes, Stack size 16 bytes, bsp_lcd.o(i.HT_WriteData))
<BR><BR>[Stack]<UL><LI>Max Depth = 48<LI>Call Chain = HT_WriteData &rArr; HT_SendBit
</UL>
<BR>[Calls]<UL><LI><a href="#[b2]">&gt;&gt;</a>&nbsp;&nbsp;&nbsp;GPIO_SetBits
<LI><a href="#[b1]">&gt;&gt;</a>&nbsp;&nbsp;&nbsp;GPIO_ResetBits
<LI><a href="#[cc]">&gt;&gt;</a>&nbsp;&nbsp;&nbsp;HT_SendBit
</UL>
<BR>[Called By]<UL><LI><a href="#[cb]">&gt;&gt;</a>&nbsp;&nbsp;&nbsp;Lcd_Update_screen
<LI><a href="#[e0]">&gt;&gt;</a>&nbsp;&nbsp;&nbsp;LCD_Update_screen_T
</UL>

<P><STRONG><a name="[8b]"></a>HT_WriteDot</STRONG> (Thumb, 220 bytes, Stack size 12 bytes, bsp_lcd.o(i.HT_WriteDot))
<BR><BR>[Stack]<UL><LI>Max Depth = 12<LI>Call Chain = HT_WriteDot
</UL>
<BR>[Called By]<UL><LI><a href="#[7e]">&gt;&gt;</a>&nbsp;&nbsp;&nbsp;DispValue
<LI><a href="#[9a]">&gt;&gt;</a>&nbsp;&nbsp;&nbsp;DispSetPT
<LI><a href="#[9b]">&gt;&gt;</a>&nbsp;&nbsp;&nbsp;DispSetCT
<LI><a href="#[44]">&gt;&gt;</a>&nbsp;&nbsp;&nbsp;DispMenu_MenuValue
<LI><a href="#[43]">&gt;&gt;</a>&nbsp;&nbsp;&nbsp;DispMenu_Menu3
<LI><a href="#[40]">&gt;&gt;</a>&nbsp;&nbsp;&nbsp;DispMenu_Main
</UL>

<P><STRONG><a name="[90]"></a>HT_WriteNegative</STRONG> (Thumb, 30 bytes, Stack size 12 bytes, bsp_lcd.o(i.HT_WriteNegative))
<BR><BR>[Stack]<UL><LI>Max Depth = 12<LI>Call Chain = HT_WriteNegative
</UL>
<BR>[Called By]<UL><LI><a href="#[7e]">&gt;&gt;</a>&nbsp;&nbsp;&nbsp;DispValue
<LI><a href="#[40]">&gt;&gt;</a>&nbsp;&nbsp;&nbsp;DispMenu_Main
</UL>

<P><STRONG><a name="[85]"></a>HT_WritePhase</STRONG> (Thumb, 86 bytes, Stack size 16 bytes, bsp_lcd.o(i.HT_WritePhase))
<BR><BR>[Stack]<UL><LI>Max Depth = 16<LI>Call Chain = HT_WritePhase
</UL>
<BR>[Called By]<UL><LI><a href="#[40]">&gt;&gt;</a>&nbsp;&nbsp;&nbsp;DispMenu_Main
<LI><a href="#[86]">&gt;&gt;</a>&nbsp;&nbsp;&nbsp;DispHarmonicContent
<LI><a href="#[7b]">&gt;&gt;</a>&nbsp;&nbsp;&nbsp;DispHarmSubI
</UL>

<P><STRONG><a name="[87]"></a>HT_WritePhaseDouble</STRONG> (Thumb, 86 bytes, Stack size 16 bytes, bsp_lcd.o(i.HT_WritePhaseDouble))
<BR><BR>[Stack]<UL><LI>Max Depth = 16<LI>Call Chain = HT_WritePhaseDouble
</UL>
<BR>[Called By]<UL><LI><a href="#[40]">&gt;&gt;</a>&nbsp;&nbsp;&nbsp;DispMenu_Main
<LI><a href="#[86]">&gt;&gt;</a>&nbsp;&nbsp;&nbsp;DispHarmonicContent
</UL>

<P><STRONG><a name="[8a]"></a>HT_WriteSum</STRONG> (Thumb, 30 bytes, Stack size 12 bytes, bsp_lcd.o(i.HT_WriteSum))
<BR><BR>[Stack]<UL><LI>Max Depth = 12<LI>Call Chain = HT_WriteSum
</UL>
<BR>[Called By]<UL><LI><a href="#[40]">&gt;&gt;</a>&nbsp;&nbsp;&nbsp;DispMenu_Main
</UL>

<P><STRONG><a name="[84]"></a>HT_WriteUnit</STRONG> (Thumb, 448 bytes, Stack size 36 bytes, bsp_lcd.o(i.HT_WriteUnit))
<BR><BR>[Stack]<UL><LI>Max Depth = 36<LI>Call Chain = HT_WriteUnit
</UL>
<BR>[Called By]<UL><LI><a href="#[44]">&gt;&gt;</a>&nbsp;&nbsp;&nbsp;DispMenu_MenuValue
<LI><a href="#[43]">&gt;&gt;</a>&nbsp;&nbsp;&nbsp;DispMenu_Menu3
<LI><a href="#[40]">&gt;&gt;</a>&nbsp;&nbsp;&nbsp;DispMenu_Main
<LI><a href="#[86]">&gt;&gt;</a>&nbsp;&nbsp;&nbsp;DispHarmonicContent
<LI><a href="#[7b]">&gt;&gt;</a>&nbsp;&nbsp;&nbsp;DispHarmSubI
</UL>

<P><STRONG><a name="[79]"></a>HT_WriteValue</STRONG> (Thumb, 514 bytes, Stack size 28 bytes, bsp_lcd.o(i.HT_WriteValue))
<BR><BR>[Stack]<UL><LI>Max Depth = 28<LI>Call Chain = HT_WriteValue
</UL>
<BR>[Called By]<UL><LI><a href="#[7f]">&gt;&gt;</a>&nbsp;&nbsp;&nbsp;HT_Write4Value
<LI><a href="#[97]">&gt;&gt;</a>&nbsp;&nbsp;&nbsp;THDIFuntion
[...]
<BR><BR>[Calls]<UL><LI><a href="#[180]">&gt;&gt;</a>&nbsp;&nbsp;&nbsp;__fpl_return_NaN
</UL>
<BR>[Called By]<UL><LI><a href="#[e4]">&gt;&gt;</a>&nbsp;&nbsp;&nbsp;__ARM_scalbnf
</UL>

<P><STRONG><a name="[191]"></a>__fpl_fcmp_Inf</STRONG> (Thumb, 24 bytes, Stack size 0 bytes, fcmpi.o(x$fpl$fcmpinf), UNUSED)
<BR><BR>[Called By]<UL><LI><a href="#[190]">&gt;&gt;</a>&nbsp;&nbsp;&nbsp;_fcmple
</UL>

<P><STRONG><a name="[7c]"></a>__aeabi_fdiv</STRONG> (Thumb, 0 bytes, Stack size 16 bytes, fdiv.o(x$fpl$fdiv))
<BR><BR>[Stack]<UL><LI>Max Depth = 16<LI>Call Chain = __aeabi_fdiv
</UL>
<BR>[Called By]<UL><LI><a href="#[10a]">&gt;&gt;</a>&nbsp;&nbsp;&nbsp;PwmPercentOutput_Second
<LI><a href="#[106]">&gt;&gt;</a>&nbsp;&nbsp;&nbsp;PwmPercentOutput_First
<LI><a href="#[86]">&gt;&gt;</a>&nbsp;&nbsp;&nbsp;DispHarmonicContent
<LI><a href="#[78]">&gt;&gt;</a>&nbsp;&nbsp;&nbsp;DispHarI
<LI><a href="#[147]">&gt;&gt;</a>&nbsp;&nbsp;&nbsp;fnDl645Fft_Harmonic_Exec
<LI><a href="#[111]">&gt;&gt;</a>&nbsp;&nbsp;&nbsp;RN8032_Updata
<LI><a href="#[112]">&gt;&gt;</a>&nbsp;&nbsp;&nbsp;RN8032_Adjust_U
<LI><a href="#[113]">&gt;&gt;</a>&nbsp;&nbsp;&nbsp;RN8032_Adjust_I
<LI><a href="#[114]">&gt;&gt;</a>&nbsp;&nbsp;&nbsp;RN8032_Adjust_Angle
<LI><a href="#[10f]">&gt;&gt;</a>&nbsp;&nbsp;&nbsp;RN8032_Adjust
<LI><a href="#[170]">&gt;&gt;</a>&nbsp;&nbsp;&nbsp;vModeBus_Query_THD
<LI><a href="#[103]">&gt;&gt;</a>&nbsp;&nbsp;&nbsp;Protect_AutoProc
</UL>

<P><STRONG><a name="[18d]"></a>_fdiv</STRONG> (Thumb, 384 bytes, Stack size 16 bytes, fdiv.o(x$fpl$fdiv), UNUSED)
<BR><BR>[Calls]<UL><LI><a href="#[17a]">&gt;&gt;</a>&nbsp;&nbsp;&nbsp;__fpl_fretinf
<LI><a href="#[189]">&gt;&gt;</a>&nbsp;&nbsp;&nbsp;__fpl_fnaninf
</UL>

<P><STRONG><a name="[91]"></a>__aeabi_f2iz</STRONG> (Thumb, 0 bytes, Stack size 16 bytes, ffix.o(x$fpl$ffix))
<BR><BR>[Stack]<UL><LI>Max Depth = 16<LI>Call Chain = __aeabi_f2iz
</UL>
<BR>[Called By]<UL><LI><a href="#[106]">&gt;&gt;</a>&nbsp;&nbsp;&nbsp;PwmPercentOutput_First
<LI><a href="#[40]">&gt;&gt;</a>&nbsp;&nbsp;&nbsp;DispMenu_Main
<LI><a href="#[111]">&gt;&gt;</a>&nbsp;&nbsp;&nbsp;RN8032_Updata
<LI><a href="#[114]">&gt;&gt;</a>&nbsp;&nbsp;&nbsp;RN8032_Adjust_Angle
<LI><a href="#[170]">&gt;&gt;</a>&nbsp;&nbsp;&nbsp;vModeBus_Query_THD
</UL>

<P><STRONG><a name="[18e]"></a>_ffix</STRONG> (Thumb, 54 bytes, Stack size 16 bytes, ffix.o(x$fpl$ffix), UNUSED)
<BR><BR>[Calls]<UL><LI><a href="#[189]">&gt;&gt;</a>&nbsp;&nbsp;&nbsp;__fpl_fnaninf
</UL>

<P><STRONG><a name="[7a]"></a>__aeabi_f2uiz</STRONG> (Thumb, 0 bytes, Stack size 16 bytes, ffixu.o(x$fpl$ffixu))
<BR><BR>[Stack]<UL><LI>Max Depth = 16<LI>Call Chain = __aeabi_f2uiz
</UL>
<BR>[Called By]<UL><LI><a href="#[10a]">&gt;&gt;</a>&nbsp;&nbsp;&nbsp;PwmPercentOutput_Second
<LI><a href="#[92]">&gt;&gt;</a>&nbsp;&nbsp;&nbsp;DispValueEnergy
<LI><a href="#[40]">&gt;&gt;</a>&nbsp;&nbsp;&nbsp;DispMenu_Main
<LI><a href="#[86]">&gt;&gt;</a>&nbsp;&nbsp;&nbsp;DispHarmonicContent
<LI><a href="#[78]">&gt;&gt;</a>&nbsp;&nbsp;&nbsp;DispHarI
<LI><a href="#[111]">&gt;&gt;</a>&nbsp;&nbsp;&nbsp;RN8032_Updata
<LI><a href="#[112]">&gt;&gt;</a>&nbsp;&nbsp;&nbsp;RN8032_Adjust_U
<LI><a href="#[113]">&gt;&gt;</a>&nbsp;&nbsp;&nbsp;RN8032_Adjust_I
<LI><a href="#[103]">&gt;&gt;</a>&nbsp;&nbsp;&nbsp;Protect_AutoProc
</UL>

<P><STRONG><a name="[18f]"></a>_ffixu</STRONG> (Thumb, 62 bytes, Stack size 16 bytes, ffixu.o(x$fpl$ffixu), UNUSED)
<BR><BR>[Calls]<UL><LI><a href="#[189]">&gt;&gt;</a>&nbsp;&nbsp;&nbsp;__fpl_fnaninf
</UL>

<P><STRONG><a name="[108]"></a>__aeabi_i2f</STRONG> (Thumb, 0 bytes, Stack size 0 bytes, fflt_clz.o(x$fpl$fflt))
<BR><BR>[Called By]<UL><LI><a href="#[10a]">&gt;&gt;</a>&nbsp;&nbsp;&nbsp;PwmPercentOutput_Second
<LI><a href="#[106]">&gt;&gt;</a>&nbsp;&nbsp;&nbsp;PwmPercentOutput_First
<LI><a href="#[111]">&gt;&gt;</a>&nbsp;&nbsp;&nbsp;RN8032_Updata
</UL>

<P><STRONG><a name="[1d7]"></a>_fflt</STRONG> (Thumb, 48 bytes, Stack size 0 bytes, fflt_clz.o(x$fpl$fflt), UNUSED)

<P><STRONG><a name="[119]"></a>__aeabi_ul2f</STRONG> (Thumb, 0 bytes, Stack size 0 bytes, ffltll_clz.o(x$fpl$ffltll))
<BR><BR>[Called By]<UL><LI><a href="#[111]">&gt;&gt;</a>&nbsp;&nbsp;&nbsp;RN8032_Updata
</UL>

<P><STRONG><a name="[1d8]"></a>_ll_uto_f</STRONG> (Thumb, 6 bytes, Stack size 0 bytes, ffltll_clz.o(x$fpl$ffltll), UNUSED)

<P><STRONG><a name="[11d]"></a>__aeabi_l2f</STRONG> (Thumb, 0 bytes, Stack size 0 bytes, ffltll_clz.o(x$fpl$ffltll))
<BR><BR>[Called By]<UL><LI><a href="#[111]">&gt;&gt;</a>&nbsp;&nbsp;&nbsp;RN8032_Updata
</UL>

<P><STRONG><a name="[1d9]"></a>_ll_sto_f</STRONG> (Thumb, 90 bytes, Stack size 0 bytes, ffltll_clz.o(x$fpl$ffltll), UNUSED)

<P><STRONG><a name="[104]"></a>__aeabi_ui2f</STRONG> (Thumb, 0 bytes, Stack size 0 bytes, fflt_clz.o(x$fpl$ffltu))
<BR><BR>[Called By]<UL><LI><a href="#[135]">&gt;&gt;</a>&nbsp;&nbsp;&nbsp;SampleDataModifyF
<LI><a href="#[111]">&gt;&gt;</a>&nbsp;&nbsp;&nbsp;RN8032_Updata
<LI><a href="#[112]">&gt;&gt;</a>&nbsp;&nbsp;&nbsp;RN8032_Adjust_U
<LI><a href="#[113]">&gt;&gt;</a>&nbsp;&nbsp;&nbsp;RN8032_Adjust_I
<LI><a href="#[114]">&gt;&gt;</a>&nbsp;&nbsp;&nbsp;RN8032_Adjust_Angle
<LI><a href="#[10f]">&gt;&gt;</a>&nbsp;&nbsp;&nbsp;RN8032_Adjust
<LI><a href="#[103]">&gt;&gt;</a>&nbsp;&nbsp;&nbsp;Protect_AutoProc
</UL>

<P><STRONG><a name="[1da]"></a>_ffltu</STRONG> (Thumb, 38 bytes, Stack size 0 bytes, fflt_clz.o(x$fpl$ffltu), UNUSED)

<P><STRONG><a name="[11a]"></a>__aeabi_cfcmple</STRONG> (Thumb, 0 bytes, Stack size 16 bytes, fleqf.o(x$fpl$fleqf))
<BR><BR>[Stack]<UL><LI>Max Depth = 16<LI>Call Chain = __aeabi_cfcmple
</UL>
<BR>[Called By]<UL><LI><a href="#[111]">&gt;&gt;</a>&nbsp;&nbsp;&nbsp;RN8032_Updata
</UL>

<P><STRONG><a name="[190]"></a>_fcmple</STRONG> (Thumb, 104 bytes, Stack size 16 bytes, fleqf.o(x$fpl$fleqf), UNUSED)
<BR><BR>[Calls]<UL><LI><a href="#[189]">&gt;&gt;</a>&nbsp;&nbsp;&nbsp;__fpl_fnaninf
<LI><a href="#[191]">&gt;&gt;</a>&nbsp;&nbsp;&nbsp;__fpl_fcmp_Inf
</UL>

<P><STRONG><a name="[194]"></a>__fpl_fcmple_InfNaN</STRONG> (Thumb, 0 bytes, Stack size unknown bytes, fleqf.o(x$fpl$fleqf), UNUSED)
<BR><BR>[Called By]<UL><LI><a href="#[193]">&gt;&gt;</a>&nbsp;&nbsp;&nbsp;_frcmple
</UL>

<P><STRONG><a name="[7d]"></a>__aeabi_fmul</STRONG> (Thumb, 0 bytes, Stack size 16 bytes, fmul.o(x$fpl$fmul))
<BR><BR>[Stack]<UL><LI>Max Depth = 16<LI>Call Chain = __aeabi_fmul
</UL>
<BR>[Called By]<UL><LI><a href="#[10a]">&gt;&gt;</a>&nbsp;&nbsp;&nbsp;PwmPercentOutput_Second
<LI><a href="#[106]">&gt;&gt;</a>&nbsp;&nbsp;&nbsp;PwmPercentOutput_First
<LI><a href="#[92]">&gt;&gt;</a>&nbsp;&nbsp;&nbsp;DispValueEnergy
<LI><a href="#[78]">&gt;&gt;</a>&nbsp;&nbsp;&nbsp;DispHarI
<LI><a href="#[147]">&gt;&gt;</a>&nbsp;&nbsp;&nbsp;fnDl645Fft_Harmonic_Exec
<LI><a href="#[135]">&gt;&gt;</a>&nbsp;&nbsp;&nbsp;SampleDataModifyF
<LI><a href="#[111]">&gt;&gt;</a>&nbsp;&nbsp;&nbsp;RN8032_Updata
<LI><a href="#[112]">&gt;&gt;</a>&nbsp;&nbsp;&nbsp;RN8032_Adjust_U
<LI><a href="#[113]">&gt;&gt;</a>&nbsp;&nbsp;&nbsp;RN8032_Adjust_I
<LI><a href="#[114]">&gt;&gt;</a>&nbsp;&nbsp;&nbsp;RN8032_Adjust_Angle
<LI><a href="#[e1]">&gt;&gt;</a>&nbsp;&nbsp;&nbsp;LineCalcFunc
<LI><a href="#[9f]">&gt;&gt;</a>&nbsp;&nbsp;&nbsp;FFT
<LI><a href="#[103]">&gt;&gt;</a>&nbsp;&nbsp;&nbsp;Protect_AutoProc
</UL>

<P><STRONG><a name="[192]"></a>_fmul</STRONG> (Thumb, 258 bytes, Stack size 16 bytes, fmul.o(x$fpl$fmul), UNUSED)
<BR><BR>[Calls]<UL><LI><a href="#[17a]">&gt;&gt;</a>&nbsp;&nbsp;&nbsp;__fpl_fretinf
<LI><a href="#[189]">&gt;&gt;</a>&nbsp;&nbsp;&nbsp;__fpl_fnaninf
</UL>

<P><STRONG><a name="[189]"></a>__fpl_fnaninf</STRONG> (Thumb, 140 bytes, Stack size 8 bytes, fnaninf.o(x$fpl$fnaninf), UNUSED)
<BR><BR>[Called By]<UL><LI><a href="#[192]">&gt;&gt;</a>&nbsp;&nbsp;&nbsp;_fmul
<LI><a href="#[190]">&gt;&gt;</a>&nbsp;&nbsp;&nbsp;_fcmple
<LI><a href="#[19b]">&gt;&gt;</a>&nbsp;&nbsp;&nbsp;_ll_ufrom_f
<LI><a href="#[18f]">&gt;&gt;</a>&nbsp;&nbsp;&nbsp;_ffixu
<LI><a href="#[199]">&gt;&gt;</a>&nbsp;&nbsp;&nbsp;_ll_sfrom_f
<LI><a href="#[18e]">&gt;&gt;</a>&nbsp;&nbsp;&nbsp;_ffix
<LI><a href="#[18d]">&gt;&gt;</a>&nbsp;&nbsp;&nbsp;_fdiv
<LI><a href="#[197]">&gt;&gt;</a>&nbsp;&nbsp;&nbsp;_fsub
<LI><a href="#[18a]">&gt;&gt;</a>&nbsp;&nbsp;&nbsp;_fadd
<LI><a href="#[188]">&gt;&gt;</a>&nbsp;&nbsp;&nbsp;_f2d
</UL>

<P><STRONG><a name="[17a]"></a>__fpl_fretinf</STRONG> (Thumb, 10 bytes, Stack size 0 bytes, fretinf.o(x$fpl$fretinf), UNUSED)
<BR><BR>[Called By]<UL><LI><a href="#[192]">&gt;&gt;</a>&nbsp;&nbsp;&nbsp;_fmul
<LI><a href="#[18d]">&gt;&gt;</a>&nbsp;&nbsp;&nbsp;_fdiv
<LI><a href="#[18a]">&gt;&gt;</a>&nbsp;&nbsp;&nbsp;_fadd
<LI><a href="#[179]">&gt;&gt;</a>&nbsp;&nbsp;&nbsp;_d2f
</UL>

<P><STRONG><a name="[109]"></a>__aeabi_cfrcmple</STRONG> (Thumb, 0 bytes, Stack size 0 bytes, frleqf.o(x$fpl$frleqf))
<BR><BR>[Called By]<UL><LI><a href="#[10a]">&gt;&gt;</a>&nbsp;&nbsp;&nbsp;PwmPercentOutput_Second
<LI><a href="#[106]">&gt;&gt;</a>&nbsp;&nbsp;&nbsp;PwmPercentOutput_First
<LI><a href="#[111]">&gt;&gt;</a>&nbsp;&nbsp;&nbsp;RN8032_Updata
</UL>

<P><STRONG><a name="[193]"></a>_frcmple</STRONG> (Thumb, 98 bytes, Stack size 0 bytes, frleqf.o(x$fpl$frleqf), UNUSED)
<BR><BR>[Calls]<UL><LI><a href="#[194]">&gt;&gt;</a>&nbsp;&nbsp;&nbsp;__fpl_fcmple_InfNaN
</UL>

<P><STRONG><a name="[a1]"></a>__aeabi_frsub</STRONG> (Thumb, 0 bytes, Stack size 0 bytes, faddsub_clz.o(x$fpl$frsb))
<BR><BR>[Called By]<UL><LI><a href="#[10a]">&gt;&gt;</a>&nbsp;&nbsp;&nbsp;PwmPercentOutput_Second
<LI><a href="#[106]">&gt;&gt;</a>&nbsp;&nbsp;&nbsp;PwmPercentOutput_First
<LI><a href="#[114]">&gt;&gt;</a>&nbsp;&nbsp;&nbsp;RN8032_Adjust_Angle
<LI><a href="#[9f]">&gt;&gt;</a>&nbsp;&nbsp;&nbsp;FFT
</UL>

<P><STRONG><a name="[195]"></a>_frsb</STRONG> (Thumb, 20 bytes, Stack size 0 bytes, faddsub_clz.o(x$fpl$frsb), UNUSED)
<BR><BR>[Calls]<UL><LI><a href="#[18b]">&gt;&gt;</a>&nbsp;&nbsp;&nbsp;_fsub1
<LI><a href="#[196]">&gt;&gt;</a>&nbsp;&nbsp;&nbsp;_fadd1
</UL>

<P><STRONG><a name="[a2]"></a>__aeabi_fsub</STRONG> (Thumb, 0 bytes, Stack size 16 bytes, faddsub_clz.o(x$fpl$fsub))
<BR><BR>[Stack]<UL><LI>Max Depth = 16<LI>Call Chain = __aeabi_fsub
</UL>
<BR>[Called By]<UL><LI><a href="#[10a]">&gt;&gt;</a>&nbsp;&nbsp;&nbsp;PwmPercentOutput_Second
<LI><a href="#[106]">&gt;&gt;</a>&nbsp;&nbsp;&nbsp;PwmPercentOutput_First
<LI><a href="#[111]">&gt;&gt;</a>&nbsp;&nbsp;&nbsp;RN8032_Updata
<LI><a href="#[112]">&gt;&gt;</a>&nbsp;&nbsp;&nbsp;RN8032_Adjust_U
<LI><a href="#[113]">&gt;&gt;</a>&nbsp;&nbsp;&nbsp;RN8032_Adjust_I
<LI><a href="#[9f]">&gt;&gt;</a>&nbsp;&nbsp;&nbsp;FFT
<LI><a href="#[10f]">&gt;&gt;</a>&nbsp;&nbsp;&nbsp;RN8032_Adjust
</UL>

<P><STRONG><a name="[197]"></a>_fsub</STRONG> (Thumb, 234 bytes, Stack size 16 bytes, faddsub_clz.o(x$fpl$fsub), UNUSED)
<BR><BR>[Calls]<UL><LI><a href="#[189]">&gt;&gt;</a>&nbsp;&nbsp;&nbsp;__fpl_fnaninf
<LI><a href="#[196]">&gt;&gt;</a>&nbsp;&nbsp;&nbsp;_fadd1
</UL>

<P><STRONG><a name="[8e]"></a>__aeabi_d2lz</STRONG> (Thumb, 0 bytes, Stack size 32 bytes, dfixll.o(x$fpl$llsfromd))
<BR><BR>[Stack]<UL><LI>Max Depth = 32<LI>Call Chain = __aeabi_d2lz
</UL>
<BR>[Called By]<UL><LI><a href="#[8f]">&gt;&gt;</a>&nbsp;&nbsp;&nbsp;DispValuePower
<LI><a href="#[40]">&gt;&gt;</a>&nbsp;&nbsp;&nbsp;DispMenu_Main
</UL>

<P><STRONG><a name="[198]"></a>_ll_sfrom_d</STRONG> (Thumb, 194 bytes, Stack size 32 bytes, dfixll.o(x$fpl$llsfromd), UNUSED)
<BR><BR>[Calls]<UL><LI><a href="#[17b]">&gt;&gt;</a>&nbsp;&nbsp;&nbsp;__fpl_dnaninf
</UL>

<P><STRONG><a name="[8c]"></a>__aeabi_f2lz</STRONG> (Thumb, 0 bytes, Stack size 16 bytes, ffixll.o(x$fpl$llsfromf))
<BR><BR>[Stack]<UL><LI>Max Depth = 16<LI>Call Chain = __aeabi_f2lz
</UL>
<BR>[Called By]<UL><LI><a href="#[40]">&gt;&gt;</a>&nbsp;&nbsp;&nbsp;DispMenu_Main
</UL>

<P><STRONG><a name="[199]"></a>_ll_sfrom_f</STRONG> (Thumb, 134 bytes, Stack size 16 bytes, ffixll.o(x$fpl$llsfromf), UNUSED)
<BR><BR>[Calls]<UL><LI><a href="#[189]">&gt;&gt;</a>&nbsp;&nbsp;&nbsp;__fpl_fnaninf
</UL>

<P><STRONG><a name="[e7]"></a>__aeabi_d2ulz</STRONG> (Thumb, 0 bytes, Stack size 32 bytes, dfixull.o(x$fpl$llufromd))
<BR><BR>[Stack]<UL><LI>Max Depth = 32<LI>Call Chain = __aeabi_d2ulz
</UL>
<BR>[Called By]<UL><LI><a href="#[e1]">&gt;&gt;</a>&nbsp;&nbsp;&nbsp;LineCalcFunc
</UL>

<P><STRONG><a name="[19a]"></a>_ll_ufrom_d</STRONG> (Thumb, 120 bytes, Stack size 32 bytes, dfixull.o(x$fpl$llufromd), UNUSED)
<BR><BR>[Calls]<UL><LI><a href="#[17b]">&gt;&gt;</a>&nbsp;&nbsp;&nbsp;__fpl_dnaninf
</UL>

<P><STRONG><a name="[e3]"></a>__aeabi_f2ulz</STRONG> (Thumb, 0 bytes, Stack size 16 bytes, ffixull.o(x$fpl$llufromf))
<BR><BR>[Stack]<UL><LI>Max Depth = 16<LI>Call Chain = __aeabi_f2ulz
</UL>
<BR>[Called By]<UL><LI><a href="#[e1]">&gt;&gt;</a>&nbsp;&nbsp;&nbsp;LineCalcFunc
</UL>

<P><STRONG><a name="[19b]"></a>_ll_ufrom_f</STRONG> (Thumb, 92 bytes, Stack size 16 bytes, ffixull.o(x$fpl$llufromf), UNUSED)
<BR><BR>[Calls]<UL><LI><a href="#[189]">&gt;&gt;</a>&nbsp;&nbsp;&nbsp;__fpl_fnaninf
</UL>

<P><STRONG><a name="[180]"></a>__fpl_return_NaN</STRONG> (Thumb, 100 bytes, Stack size 0 bytes, retnan.o(x$fpl$retnan))
<BR><BR>[Calls]<UL><LI><a href="#[19c]">&gt;&gt;</a>&nbsp;&nbsp;&nbsp;__fpl_cmpreturn
</UL>
<BR>[Called By]<UL><LI><a href="#[18c]">&gt;&gt;</a>&nbsp;&nbsp;&nbsp;__fpl_fcheck_NaN1
<LI><a href="#[17f]">&gt;&gt;</a>&nbsp;&nbsp;&nbsp;__fpl_dcheck_NaN1
</UL>

<P><STRONG><a name="[d0]"></a>__ARM_scalbn</STRONG> (Thumb, 92 bytes, Stack size 0 bytes, scalbn.o(x$fpl$scalbn))
<BR><BR>[Calls]<UL><LI><a href="#[17f]">&gt;&gt;</a>&nbsp;&nbsp;&nbsp;__fpl_dcheck_NaN1
</UL>
<BR>[Called By]<UL><LI><a href="#[cf]">&gt;&gt;</a>&nbsp;&nbsp;&nbsp;InitForFFT
<LI><a href="#[15b]">&gt;&gt;</a>&nbsp;&nbsp;&nbsp;__kernel_sin
<LI><a href="#[157]">&gt;&gt;</a>&nbsp;&nbsp;&nbsp;__ieee754_rem_pio2
<LI><a href="#[15d]">&gt;&gt;</a>&nbsp;&nbsp;&nbsp;__mathlib_dbl_underflow
<LI><a href="#[15e]">&gt;&gt;</a>&nbsp;&nbsp;&nbsp;__mathlib_dbl_infnan
<LI><a href="#[159]">&gt;&gt;</a>&nbsp;&nbsp;&nbsp;__kernel_cos
<LI><a href="#[118]">&gt;&gt;</a>&nbsp;&nbsp;&nbsp;asin
</UL>

<P><STRONG><a name="[e4]"></a>__ARM_scalbnf</STRONG> (Thumb, 76 bytes, Stack size 0 bytes, scalbnf.o(x$fpl$scalbnf))
<BR><BR>[Calls]<UL><LI><a href="#[18c]">&gt;&gt;</a>&nbsp;&nbsp;&nbsp;__fpl_fcheck_NaN1
</UL>
<BR>[Called By]<UL><LI><a href="#[10a]">&gt;&gt;</a>&nbsp;&nbsp;&nbsp;PwmPercentOutput_Second
<LI><a href="#[106]">&gt;&gt;</a>&nbsp;&nbsp;&nbsp;PwmPercentOutput_First
<LI><a href="#[135]">&gt;&gt;</a>&nbsp;&nbsp;&nbsp;SampleDataModifyF
<LI><a href="#[111]">&gt;&gt;</a>&nbsp;&nbsp;&nbsp;RN8032_Updata
<LI><a href="#[112]">&gt;&gt;</a>&nbsp;&nbsp;&nbsp;RN8032_Adjust_U
<LI><a href="#[113]">&gt;&gt;</a>&nbsp;&nbsp;&nbsp;RN8032_Adjust_I
<LI><a href="#[114]">&gt;&gt;</a>&nbsp;&nbsp;&nbsp;RN8032_Adjust_Angle
<LI><a href="#[e1]">&gt;&gt;</a>&nbsp;&nbsp;&nbsp;LineCalcFunc
</UL>

<P><STRONG><a name="[19c]"></a>__fpl_cmpreturn</STRONG> (Thumb, 48 bytes, Stack size 0 bytes, trapv.o(x$fpl$trapveneer))
<BR><BR>[Called By]<UL><LI><a href="#[180]">&gt;&gt;</a>&nbsp;&nbsp;&nbsp;__fpl_return_NaN
</UL>
<P>
<H3>
Local Symbols
</H3>
<P><STRONG><a name="[13a]"></a>SetSysClock</STRONG> (Thumb, 4 bytes, Stack size 0 bytes, system_stm32f10x.o(i.SetSysClock))
<BR><BR>[Called By]<UL><LI><a href="#[39]">&gt;&gt;</a>&nbsp;&nbsp;&nbsp;SystemInit
</UL>

<P><STRONG><a name="[6e]"></a>NVIC_SystemReset</STRONG> (Thumb, 20 bytes, Stack size 0 bytes, bsp_rn8302b.o(i.NVIC_SystemReset))
<BR><BR>[Called By]<UL><LI><a href="#[111]">&gt;&gt;</a>&nbsp;&nbsp;&nbsp;RN8032_Updata
<LI><a href="#[6b]">&gt;&gt;</a>&nbsp;&nbsp;&nbsp;ChangeNetMode
</UL>

<P><STRONG><a name="[116]"></a>RN8302Init</STRONG> (Thumb, 522 bytes, Stack size 48 bytes, bsp_rn8302b.o(i.RN8302Init))
<BR><BR>[Stack]<UL><LI>Max Depth = 120<LI>Call Chain = RN8302Init &rArr; RN8302WR &rArr; RN8302_TX_Frame &rArr; Spi_RN8302_SendByte
</UL>
<BR>[Calls]<UL><LI><a href="#[11e]">&gt;&gt;</a>&nbsp;&nbsp;&nbsp;RN8302WR
<LI><a href="#[117]">&gt;&gt;</a>&nbsp;&nbsp;&nbsp;RN8302RD
</UL>
<BR>[Called By]<UL><LI><a href="#[160]">&gt;&gt;</a>&nbsp;&nbsp;&nbsp;bsp_InitRN8023
<LI><a href="#[10f]">&gt;&gt;</a>&nbsp;&nbsp;&nbsp;RN8032_Adjust
</UL>

<P><STRONG><a name="[117]"></a>RN8302RD</STRONG> (Thumb, 182 bytes, Stack size 16 bytes, bsp_rn8302b.o(i.RN8302RD))
<BR><BR>[Stack]<UL><LI>Max Depth = 72<LI>Call Chain = RN8302RD &rArr; RN8302_RX_Frame &rArr; Spi_RN8302_SendByte
</UL>
<BR>[Calls]<UL><LI><a href="#[11f]">&gt;&gt;</a>&nbsp;&nbsp;&nbsp;RN8302_RX_Frame
</UL>
<BR>[Called By]<UL><LI><a href="#[147]">&gt;&gt;</a>&nbsp;&nbsp;&nbsp;fnDl645Fft_Harmonic_Exec
<LI><a href="#[110]">&gt;&gt;</a>&nbsp;&nbsp;&nbsp;RN8302InitAdjust
<LI><a href="#[111]">&gt;&gt;</a>&nbsp;&nbsp;&nbsp;RN8032_Updata
<LI><a href="#[112]">&gt;&gt;</a>&nbsp;&nbsp;&nbsp;RN8032_Adjust_U
<LI><a href="#[113]">&gt;&gt;</a>&nbsp;&nbsp;&nbsp;RN8032_Adjust_I
<LI><a href="#[114]">&gt;&gt;</a>&nbsp;&nbsp;&nbsp;RN8032_Adjust_Angle
<LI><a href="#[116]">&gt;&gt;</a>&nbsp;&nbsp;&nbsp;RN8302Init
<LI><a href="#[10f]">&gt;&gt;</a>&nbsp;&nbsp;&nbsp;RN8032_Adjust
</UL>

<P><STRONG><a name="[11e]"></a>RN8302WR</STRONG> (Thumb, 124 bytes, Stack size 16 bytes, bsp_rn8302b.o(i.RN8302WR))
<BR><BR>[Stack]<UL><LI>Max Depth = 72<LI>Call Chain = RN8302WR &rArr; RN8302_TX_Frame &rArr; Spi_RN8302_SendByte
</UL>
<BR>[Calls]<UL><LI><a href="#[123]">&gt;&gt;</a>&nbsp;&nbsp;&nbsp;RN8302_TX_Frame
</UL>
<BR>[Called By]<UL><LI><a href="#[147]">&gt;&gt;</a>&nbsp;&nbsp;&nbsp;fnDl645Fft_Harmonic_Exec
<LI><a href="#[110]">&gt;&gt;</a>&nbsp;&nbsp;&nbsp;RN8302InitAdjust
<LI><a href="#[116]">&gt;&gt;</a>&nbsp;&nbsp;&nbsp;RN8302Init
</UL>

<P><STRONG><a name="[11f]"></a>RN8302_RX_Frame</STRONG> (Thumb, 314 bytes, Stack size 40 bytes, bsp_rn8302b.o(i.RN8302_RX_Frame))
<BR><BR>[Stack]<UL><LI>Max Depth = 56<LI>Call Chain = RN8302_RX_Frame &rArr; Spi_RN8302_SendByte
</UL>
<BR>[Calls]<UL><LI><a href="#[b2]">&gt;&gt;</a>&nbsp;&nbsp;&nbsp;GPIO_SetBits
<LI><a href="#[b1]">&gt;&gt;</a>&nbsp;&nbsp;&nbsp;GPIO_ResetBits
<LI><a href="#[121]">&gt;&gt;</a>&nbsp;&nbsp;&nbsp;Spi_RN8302_SendByte
<LI><a href="#[122]">&gt;&gt;</a>&nbsp;&nbsp;&nbsp;Spi_RN8302_ReadByte
</UL>
<BR>[Called By]<UL><LI><a href="#[117]">&gt;&gt;</a>&nbsp;&nbsp;&nbsp;RN8302RD
</UL>

<P><STRONG><a name="[123]"></a>RN8302_TX_Frame</STRONG> (Thumb, 244 bytes, Stack size 40 bytes, bsp_rn8302b.o(i.RN8302_TX_Frame))
<BR><BR>[Stack]<UL><LI>Max Depth = 56<LI>Call Chain = RN8302_TX_Frame &rArr; Spi_RN8302_SendByte
</UL>
<BR>[Calls]<UL><LI><a href="#[b2]">&gt;&gt;</a>&nbsp;&nbsp;&nbsp;GPIO_SetBits
<LI><a href="#[b1]">&gt;&gt;</a>&nbsp;&nbsp;&nbsp;GPIO_ResetBits
<LI><a href="#[121]">&gt;&gt;</a>&nbsp;&nbsp;&nbsp;Spi_RN8302_SendByte
<LI><a href="#[122]">&gt;&gt;</a>&nbsp;&nbsp;&nbsp;Spi_RN8302_ReadByte
</UL>
<BR>[Called By]<UL><LI><a href="#[11e]">&gt;&gt;</a>&nbsp;&nbsp;&nbsp;RN8302WR
</UL>

<P><STRONG><a name="[186]"></a>_dadd1</STRONG> (Thumb, 0 bytes, Stack size unknown bytes, daddsub_clz.o(x$fpl$dadd), UNUSED)
<BR><BR>[Called By]<UL><LI><a href="#[187]">&gt;&gt;</a>&nbsp;&nbsp;&nbsp;_dsub
<LI><a href="#[185]">&gt;&gt;</a>&nbsp;&nbsp;&nbsp;_drsb
</UL>

<P><STRONG><a name="[17d]"></a>_dsub1</STRONG> (Thumb, 0 bytes, Stack size unknown bytes, daddsub_clz.o(x$fpl$dsub), UNUSED)
<BR><BR>[Called By]<UL><LI><a href="#[185]">&gt;&gt;</a>&nbsp;&nbsp;&nbsp;_drsb
<LI><a href="#[17c]">&gt;&gt;</a>&nbsp;&nbsp;&nbsp;_dadd
</UL>

<P><STRONG><a name="[196]"></a>_fadd1</STRONG> (Thumb, 0 bytes, Stack size unknown bytes, faddsub_clz.o(x$fpl$fadd), UNUSED)
<BR><BR>[Called By]<UL><LI><a href="#[197]">&gt;&gt;</a>&nbsp;&nbsp;&nbsp;_fsub
<LI><a href="#[195]">&gt;&gt;</a>&nbsp;&nbsp;&nbsp;_frsb
</UL>

<P><STRONG><a name="[18b]"></a>_fsub1</STRONG> (Thumb, 0 bytes, Stack size unknown bytes, faddsub_clz.o(x$fpl$fsub), UNUSED)
<BR><BR>[Called By]<UL><LI><a href="#[195]">&gt;&gt;</a>&nbsp;&nbsp;&nbsp;_frsb
<LI><a href="#[18a]">&gt;&gt;</a>&nbsp;&nbsp;&nbsp;_fadd
</UL>
<P>
<H3>
Undefined Global Symbols
</H3><HR></body></html>
<SCRIPT Language=VBScript><!--

//--></SCRIPT>