<html>
<body>
<pre>
<h1>礦ision Build Log</h1>
<h2>Tool Versions:</h2>
IDE-Version: μVision V5.28.0.0
Copyright (C) 2019 ARM Ltd and ARM Germany GmbH. All rights reserved.
License Information: 11 admin, HP Inc., LIC=2WSBS-LXEA0-JYSV8-3MVMT-2PW1R-1AZX0
 
Tool Versions:
Toolchain:       MDK-ARM Basic (256K)  Version: 5.28.0.0
Toolchain Path:  D:\office software\keil 5\install\ARM\ARMCC\Bin
C Compiler:      Armcc.exe V5.06 update 6 (build 750)
Assembler:       Armasm.exe V5.06 update 6 (build 750)
Linker/Locator:  ArmLink.exe V5.06 update 6 (build 750)
Library Manager: ArmAr.exe V5.06 update 6 (build 750)
Hex Converter:   FromElf.exe V5.06 update 6 (build 750)
CPU DLL:         SARMCM3.DLL V5.28.0.0
Dialog DLL:      DCM.DLL V1.17.3.0
Target DLL:      Segger\JL2CM3.dll V2.99.36.0
Dialog DLL:      TCM.DLL V1.36.2.0
 
<h2>Project:</h2>
E:\3.程序资料\厉乐乐\数显表订单程序 1901\PE201D7 R\build\72_Multi.uvprojx
Project File Date:  09/06/2019

<h2>Output:</h2>
*** Using Compiler 'V5.06 update 6 (build 750)', folder: 'D:\office software\keil 5\install\ARM\ARMCC\Bin'
Build target 'LCD_Mult_7_103'
compiling bsp_RN8302B.c...
..\src\Driver\bsp_RN8302B.c(2381): warning:  #550-D: variable "ftemp_P"  was set but never used
  	float ftemp_N,ftemp_P;
..\src\Driver\bsp_RN8302B.c: 1 warning, 0 errors
linking...
Program Size: Code=81456 RO-data=2296 RW-data=1416 ZI-data=9488  
FromELF: creating hex file...
".\tempLcd\PD354-LAS3Y-R-H-190906.axf" - 0 Error(s), 1 Warning(s).

<h2>Software Packages used:</h2>

Package Vendor: Keil
                http://www.keil.com/pack/Keil.STM32F1xx_DFP.1.0.5.pack
                Keil.STM32F1xx_DFP.1.0.5
                STMicroelectronics STM32F1 Series Device Support, Drivers and Examples

<h2>Collection of Component include folders:</h2>
  .\RTE\_LCD_Mult_7_103
  D:\office software\keil 5\packs\Keil\STM32F1xx_DFP\1.0.5\Device\Include

<h2>Collection of Component Files used:</h2>
Build Time Elapsed:  00:00:02
</pre>
</body>
</html>
<SCRIPT Language=VBScript><!--

//--></SCRIPT>