Component: ARM Compiler 5.05 update 2 (build 169) Tool: armlink [4d0f33]

==============================================================================

Section Cross References

    system_stm32f10x.o(i.SetSysClock) refers to system_stm32f10x.o(i.SetSysClockTo72) for SetSysClockTo72
    system_stm32f10x.o(i.SystemCoreClockUpdate) refers to system_stm32f10x.o(.data) for .data
    system_stm32f10x.o(i.SystemInit) refers to system_stm32f10x.o(i.SetSysClock) for SetSysClock
    startup_stm32f10x_md.o(STACK) refers (Special) to heapauxi.o(.text) for __use_two_region_memory
    startup_stm32f10x_md.o(HEAP) refers (Special) to heapauxi.o(.text) for __use_two_region_memory
    startup_stm32f10x_md.o(RESET) refers (Special) to heapauxi.o(.text) for __use_two_region_memory
    startup_stm32f10x_md.o(RESET) refers to startup_stm32f10x_md.o(STACK) for __initial_sp
    startup_stm32f10x_md.o(RESET) refers to startup_stm32f10x_md.o(.text) for Reset_Handler
    startup_stm32f10x_md.o(RESET) refers to stm32f10x_it.o(i.NMI_Handler) for NMI_Handler
    startup_stm32f10x_md.o(RESET) refers to stm32f10x_it.o(i.HardFault_Handler) for HardFault_Handler
    startup_stm32f10x_md.o(RESET) refers to stm32f10x_it.o(i.SVC_Handler) for SVC_Handler
    startup_stm32f10x_md.o(RESET) refers to stm32f10x_it.o(i.PendSV_Handler) for PendSV_Handler
    startup_stm32f10x_md.o(RESET) refers to stm32f10x_it.o(i.SysTick_Handler) for SysTick_Handler
    startup_stm32f10x_md.o(RESET) refers to stm32f10x_it.o(i.DMA1_Channel1_IRQHandler) for DMA1_Channel1_IRQHandler
    startup_stm32f10x_md.o(RESET) refers to stm32f10x_it.o(i.TIM2_IRQHandler) for TIM2_IRQHandler
    startup_stm32f10x_md.o(RESET) refers to stm32f10x_it.o(i.TIM3_IRQHandler) for TIM3_IRQHandler
    startup_stm32f10x_md.o(RESET) refers to stm32f10x_it.o(i.USART1_IRQHandler) for USART1_IRQHandler
    startup_stm32f10x_md.o(.text) refers (Special) to heapauxi.o(.text) for __use_two_region_memory
    startup_stm32f10x_md.o(.text) refers to system_stm32f10x.o(i.SystemInit) for SystemInit
    startup_stm32f10x_md.o(.text) refers to __main.o(!!!main) for __main
    startup_stm32f10x_md.o(.text) refers to startup_stm32f10x_md.o(HEAP) for Heap_Mem
    startup_stm32f10x_md.o(.text) refers to startup_stm32f10x_md.o(STACK) for Stack_Mem
    taskgui.o(i.CharToNumber) refers to taskgui.o(.bss) for .bss
    taskgui.o(i.CharToNumber) refers to taskgui.o(.constdata) for .constdata
    taskgui.o(i.CharToNumber) refers to taskgui.o(.data) for .data
    taskgui.o(i.DispBitChar) refers to taskgui.o(.bss) for .bss
    taskgui.o(i.DispChar) refers to taskgui.o(.bss) for .bss
    taskgui.o(i.DispHarI) refers to bsp_lcd.o(i.HT_WriteValue) for HT_WriteValue
    taskgui.o(i.DispHarI) refers to ffixu.o(x$fpl$ffixu) for __aeabi_f2uiz
    taskgui.o(i.DispHarI) refers to taskgui.o(i.DispHarmSubI) for DispHarmSubI
    taskgui.o(i.DispHarI) refers to fdiv.o(x$fpl$fdiv) for __aeabi_fdiv
    taskgui.o(i.DispHarI) refers to fmul.o(x$fpl$fmul) for __aeabi_fmul
    taskgui.o(i.DispHarI) refers to taskgui.o(i.DispValue) for DispValue
    taskgui.o(i.DispHarI) refers to bsp_lcd.o(i.HT_Write4Value) for HT_Write4Value
    taskgui.o(i.DispHarI) refers to taskgui.o(.data) for .data
    taskgui.o(i.DispHarI) refers to bsp_rn8302b.o(.bss) for HarmonicData
    taskgui.o(i.DispHarmSubI) refers to dflt_clz.o(x$fpl$dfltu) for __aeabi_ui2d
    taskgui.o(i.DispHarmSubI) refers to dmul.o(x$fpl$dmul) for __aeabi_dmul
    taskgui.o(i.DispHarmSubI) refers to dfix.o(x$fpl$dfix) for __aeabi_d2iz
    taskgui.o(i.DispHarmSubI) refers to taskgui.o(i.DispValueCurrent) for DispValueCurrent
    taskgui.o(i.DispHarmSubI) refers to bsp_lcd.o(i.HT_WriteUnit) for HT_WriteUnit
    taskgui.o(i.DispHarmSubI) refers to bsp_lcd.o(i.HT_WritePhase) for HT_WritePhase
    taskgui.o(i.DispHarmSubI) refers to taskgui.o(.data) for .data
    taskgui.o(i.DispHarmonicContent) refers to bsp_lcd.o(i.HT_WriteValue) for HT_WriteValue
    taskgui.o(i.DispHarmonicContent) refers to fdiv.o(x$fpl$fdiv) for __aeabi_fdiv
    taskgui.o(i.DispHarmonicContent) refers to ffixu.o(x$fpl$ffixu) for __aeabi_f2uiz
    taskgui.o(i.DispHarmonicContent) refers to taskgui.o(i.DispValue) for DispValue
    taskgui.o(i.DispHarmonicContent) refers to bsp_lcd.o(i.HT_WriteUnit) for HT_WriteUnit
    taskgui.o(i.DispHarmonicContent) refers to bsp_lcd.o(i.HT_WritePhase) for HT_WritePhase
    taskgui.o(i.DispHarmonicContent) refers to bsp_lcd.o(i.HT_Write4Value) for HT_Write4Value
    taskgui.o(i.DispHarmonicContent) refers to bsp_lcd.o(i.HT_WritePhaseDouble) for HT_WritePhaseDouble
    taskgui.o(i.DispHarmonicContent) refers to bsp_rn8302b.o(.bss) for HarmonicData
    taskgui.o(i.DispHarmonicContent) refers to taskgui.o(.data) for .data
    taskgui.o(i.DispHarmonicContent) refers to param.o(.bss) for g_tParam
    taskgui.o(i.DispMenu_Main) refers to bsp_lcd.o(i.HT_WriteValue) for HT_WriteValue
    taskgui.o(i.DispMenu_Main) refers to ffixu.o(x$fpl$ffixu) for __aeabi_f2uiz
[...]
    FLASH_Lock                               0x08008c19   Thumb Code    12  stm32f10x_flash.o(i.FLASH_Lock)
    FLASH_ProgramWord                        0x08008c29   Thumb Code    86  stm32f10x_flash.o(i.FLASH_ProgramWord)
    FLASH_Unlock                             0x08008c85   Thumb Code    12  stm32f10x_flash.o(i.FLASH_Unlock)
    FLASH_WaitForLastOperation               0x08008c9d   Thumb Code    32  stm32f10x_flash.o(i.FLASH_WaitForLastOperation)
    FRAM_I2C_ReadData                        0x08008cbd   Thumb Code   120  drvfram.o(i.FRAM_I2C_ReadData)
    FRAM_I2C_WriteData                       0x08008d35   Thumb Code    80  drvfram.o(i.FRAM_I2C_WriteData)
    FRAM_ReadData                            0x08008d85   Thumb Code    68  drvfram.o(i.FRAM_ReadData)
    FRAM_WriteData                           0x08008dcd   Thumb Code    76  drvfram.o(i.FRAM_WriteData)
    FramData_Crc                             0x08008e21   Thumb Code    22  drvfram.o(i.FramData_Crc)
    GPIO_Configuration                       0x08008e39   Thumb Code   492  bsp.o(i.GPIO_Configuration)
    GPIO_Init                                0x08009039   Thumb Code   166  stm32f10x_gpio.o(i.GPIO_Init)
    GPIO_PinRemapConfig                      0x080090e1   Thumb Code    86  stm32f10x_gpio.o(i.GPIO_PinRemapConfig)
    GPIO_ReadInputDataBit                    0x0800913d   Thumb Code    14  stm32f10x_gpio.o(i.GPIO_ReadInputDataBit)
    GPIO_ResetBits                           0x0800914b   Thumb Code     4  stm32f10x_gpio.o(i.GPIO_ResetBits)
    GPIO_SetBits                             0x0800914f   Thumb Code     4  stm32f10x_gpio.o(i.GPIO_SetBits)
    GUI_Key_Default                          0x08009155   Thumb Code   132  taskgui.o(i.GUI_Key_Default)
    GUI_Key_Down                             0x080091e5   Thumb Code   934  taskgui.o(i.GUI_Key_Down)
    GUI_Key_Menu                             0x0800959d   Thumb Code   170  taskgui.o(i.GUI_Key_Menu)
    GUI_Key_MenuLong                         0x08009651   Thumb Code    36  taskgui.o(i.GUI_Key_MenuLong)
    GUI_Key_Ok                               0x0800967d   Thumb Code   420  taskgui.o(i.GUI_Key_Ok)
    GUI_Key_Up                               0x0800983d   Thumb Code   988  taskgui.o(i.GUI_Key_Up)
    GUI_Main                                 0x08009c29   Thumb Code   112  taskgui.o(i.GUI_Main)
    GUI_Timer_On                             0x08009c9d   Thumb Code   628  taskgui.o(i.GUI_Timer_On)
    GetSetNewValue                           0x08009f2d   Thumb Code   934  taskgui.o(i.GetSetNewValue)
    GetSetOldValue                           0x0800a2e1   Thumb Code   464  taskgui.o(i.GetSetOldValue)
    HT_ClearLeftSign                         0x0800a4c1   Thumb Code    34  bsp_lcd.o(i.HT_ClearLeftSign)
    HT_ClearRightSign                        0x0800a4ed   Thumb Code   108  bsp_lcd.o(i.HT_ClearRightSign)
    HT_I2C_delay                             0x0800a561   Thumb Code    10  bsp_lcd.o(i.HT_I2C_delay)
    HT_Init                                  0x0800a56d   Thumb Code   110  bsp_lcd.o(i.HT_Init)
    HT_LedStatus                             0x0800a5e9   Thumb Code    22  bsp_lcd.o(i.HT_LedStatus)
    HT_SendBit                               0x0800a605   Thumb Code    84  bsp_lcd.o(i.HT_SendBit)
    HT_SendCmd                               0x0800a65d   Thumb Code    54  bsp_lcd.o(i.HT_SendCmd)
    HT_Write4Value                           0x0800a699   Thumb Code    54  bsp_lcd.o(i.HT_Write4Value)
    HT_WriteData                             0x0800a6d1   Thumb Code    52  bsp_lcd.o(i.HT_WriteData)
    HT_WriteDot                              0x0800a709   Thumb Code   220  bsp_lcd.o(i.HT_WriteDot)
    HT_WriteNegative                         0x0800a7ed   Thumb Code    30  bsp_lcd.o(i.HT_WriteNegative)
    HT_WritePhase                            0x0800a815   Thumb Code    86  bsp_lcd.o(i.HT_WritePhase)
    HT_WritePhaseDouble                      0x0800a875   Thumb Code    86  bsp_lcd.o(i.HT_WritePhaseDouble)
    HT_WriteSum                              0x0800a8d5   Thumb Code    30  bsp_lcd.o(i.HT_WriteSum)
    HT_WriteUnit                             0x0800a8fd   Thumb Code   448  bsp_lcd.o(i.HT_WriteUnit)
    HT_WriteValue                            0x0800aac9   Thumb Code   514  bsp_lcd.o(i.HT_WriteValue)
    HT_Write_Four_Quadrant                   0x0800acd5   Thumb Code   132  bsp_lcd.o(i.HT_Write_Four_Quadrant)
    HT_Write_IO_Frame                        0x0800ad65   Thumb Code   130  bsp_lcd.o(i.HT_Write_IO_Frame)
    HardFault_Handler                        0x0800adf1   Thumb Code     2  stm32f10x_it.o(i.HardFault_Handler)
    HarmCurrent                              0x0800adf5   Thumb Code   478  taskgui.o(i.HarmCurrent)
    InitCtrlParam                            0x0800afd9   Thumb Code   162  param.o(i.InitCtrlParam)
    InitForFFT                               0x0800b081   Thumb Code    86  bsp_rn8302b.o(i.InitForFFT)
    InitRNParam                              0x0800b0e5   Thumb Code    18  param.o(i.InitRNParam)
    InitRNParamToZero                        0x0800b0f7   Thumb Code    18  param.o(i.InitRNParamToZero)
    InitRNParam_Phase                        0x0800b109   Thumb Code    48  param.o(i.InitRNParam_Phase)
    InitRNParam_PhaseToZero                  0x0800b141   Thumb Code    42  param.o(i.InitRNParam_PhaseToZero)
    JudgeSetNewValue                         0x0800b175   Thumb Code    38  taskgui.o(i.JudgeSetNewValue)
    KG_CancelJudge                           0x0800b19b   Thumb Code    14  taskprotect.o(i.KG_CancelJudge)
    KG_JudgeOverHappen                       0x0800b1a9   Thumb Code    86  taskprotect.o(i.KG_JudgeOverHappen)
    KG_ProtectHappen                         0x0800b205   Thumb Code    56  taskprotect.o(i.KG_ProtectHappen)
    KG_ProtectRtn                            0x0800b23d   Thumb Code    50  taskprotect.o(i.KG_ProtectRtn)
    KeyDiff                                  0x0800b271   Thumb Code    80  taskgui.o(i.KeyDiff)
    KeyStatus                                0x0800b2c5   Thumb Code    74  taskgui.o(i.KeyStatus)
    LCD_Update_screen_T                      0x0800b319   Thumb Code    70  bsp_lcd.o(i.LCD_Update_screen_T)
    Lcd_Update_screen                        0x0800b361   Thumb Code   124  bsp_lcd.o(i.Lcd_Update_screen)
    LineCalcFunc                             0x0800b3e5   Thumb Code   508  bsp_rn8302b.o(i.LineCalcFunc)
    LoadParam                                0x0800b5f1   Thumb Code     4  param.o(i.LoadParam)
    MSRS232_CRC                              0x0800b5f5   Thumb Code    26  taskrs232.o(i.MSRS232_CRC)
    MemData_CmpParam                         0x0800b60f   Thumb Code    28  memdataoperate.o(i.MemData_CmpParam)
    MemData_CmpParamType                     0x0800b62b   Thumb Code   430  memdataoperate.o(i.MemData_CmpParamType)
    MemData_Crc                              0x0800b7d9   Thumb Code    22  memdataoperate.o(i.MemData_Crc)
    MemData_ReadParam                        0x0800b7f1   Thumb Code    64  memdataoperate.o(i.MemData_ReadParam)
    MemData_WriteParam                       0x0800b839   Thumb Code    58  memdataoperate.o(i.MemData_WriteParam)
    MemData_Write_To_Flash                   0x0800b87d   Thumb Code    90  memdataoperate.o(i.MemData_Write_To_Flash)
    Modbus_IRQHandler                        0x0800b8d7   Thumb Code    18  sch.o(i.Modbus_IRQHandler)
    Modebus_Init_T                           0x0800b8e9   Thumb Code    64  sch.o(i.Modebus_Init_T)
    MyI2C_GPIO_IN_Config                     0x0800b929   Thumb Code    30  drvfram.o(i.MyI2C_GPIO_IN_Config)
    MyI2C_GPIO_Out_Config                    0x0800b94d   Thumb Code    30  drvfram.o(i.MyI2C_GPIO_Out_Config)
    MyI2C_ReceiveByte                        0x0800b971   Thumb Code   100  drvfram.o(i.MyI2C_ReceiveByte)
    MyI2C_SendByte                           0x0800b9d9   Thumb Code    90  drvfram.o(i.MyI2C_SendByte)
    MyI2C_Start                              0x0800ba39   Thumb Code    34  drvfram.o(i.MyI2C_Start)
    MyI2C_Stop                               0x0800ba61   Thumb Code    26  drvfram.o(i.MyI2C_Stop)
    NMI_Handler                              0x0800ba81   Thumb Code     2  stm32f10x_it.o(i.NMI_Handler)
    NVIC_Configuration                       0x0800ba83   Thumb Code    90  bsp.o(i.NVIC_Configuration)
    NVIC_Init                                0x0800badd   Thumb Code    96  misc.o(i.NVIC_Init)
    NVIC_PriorityGroupConfig                 0x0800bb41   Thumb Code    10  misc.o(i.NVIC_PriorityGroupConfig)
    OneKeyStaus                              0x0800bb71   Thumb Code   134  taskgui.o(i.OneKeyStaus)
    OutHandler_First                         0x0800bbfd   Thumb Code  2268  taskextra.o(i.OutHandler_First)
    OutHandler_Second                        0x0800c4d9   Thumb Code  2268  taskextra.o(i.OutHandler_Second)
    OutStatus                                0x0800cdb5   Thumb Code    50  taskextra.o(i.OutStatus)
    PT_TimerDelay                            0x0800cdf1   Thumb Code    26  pt_timer.o(i.PT_TimerDelay)
    PT_TimerDiff                             0x0800ce0b   Thumb Code    22  pt_timer.o(i.PT_TimerDiff)
    PT_TimerGet                              0x0800ce21   Thumb Code     6  pt_timer.o(i.PT_TimerGet)
    PT_TimerIncrement                        0x0800ce2d   Thumb Code    10  pt_timer.o(i.PT_TimerIncrement)
    PendSV_Handler                           0x0800ce3d   Thumb Code     2  stm32f10x_it.o(i.PendSV_Handler)
    Protect_AutoProc                         0x0800ce41   Thumb Code   256  taskprotect.o(i.Protect_AutoProc)
    PwmPercentOutput_First                   0x0800cf6d   Thumb Code   756  taskextra.o(i.PwmPercentOutput_First)
    PwmPercentOutput_Second                  0x0800d27d   Thumb Code   750  taskextra.o(i.PwmPercentOutput_Second)
    RCC_AHBPeriphClockCmd                    0x0800d589   Thumb Code    22  stm32f10x_rcc.o(i.RCC_AHBPeriphClockCmd)
    RCC_APB1PeriphClockCmd                   0x0800d5a5   Thumb Code    22  stm32f10x_rcc.o(i.RCC_APB1PeriphClockCmd)
    RCC_APB1PeriphResetCmd                   0x0800d5c1   Thumb Code    22  stm32f10x_rcc.o(i.RCC_APB1PeriphResetCmd)
    RCC_APB2PeriphClockCmd                   0x0800d5dd   Thumb Code    22  stm32f10x_rcc.o(i.RCC_APB2PeriphClockCmd)
    RCC_APB2PeriphResetCmd                   0x0800d5f9   Thumb Code    22  stm32f10x_rcc.o(i.RCC_APB2PeriphResetCmd)
    RCC_Configuration                        0x0800d615   Thumb Code    32  bsp.o(i.RCC_Configuration)
    RCC_GetClocksFreq                        0x0800d639   Thumb Code   154  stm32f10x_rcc.o(i.RCC_GetClocksFreq)
    RN8032_Adjust                            0x0800d6e5   Thumb Code   648  bsp_rn8302b.o(i.RN8032_Adjust)
    RN8032_Adjust_Angle                      0x0800d985   Thumb Code   248  bsp_rn8302b.o(i.RN8032_Adjust_Angle)
    RN8032_Adjust_I                          0x0800daa9   Thumb Code   156  bsp_rn8302b.o(i.RN8032_Adjust_I)
    RN8032_Adjust_U                          0x0800db59   Thumb Code   156  bsp_rn8302b.o(i.RN8032_Adjust_U)
    RN8032_Updata                            0x0800dc09   Thumb Code  5330  bsp_rn8302b.o(i.RN8032_Updata)
    RN8302InitAdjust                         0x0800f339   Thumb Code   196  bsp_rn8302b.o(i.RN8302InitAdjust)
    RN8302RDBUFF                             0x0800f4cd   Thumb Code   208  bsp_rn8302b.o(i.RN8302RDBUFF)
    Reset_Screen                             0x0800f86d   Thumb Code    26  bsp_lcd.o(i.Reset_Screen)
    SCH_Add_Task                             0x0800f88d   Thumb Code    58  sch.o(i.SCH_Add_Task)
    SCH_Delete_Task                          0x0800f8cd   Thumb Code    26  sch.o(i.SCH_Delete_Task)
    SCH_Init_T                               0x0800f8ed   Thumb Code    60  sch.o(i.SCH_Init_T)
    SCH_RUN_Tasks                            0x0800f92d   Thumb Code    50  sch.o(i.SCH_RUN_Tasks)
    SCH_Start                                0x0800f965   Thumb Code    26  sch.o(i.SCH_Start)
    SERIAL_IRQHandler                        0x0800f985   Thumb Code   112  drvserial.o(i.SERIAL_IRQHandler)
    SIGNAL_IRQHandler                        0x0800f9f9   Thumb Code    98  sch.o(i.SIGNAL_IRQHandler)
    SVC_Handler                              0x0800fa69   Thumb Code     2  stm32f10x_it.o(i.SVC_Handler)
    SampleDataModifyF                        0x0800fa6d   Thumb Code    90  bsp_rn8302b.o(i.SampleDataModifyF)
    SaveParam                                0x0800facd   Thumb Code     4  param.o(i.SaveParam)
    SetPT_CT                                 0x0800fad1   Thumb Code   308  taskgui.o(i.SetPT_CT)
    Spi_RN8302_ReadByte                      0x0800fcc1   Thumb Code    62  bsp_rn8302b.o(i.Spi_RN8302_ReadByte)
    Spi_RN8302_SendByte                      0x0800fd05   Thumb Code    70  bsp_rn8302b.o(i.Spi_RN8302_SendByte)
    SysTick_CLKSourceConfig                  0x0800fd51   Thumb Code    28  misc.o(i.SysTick_CLKSourceConfig)
    SysTick_Configuration                    0x0800fd6d   Thumb Code    66  bsp.o(i.SysTick_Configuration)
    SysTick_Handler                          0x0800fdb9   Thumb Code    14  stm32f10x_it.o(i.SysTick_Handler)
    SystemInit                               0x0800fdc9   Thumb Code    64  system_stm32f10x.o(i.SystemInit)
    THDIFuntion                              0x0800fe19   Thumb Code   282  taskgui.o(i.THDIFuntion)
    THDUFuntion                              0x0800ff39   Thumb Code   150  taskgui.o(i.THDUFuntion)
    TIM2_IRQHandler                          0x0800ffd5   Thumb Code     4  stm32f10x_it.o(i.TIM2_IRQHandler)
    TIM3_IRQHandler                          0x0800ffd9   Thumb Code     4  stm32f10x_it.o(i.TIM3_IRQHandler)
    TIM_ARRPreloadConfig                     0x0800ffdd   Thumb Code    24  stm32f10x_tim.o(i.TIM_ARRPreloadConfig)
    TIM_ClearFlag                            0x0800fff5   Thumb Code     6  stm32f10x_tim.o(i.TIM_ClearFlag)
    TIM_ClearITPendingBit                    0x0800fffb   Thumb Code     6  stm32f10x_tim.o(i.TIM_ClearITPendingBit)
    TIM_Cmd                                  0x08010001   Thumb Code    24  stm32f10x_tim.o(i.TIM_Cmd)
    TIM_CtrlPWMOutputs                       0x08010019   Thumb Code    28  stm32f10x_tim.o(i.TIM_CtrlPWMOutputs)
    TIM_DeInit                               0x08010035   Thumb Code   464  stm32f10x_tim.o(i.TIM_DeInit)
    TIM_GetITStatus                          0x08010245   Thumb Code    24  stm32f10x_tim.o(i.TIM_GetITStatus)
    TIM_ITConfig                             0x0801025d   Thumb Code    20  stm32f10x_tim.o(i.TIM_ITConfig)
    TIM_OC3Init                              0x08010271   Thumb Code   124  stm32f10x_tim.o(i.TIM_OC3Init)
    TIM_OC3PreloadConfig                     0x080102f5   Thumb Code    12  stm32f10x_tim.o(i.TIM_OC3PreloadConfig)
    TIM_OC4Init                              0x08010301   Thumb Code    94  stm32f10x_tim.o(i.TIM_OC4Init)
    TIM_OC4PreloadConfig                     0x08010369   Thumb Code    20  stm32f10x_tim.o(i.TIM_OC4PreloadConfig)
    TIM_PWM_Configuration                    0x0801037d   Thumb Code   206  bsp.o(i.TIM_PWM_Configuration)
    TIM_SetCompare3                          0x08010461   Thumb Code     4  stm32f10x_tim.o(i.TIM_SetCompare3)
    TIM_SetCompare4                          0x08010465   Thumb Code     6  stm32f10x_tim.o(i.TIM_SetCompare4)
    TIM_TimeBaseInit                         0x0801046d   Thumb Code   114  stm32f10x_tim.o(i.TIM_TimeBaseInit)
    Task_Extra_Function                      0x08010509   Thumb Code    46  taskextra.o(i.Task_Extra_Function)
    Task_GUI_Function                        0x0801053d   Thumb Code    40  taskgui.o(i.Task_GUI_Function)
    Task_GUI_init                            0x08010571   Thumb Code    32  taskgui.o(i.Task_GUI_init)
    Task_Power_Function                      0x08010591   Thumb Code    18  bsp_rn8302b.o(i.Task_Power_Function)
    Task_Protect_Function                    0x080105a3   Thumb Code     4  taskprotect.o(i.Task_Protect_Function)
    Task_RS232_Function                      0x080105a7   Thumb Code     4  taskrs232.o(i.Task_RS232_Function)
    Task_RS232_init                          0x080105ad   Thumb Code    32  taskrs232.o(i.Task_RS232_init)
    Task_Timer_Function                      0x080105d5   Thumb Code    14  taskgui.o(i.Task_Timer_Function)
    UASRT_StopSend                           0x080105e5   Thumb Code    12  drvserial.o(i.UASRT_StopSend)
    USART1_IRQHandler                        0x080105f5   Thumb Code     4  stm32f10x_it.o(i.USART1_IRQHandler)
    USART_ClearFlag                          0x080105f9   Thumb Code     8  stm32f10x_usart.o(i.USART_ClearFlag)
    USART_ClearITPendingBit                  0x08010601   Thumb Code    16  stm32f10x_usart.o(i.USART_ClearITPendingBit)
    USART_ClockInit                          0x08010611   Thumb Code    30  stm32f10x_usart.o(i.USART_ClockInit)
    USART_Cmd                                0x0801062f   Thumb Code    24  stm32f10x_usart.o(i.USART_Cmd)
    USART_Configuration                      0x08010649   Thumb Code   302  bsp.o(i.USART_Configuration)
    USART_DMACmd                             0x08010789   Thumb Code    20  stm32f10x_usart.o(i.USART_DMACmd)
    USART_DMAReConfig                        0x0801079d   Thumb Code    62  bsp.o(i.USART_DMAReConfig)
    USART_GetFlagStatus                      0x080107e9   Thumb Code    14  stm32f10x_usart.o(i.USART_GetFlagStatus)
    USART_GetITStatus                        0x080107f7   Thumb Code    64  stm32f10x_usart.o(i.USART_GetITStatus)
    USART_GetRxBufData                       0x08010839   Thumb Code    26  drvserial.o(i.USART_GetRxBufData)
    USART_GetRxBufLen                        0x0801085d   Thumb Code    28  drvserial.o(i.USART_GetRxBufLen)
    USART_GetRxString                        0x0801087d   Thumb Code    38  drvserial.o(i.USART_GetRxString)
    USART_GetTxBufData                       0x080108a5   Thumb Code    26  drvserial.o(i.USART_GetTxBufData)
    USART_ITConfig                           0x080108c9   Thumb Code    54  stm32f10x_usart.o(i.USART_ITConfig)
    USART_Init                               0x08010901   Thumb Code   182  stm32f10x_usart.o(i.USART_Init)
    USART_IsDataInTxBuf                      0x080109bd   Thumb Code    18  drvserial.o(i.USART_IsDataInTxBuf)
    USART_PutDatatoRxBuf                     0x080109d5   Thumb Code    18  drvserial.o(i.USART_PutDatatoRxBuf)
    USART_ReceiveData                        0x080109f1   Thumb Code     8  stm32f10x_usart.o(i.USART_ReceiveData)
    USART_SendData                           0x080109f9   Thumb Code     8  stm32f10x_usart.o(i.USART_SendData)
    UpdataOrSetValue                         0x08010a01   Thumb Code   318  taskgui.o(i.UpdataOrSetValue)
    UpdataSetValue                           0x08010b49   Thumb Code   232  taskgui.o(i.UpdataSetValue)
    WriteRNParam                             0x08010c39   Thumb Code   240  param.o(i.WriteRNParam)
    __ARM_fpclassify                         0x08010d2d   Thumb Code    40  fpclassify.o(i.__ARM_fpclassify)
    __ieee754_rem_pio2                       0x08010d55   Thumb Code   828  rred.o(i.__ieee754_rem_pio2)
    __kernel_cos                             0x080110dd   Thumb Code   230  cos_i.o(i.__kernel_cos)
    __kernel_poly                            0x080111d9   Thumb Code   170  poly.o(i.__kernel_poly)
    __kernel_sin                             0x08011285   Thumb Code   224  sin_i.o(i.__kernel_sin)
    __mathlib_dbl_infnan                     0x08011371   Thumb Code     6  dunder.o(i.__mathlib_dbl_infnan)
    __mathlib_dbl_invalid                    0x08011377   Thumb Code    12  dunder.o(i.__mathlib_dbl_invalid)
    __mathlib_dbl_underflow                  0x08011385   Thumb Code    10  dunder.o(i.__mathlib_dbl_underflow)
    asin                                     0x08011395   Thumb Code   572  asin.o(i.asin)
    bsp_InitRN8023                           0x08011605   Thumb Code     4  bsp_rn8302b.o(i.bsp_InitRN8023)
    cos                                      0x08011609   Thumb Code   148  cos.o(i.cos)
    delay_us                                 0x080116a5   Thumb Code    12  drvfram.o(i.delay_us)
    fnDl645Fft_DataCmp                       0x080116b1   Thumb Code   150  bsp_rn8302b.o(i.fnDl645Fft_DataCmp)
    fnDl645Fft_Harmonic_Exec                 0x08011755   Thumb Code   450  bsp_rn8302b.o(i.fnDl645Fft_Harmonic_Exec)
    main                                     0x08011939   Thumb Code   132  sysmain.o(i.main)
    nus_delay                                0x080119d9   Thumb Code    20  pt_timer.o(i.nus_delay)
    sin                                      0x080119ed   Thumb Code   150  sin.o(i.sin)
    spi_nop                                  0x08011a8d   Thumb Code    12  bsp_rn8302b.o(i.spi_nop)
    sqrt                                     0x08011a99   Thumb Code    76  sqrt.o(i.sqrt)
    sqrt_64fixed                             0x08011ae5   Thumb Code    64  bsp_rn8302b.o(i.sqrt_64fixed)
    svc_Protect_CancelJudge                  0x08011b25   Thumb Code    14  taskextra.o(i.svc_Protect_CancelJudge)
    svc_Protect_ProtectHappen                0x08011b33   Thumb Code    56  taskextra.o(i.svc_Protect_ProtectHappen)
    svc_Protect_ProtectRtn                   0x08011b6b   Thumb Code    50  taskextra.o(i.svc_Protect_ProtectRtn)
    usMBCRC16                                0x08011b9d   Thumb Code    38  taskrs232.o(i.usMBCRC16)
    vMSRS232_Analysis                        0x08011bc9   Thumb Code   142  taskrs232.o(i.vMSRS232_Analysis)
    vMSRS232_Query_Adjust                    0x08011c61   Thumb Code    18  taskrs232.o(i.vMSRS232_Query_Adjust)
    vMSRS232_Query_Param                     0x08011c7d   Thumb Code    14  taskrs232.o(i.vMSRS232_Query_Param)
    vMSRS232_Query_Power                     0x08011c95   Thumb Code    18  taskrs232.o(i.vMSRS232_Query_Power)
    vMSRS232_RxProtocol                      0x08011cb1   Thumb Code   680  taskrs232.o(i.vMSRS232_RxProtocol)
    vMSRS232_SetFrameData                    0x08011f65   Thumb Code    86  taskrs232.o(i.vMSRS232_SetFrameData)
    vMSRS232_Set_Adjust                      0x08011fc1   Thumb Code   420  taskrs232.o(i.vMSRS232_Set_Adjust)
    vMSRS232_Set_Param                       0x0801216d   Thumb Code     2  taskrs232.o(i.vMSRS232_Set_Param)
    vModeBusRtu_Analysis                     0x08012171   Thumb Code   410  taskrs232.o(i.vModeBusRtu_Analysis)
    vModeBus_Query_CTRL                      0x08012335   Thumb Code   206  taskrs232.o(i.vModeBus_Query_CTRL)
    vModeBus_Query_Primary                   0x0801240d   Thumb Code    94  taskrs232.o(i.vModeBus_Query_Primary)
    vModeBus_Query_Primary_HarmI             0x08012475   Thumb Code    96  taskrs232.o(i.vModeBus_Query_Primary_HarmI)
    vModeBus_Query_Secondary                 0x080124dd   Thumb Code    32  taskrs232.o(i.vModeBus_Query_Secondary)
    vModeBus_Query_THD                       0x08012501   Thumb Code   268  taskrs232.o(i.vModeBus_Query_THD)
    vModeBus_SetFrameData                    0x0801261d   Thumb Code   374  taskrs232.o(i.vModeBus_SetFrameData)
    vModeBus_Set_Ctrl_Parm                   0x08012799   Thumb Code   990  taskrs232.o(i.vModeBus_Set_Ctrl_Parm)
    vModeBus_Set_Multi_Relay                 0x08012b8d   Thumb Code    60  taskrs232.o(i.vModeBus_Set_Multi_Relay)
    vModeBus_Set_Relay                       0x08012bd5   Thumb Code    40  taskrs232.o(i.vModeBus_Set_Relay)
    __aeabi_d2f                              0x08012c09   Thumb Code     0  d2f.o(x$fpl$d2f)
    _d2f                                     0x08012c09   Thumb Code    98  d2f.o(x$fpl$d2f)
    __aeabi_dadd                             0x08012c6d   Thumb Code     0  daddsub_clz.o(x$fpl$dadd)
    _dadd                                    0x08012c6d   Thumb Code   332  daddsub_clz.o(x$fpl$dadd)
    __fpl_dcheck_NaN1                        0x08012dbd   Thumb Code    10  dcheck1.o(x$fpl$dcheck1)
    __aeabi_ddiv                             0x08012dcd   Thumb Code     0  ddiv.o(x$fpl$ddiv)
    _ddiv                                    0x08012dcd   Thumb Code   552  ddiv.o(x$fpl$ddiv)
    __aeabi_d2iz                             0x0801307d   Thumb Code     0  dfix.o(x$fpl$dfix)
    _dfix                                    0x0801307d   Thumb Code    94  dfix.o(x$fpl$dfix)
    __aeabi_d2uiz                            0x080130dd   Thumb Code     0  dfixu.o(x$fpl$dfixu)
    _dfixu                                   0x080130dd   Thumb Code    90  dfixu.o(x$fpl$dfixu)
    __aeabi_i2d                              0x08013137   Thumb Code     0  dflt_clz.o(x$fpl$dflt)
    _dflt                                    0x08013137   Thumb Code    46  dflt_clz.o(x$fpl$dflt)
    __aeabi_l2d                              0x08013165   Thumb Code     0  dfltll_clz.o(x$fpl$dfltll)
    _ll_sto_d                                0x08013165   Thumb Code   162  dfltll_clz.o(x$fpl$dfltll)
    __aeabi_ui2d                             0x08013207   Thumb Code     0  dflt_clz.o(x$fpl$dfltu)
    _dfltu                                   0x08013207   Thumb Code    38  dflt_clz.o(x$fpl$dfltu)
    __aeabi_ul2d                             0x0801322d   Thumb Code     0  dfltll_clz.o(x$fpl$dfltull)
    _ll_uto_d                                0x0801322d   Thumb Code   138  dfltll_clz.o(x$fpl$dfltull)
    __aeabi_dmul                             0x080132b9   Thumb Code     0  dmul.o(x$fpl$dmul)
    _dmul                                    0x080132b9   Thumb Code   332  dmul.o(x$fpl$dmul)
    __fpl_dnaninf                            0x0801340d   Thumb Code   156  dnaninf.o(x$fpl$dnaninf)
    __fpl_dretinf                            0x080134a9   Thumb Code    12  dretinf.o(x$fpl$dretinf)
    __aeabi_drsub                            0x080134b5   Thumb Code     0  daddsub_clz.o(x$fpl$drsb)
    _drsb                                    0x080134b5   Thumb Code    22  daddsub_clz.o(x$fpl$drsb)
    _dsqrt                                   0x080134cd   Thumb Code   456  dsqrt_noumaal.o(x$fpl$dsqrt)
    __aeabi_dsub                             0x08013699   Thumb Code     0  daddsub_clz.o(x$fpl$dsub)
    _dsub                                    0x08013699   Thumb Code   464  daddsub_clz.o(x$fpl$dsub)
    __aeabi_f2d                              0x0801386d   Thumb Code     0  f2d.o(x$fpl$f2d)
    _f2d                                     0x0801386d   Thumb Code    86  f2d.o(x$fpl$f2d)
    __aeabi_fadd                             0x080138c5   Thumb Code     0  faddsub_clz.o(x$fpl$fadd)
    _fadd                                    0x080138c5   Thumb Code   196  faddsub_clz.o(x$fpl$fadd)
    __fpl_fcheck_NaN1                        0x08013989   Thumb Code     6  fcheck1.o(x$fpl$fcheck1)
    __fpl_fcmp_Inf                           0x08013995   Thumb Code    24  fcmpi.o(x$fpl$fcmpinf)
    __aeabi_fdiv                             0x080139ad   Thumb Code     0  fdiv.o(x$fpl$fdiv)
    _fdiv                                    0x080139ad   Thumb Code   384  fdiv.o(x$fpl$fdiv)
    __aeabi_f2iz                             0x08013b31   Thumb Code     0  ffix.o(x$fpl$ffix)
    _ffix                                    0x08013b31   Thumb Code    54  ffix.o(x$fpl$ffix)
    __aeabi_f2uiz                            0x08013b69   Thumb Code     0  ffixu.o(x$fpl$ffixu)
    _ffixu                                   0x08013b69   Thumb Code    62  ffixu.o(x$fpl$ffixu)
    __aeabi_i2f                              0x08013ba9   Thumb Code     0  fflt_clz.o(x$fpl$fflt)
    _fflt                                    0x08013ba9   Thumb Code    48  fflt_clz.o(x$fpl$fflt)
    __aeabi_ul2f                             0x08013bd9   Thumb Code     0  ffltll_clz.o(x$fpl$ffltll)
    _ll_uto_f                                0x08013bd9   Thumb Code     6  ffltll_clz.o(x$fpl$ffltll)
    __aeabi_l2f                              0x08013bdf   Thumb Code     0  ffltll_clz.o(x$fpl$ffltll)
    _ll_sto_f                                0x08013bdf   Thumb Code    90  ffltll_clz.o(x$fpl$ffltll)
    __aeabi_ui2f                             0x08013c39   Thumb Code     0  fflt_clz.o(x$fpl$ffltu)
    _ffltu                                   0x08013c39   Thumb Code    38  fflt_clz.o(x$fpl$ffltu)
    __aeabi_cfcmple                          0x08013c61   Thumb Code     0  fleqf.o(x$fpl$fleqf)
    _fcmple                                  0x08013c61   Thumb Code   104  fleqf.o(x$fpl$fleqf)
    __fpl_fcmple_InfNaN                      0x08013cb3   Thumb Code     0  fleqf.o(x$fpl$fleqf)
    __aeabi_fmul                             0x08013cc9   Thumb Code     0  fmul.o(x$fpl$fmul)
    _fmul                                    0x08013cc9   Thumb Code   258  fmul.o(x$fpl$fmul)
    __fpl_fnaninf                            0x08013dcb   Thumb Code   140  fnaninf.o(x$fpl$fnaninf)
    __fpl_fretinf                            0x08013e57   Thumb Code    10  fretinf.o(x$fpl$fretinf)
    __aeabi_cfrcmple                         0x08013e61   Thumb Code     0  frleqf.o(x$fpl$frleqf)
    _frcmple                                 0x08013e61   Thumb Code    98  frleqf.o(x$fpl$frleqf)
    __aeabi_frsub                            0x08013ec3   Thumb Code     0  faddsub_clz.o(x$fpl$frsb)
    _frsb                                    0x08013ec3   Thumb Code    20  faddsub_clz.o(x$fpl$frsb)
    __aeabi_fsub                             0x08013ed9   Thumb Code     0  faddsub_clz.o(x$fpl$fsub)
    _fsub                                    0x08013ed9   Thumb Code   234  faddsub_clz.o(x$fpl$fsub)
    __aeabi_d2lz                             0x08013fc5   Thumb Code     0  dfixll.o(x$fpl$llsfromd)
    _ll_sfrom_d                              0x08013fc5   Thumb Code   194  dfixll.o(x$fpl$llsfromd)
    __aeabi_f2lz                             0x08014089   Thumb Code     0  ffixll.o(x$fpl$llsfromf)
    _ll_sfrom_f                              0x08014089   Thumb Code   134  ffixll.o(x$fpl$llsfromf)
    __aeabi_d2ulz                            0x08014111   Thumb Code     0  dfixull.o(x$fpl$llufromd)
    _ll_ufrom_d                              0x08014111   Thumb Code   120  dfixull.o(x$fpl$llufromd)
    __aeabi_f2ulz                            0x08014189   Thumb Code     0  ffixull.o(x$fpl$llufromf)
    _ll_ufrom_f                              0x08014189   Thumb Code    92  ffixull.o(x$fpl$llufromf)
    __fpl_return_NaN                         0x080141e5   Thumb Code   100  retnan.o(x$fpl$retnan)
    __ARM_scalbn                             0x08014249   Thumb Code    92  scalbn.o(x$fpl$scalbn)
    __ARM_scalbnf                            0x080142a5   Thumb Code    76  scalbnf.o(x$fpl$scalbnf)
    __fpl_cmpreturn                          0x080142f1   Thumb Code    48  trapv.o(x$fpl$trapveneer)
    __I$use$fp                               0x08014320   Number         0  usenofp.o(x$fpl$usenofp)
    cg_CharToNum                             0x08014320   Data           8  taskgui.o(.constdata)
    Key_Tab                                  0x08014328   Data          96  taskgui.o(.constdata)
    g_16_BIT                                 0x08014588   Data          32  taskrs232.o(.constdata)
    LCD_COM_OUTS                             0x080145a8   Data           2  bsp_lcd.o(.constdata)
    LCD_PIN_OUTS                             0x080145aa   Data           2  bsp_lcd.o(.constdata)
    LCD_COM_OUT_On                           0x080145ac   Data           2  bsp_lcd.o(.constdata)
    LCD_COM_OUT_Off                          0x080145ae   Data           2  bsp_lcd.o(.constdata)
    LCD_PIN_OUT_On                           0x080145b0   Data           2  bsp_lcd.o(.constdata)
    LCD_PIN_OUT_Off                          0x080145b2   Data           2  bsp_lcd.o(.constdata)
    LCD_COM_Row0_DotValue                    0x080145b4   Data           3  bsp_lcd.o(.constdata)
    LCD_COM_Row1_DotValue                    0x080145b7   Data           3  bsp_lcd.o(.constdata)
    LCD_COM_Row2_DotValue                    0x080145ba   Data           3  bsp_lcd.o(.constdata)
    LCD_COM_Row3_DotValue                    0x080145bd   Data           3  bsp_lcd.o(.constdata)
    LCD_COM_Phase                            0x080145c0   Data           3  bsp_lcd.o(.constdata)
    LCD_PIN_Phase                            0x080145c3   Data           3  bsp_lcd.o(.constdata)
    LCD_COM_PhaseD                           0x080145c6   Data           3  bsp_lcd.o(.constdata)
    LCD_PIN_PhaseD                           0x080145c9   Data           3  bsp_lcd.o(.constdata)
    LCD_PIN_UNIT3                            0x080145cc   Data           3  bsp_lcd.o(.constdata)
    LCD_COM_LedPhase                         0x080145cf   Data           3  bsp_lcd.o(.constdata)
    LCD_PIN_LedPhase                         0x080145d2   Data           3  bsp_lcd.o(.constdata)
    LCD_COM_NegaSign                         0x080145d5   Data           4  bsp_lcd.o(.constdata)
    LCD_PIN_NegaSign                         0x080145d9   Data           4  bsp_lcd.o(.constdata)
    LCD_COM_Sum                              0x080145dd   Data           4  bsp_lcd.o(.constdata)
    LCD_PIN_Sum                              0x080145e1   Data           4  bsp_lcd.o(.constdata)
    LCD_COM_ClearLeft                        0x080145e5   Data           4  bsp_lcd.o(.constdata)
    LCD_PIN_ClearLeft                        0x080145e9   Data           4  bsp_lcd.o(.constdata)
    LCD_PIN_UNIT0                            0x080145ed   Data           4  bsp_lcd.o(.constdata)
    LCD_PIN_UNIT1                            0x080145f1   Data           4  bsp_lcd.o(.constdata)
    LCD_PIN_UNIT2                            0x080145f5   Data           4  bsp_lcd.o(.constdata)
    LCD_COM_INS                              0x080145f9   Data           4  bsp_lcd.o(.constdata)
    LCD_PIN_INS                              0x080145fd   Data           4  bsp_lcd.o(.constdata)
    LCD_COM_IN_On                            0x08014601   Data           4  bsp_lcd.o(.constdata)
    LCD_COM_IN_Off                           0x08014605   Data           4  bsp_lcd.o(.constdata)
    LCD_PIN_IN_On                            0x08014609   Data           4  bsp_lcd.o(.constdata)
    LCD_PIN_IN_Off                           0x0801460d   Data           4  bsp_lcd.o(.constdata)
    LCD_COM_FourQ                            0x08014611   Data           4  bsp_lcd.o(.constdata)
    LCD_PIN_FourQ                            0x08014615   Data           4  bsp_lcd.o(.constdata)
    LCD_COM_CapType                          0x08014619   Data           4  bsp_lcd.o(.constdata)
    LCD_PIN_CapType                          0x0801461d   Data           4  bsp_lcd.o(.constdata)
    LCD_COM_Ctrl                             0x08014621   Data           5  bsp_lcd.o(.constdata)
    LCD_PIN_Ctrl                             0x08014626   Data           5  bsp_lcd.o(.constdata)
    LCD_COM_TimeDot                          0x0801462b   Data           6  bsp_lcd.o(.constdata)
    LCD_PIN_TimeDot                          0x08014631   Data           6  bsp_lcd.o(.constdata)
    LCD_COM_Sys                              0x08014637   Data           6  bsp_lcd.o(.constdata)
    LCD_PIN_Sys                              0x0801463d   Data           6  bsp_lcd.o(.constdata)
    LCD_COM_Row0_Value                       0x08014643   Data         148  bsp_lcd.o(.constdata)
    LCD_COM_Row12_Value                      0x080146d7   Data          64  bsp_lcd.o(.constdata)
    LCD_COM_Row3_Value                       0x08014717   Data          48  bsp_lcd.o(.constdata)
    LCD_COM_UNIT0                            0x08014747   Data          84  bsp_lcd.o(.constdata)
    LCD_COM_UNIT1                            0x0801479b   Data          84  bsp_lcd.o(.constdata)
    LCD_COM_UNIT2                            0x080147ef   Data          84  bsp_lcd.o(.constdata)
    LCD_COM_UNIT3                            0x08014843   Data           9  bsp_lcd.o(.constdata)
    LCD_COM_Norm                             0x0801484c   Data          11  bsp_lcd.o(.constdata)
    LCD_PIN_Norm                             0x08014857   Data          11  bsp_lcd.o(.constdata)
    LCD_COM_Set                              0x08014862   Data           9  bsp_lcd.o(.constdata)
    LCD_PIN_Set                              0x0801486b   Data           9  bsp_lcd.o(.constdata)
    LCD_COM_Prt                              0x08014874   Data          11  bsp_lcd.o(.constdata)
    LCD_PIN_Prt                              0x0801487f   Data          11  bsp_lcd.o(.constdata)
    LCD_COM_LedAddr                          0x0801488a   Data          30  bsp_lcd.o(.constdata)
    LCD_PIN_LedAddr                          0x080148a8   Data          30  bsp_lcd.o(.constdata)
    Fftcoefficient                           0x080148c8   Data         200  bsp_rn8302b.o(.constdata)
    Point_Num                                0x08014990   Data           8  param.o(.constdata)
    Region$$Table$$Base                      0x08014b08   Number         0  anon$$obj.o(Region$$Table)
    Region$$Table$$Limit                     0x08014b28   Number         0  anon$$obj.o(Region$$Table)
    SystemCoreClock                          0x20000000   Data           4  system_stm32f10x.o(.data)
    AHBPrescTable                            0x20000004   Data          16  system_stm32f10x.o(.data)
    DispMode                                 0x20000015   Data           1  taskgui.o(.data)
    g_fftEnable                              0x20000027   Data           1  taskgui.o(.data)
    g_AoOutEnable                            0x20000028   Data           1  taskgui.o(.data)
    g_HarmIEnable                            0x20000029   Data           1  taskgui.o(.data)
    Leve_1_DispNUM                           0x2000004e   Data           2  taskgui.o(.data)
    Disp_Focus                               0x20000050   Data           2  taskgui.o(.data)
    DispPT_Focus                             0x20000052   Data           2  taskgui.o(.data)
    DispCT_Focus                             0x20000054   Data           2  taskgui.o(.data)
    g_Key_Status                             0x20000078   Data           4  taskgui.o(.data)
    KeyFuncPtr                               0x2000007c   Data           4  taskgui.o(.data)
    DinStatus_Disp                           0x20000098   Data           1  taskextra.o(.data)
    OutStatus_Disp                           0x20000099   Data           1  taskextra.o(.data)
    RemOutCtrl                               0x2000009a   Data           1  taskextra.o(.data)
    g_Din_BIT                                0x2000009b   Data           2  taskextra.o(.data)
    g_Din_Status                             0x2000009d   Data           2  taskextra.o(.data)
    g_Out_Status                             0x2000009f   Data           2  taskextra.o(.data)
    g_OverCurr                               0x200000a1   Data           3  taskprotect.o(.data)
    USART_Rx_Head                            0x200000ac   Data           4  drvserial.o(.data)
    USART_Rx_Tail                            0x200000b0   Data           4  drvserial.o(.data)
    USART_Tx_Head                            0x200000b4   Data           4  drvserial.o(.data)
    USART_Tx_Tail                            0x200000b8   Data           4  drvserial.o(.data)
    EnCont                                   0x200000bc   Data           1  bsp_rn8302b.o(.data)
    CheckSum                                 0x200000c0   Data           4  bsp_rn8302b.o(.data)
    IbAngletmp                               0x200000c4   Data           4  bsp_rn8302b.o(.data)
    Umax                                     0x200000c8   Data           4  bsp_rn8302b.o(.data)
    Umin                                     0x200000cc   Data           4  bsp_rn8302b.o(.data)
    Imax                                     0x200000d0   Data           4  bsp_rn8302b.o(.data)
    Imin                                     0x200000d4   Data           4  bsp_rn8302b.o(.data)
    Fullwave_data                            0x200000d8   Data         312  bsp_rn8302b.o(.data)
    Fundwave_data                            0x20000210   Data         304  bsp_rn8302b.o(.data)
    CFG_StatusREG                            0x20000340   Data         552  bsp_rn8302b.o(.data)
    FourQuadtand                             0x20000568   Data           1  param.o(.data)
    TimerPeriod                              0x2000056a   Data           2  bsp.o(.data)
    Channel1Pulse                            0x2000056c   Data           2  bsp.o(.data)
    Channel2Pulse                            0x2000056e   Data           2  bsp.o(.data)
    TTimer_ticks                             0x20000584   Data           4  pt_timer.o(.data)
    g_IWDGCount                              0x20000588   Data           2  sch.o(.data)
    vg_Display_Value                         0x20000599   Data          16  taskgui.o(.bss)
    g_svcProtectState                        0x200005ac   Data         600  taskextra.o(.bss)
    g_KGProtectState                         0x20000804   Data          24  taskprotect.o(.bss)
    sg_TxPack                                0x2000081c   Data         138  taskrs232.o(.bss)
    sg_RxPack                                0x200008a6   Data          74  taskrs232.o(.bss)
    rtu_TxPack                               0x200008f0   Data         142  taskrs232.o(.bss)
    rtu_RxPack                               0x2000097e   Data          76  taskrs232.o(.bss)
    USART_RX_Buf                             0x200009ca   Data         128  drvserial.o(.bss)
    USART_TX_Buf                             0x20000a4a   Data         128  drvserial.o(.bss)
    g_Display_Data                           0x20000aca   Data          92  bsp_lcd.o(.bss)
    sg_Display_Data_Back                     0x20000b26   Data          92  bsp_lcd.o(.bss)
    vg_Power_Val                             0x20000b98   Data         228  bsp_rn8302b.o(.bss)
    vg_Power2_Val                            0x20000c7c   Data         248  bsp_rn8302b.o(.bss)
    vg_Read_Val                              0x20000d74   Data          60  bsp_rn8302b.o(.bss)
    Phase_U                                  0x20000db0   Data          12  bsp_rn8302b.o(.bss)
    Phase_I                                  0x20000dbc   Data          12  bsp_rn8302b.o(.bss)
    Harmonictemp                             0x20000dc8   Data         398  bsp_rn8302b.o(.bss)
    HarmonicData                             0x20000f58   Data        2656  bsp_rn8302b.o(.bss)
    sin_tab                                  0x200019b8   Data         512  bsp_rn8302b.o(.bss)
    cos_tab                                  0x20001bb8   Data         512  bsp_rn8302b.o(.bss)
    RtuPrimaryData                           0x20001db8   Data         144  param.o(.bss)
    RtuPrimaryDataTmp                        0x20001e48   Data         144  param.o(.bss)
    RtuSecondaryData                         0x20001ed8   Data         384  param.o(.bss)
    RtuTHDData                               0x20002058   Data         204  param.o(.bss)
    RtuCTRLData                              0x20002124   Data         128  param.o(.bss)
    RtuCTRLDataTemp                          0x200021a4   Data         128  param.o(.bss)
    RtuPrimaryDataHarmI                      0x20002224   Data         360  param.o(.bss)
    RtuPrimaryDataTmpHarmI                   0x2000238c   Data         360  param.o(.bss)
    ElectricEnergy                           0x200024f4   Data          16  param.o(.bss)
    g_tParam                                 0x20002504   Data         180  param.o(.bss)
    DispCtrlParam                            0x200025b8   Data          80  param.o(.bss)
    USART_DMA_InitStructure                  0x20002608   Data          44  bsp.o(.bss)
    TIM_TimeBaseStructure                    0x20002634   Data          10  bsp.o(.bss)
    TIM_OCInitStructure                      0x2000263e   Data          16  bsp.o(.bss)
    SCH_tasks_G                              0x20002650   Data          72  sch.o(.bss)
    __libspace_start                         0x20002698   Data          96  libspace.o(.bss)
    __temporary_stack_top$libspace           0x200026f8   Data           0  libspace.o(.bss)



==============================================================================

Memory Map of the image

  Image Entry point : 0x080000ed

  Load Region LR_IROM1 (Base: 0x08000000, Size: 0x000150b4, Max: 0x00020000, ABSOLUTE, COMPRESSED[0x00014d58])

    Execution Region ER_IROM1 (Base: 0x08000000, Size: 0x00014b28, Max: 0x00020000, ABSOLUTE)

    Base Addr    Size         Type   Attr      Idx    E Section Name        Object

    0x08000000   0x000000ec   Data   RO          100    RESET               startup_stm32f10x_md.o
    0x080000ec   0x00000008   Code   RO         5002  * !!!main             c_w.l(__main.o)
    0x080000f4   0x00000034   Code   RO         5356    !!!scatter          c_w.l(__scatter.o)
    0x08000128   0x0000005a   Code   RO         5354    !!dczerorl2         c_w.l(__dczerorl2.o)
    0x08000182   0x00000002   PAD
    0x08000184   0x0000001c   Code   RO         5358    !!handler_zi        c_w.l(__scatter_zi.o)
    0x080001a0   0x00000002   Code   RO         5222    .ARM.Collect$$libinit$$00000000  c_w.l(libinit.o)
    0x080001a2   0x00000000   Code   RO         5232    .ARM.Collect$$libinit$$00000002  c_w.l(libinit2.o)
    0x080001a2   0x00000000   Code   RO         5234    .ARM.Collect$$libinit$$00000004  c_w.l(libinit2.o)
    0x080001a2   0x00000000   Code   RO         5237    .ARM.Collect$$libinit$$0000000A  c_w.l(libinit2.o)
    0x080001a2   0x00000000   Code   RO         5239    .ARM.Collect$$libinit$$0000000C  c_w.l(libinit2.o)
    0x080001a2   0x00000000   Code   RO         5241    .ARM.Collect$$libinit$$0000000E  c_w.l(libinit2.o)
    0x080001a2   0x00000000   Code   RO         5244    .ARM.Collect$$libinit$$00000011  c_w.l(libinit2.o)
    0x080001a2   0x00000000   Code   RO         5246    .ARM.Collect$$libinit$$00000013  c_w.l(libinit2.o)
    0x080001a2   0x00000000   Code   RO         5248    .ARM.Collect$$libinit$$00000015  c_w.l(libinit2.o)
    0x080001a2   0x00000000   Code   RO         5250    .ARM.Collect$$libinit$$00000017  c_w.l(libinit2.o)
    0x080001a2   0x00000000   Code   RO         5252    .ARM.Collect$$libinit$$00000019  c_w.l(libinit2.o)
    0x080001a2   0x00000000   Code   RO         5254    .ARM.Collect$$libinit$$0000001B  c_w.l(libinit2.o)
    0x080001a2   0x00000000   Code   RO         5256    .ARM.Collect$$libinit$$0000001D  c_w.l(libinit2.o)
    0x080001a2   0x00000000   Code   RO         5258    .ARM.Collect$$libinit$$0000001F  c_w.l(libinit2.o)
    0x080001a2   0x00000000   Code   RO         5260    .ARM.Collect$$libinit$$00000021  c_w.l(libinit2.o)
    0x080001a2   0x00000000   Code   RO         5262    .ARM.Collect$$libinit$$00000023  c_w.l(libinit2.o)
    0x080001a2   0x00000000   Code   RO         5264    .ARM.Collect$$libinit$$00000025  c_w.l(libinit2.o)
    0x080001a2   0x00000000   Code   RO         5268    .ARM.Collect$$libinit$$0000002C  c_w.l(libinit2.o)
    0x080001a2   0x00000000   Code   RO         5270    .ARM.Collect$$libinit$$0000002E  c_w.l(libinit2.o)
    0x080001a2   0x00000000   Code   RO         5272    .ARM.Collect$$libinit$$00000030  c_w.l(libinit2.o)
    0x080001a2   0x00000000   Code   RO         5274    .ARM.Collect$$libinit$$00000032  c_w.l(libinit2.o)
    0x080001a2   0x00000002   Code   RO         5275    .ARM.Collect$$libinit$$00000033  c_w.l(libinit2.o)
    0x080001a4   0x00000002   Code   RO         5305    .ARM.Collect$$libshutdown$$00000000  c_w.l(libshutdown.o)
    0x080001a6   0x00000000   Code   RO         5323    .ARM.Collect$$libshutdown$$00000003  c_w.l(libshutdown2.o)
    0x080001a6   0x00000000   Code   RO         5326    .ARM.Collect$$libshutdown$$00000006  c_w.l(libshutdown2.o)
    0x080001a6   0x00000000   Code   RO         5329    .ARM.Collect$$libshutdown$$00000009  c_w.l(libshutdown2.o)
    0x080001a6   0x00000000   Code   RO         5331    .ARM.Collect$$libshutdown$$0000000B  c_w.l(libshutdown2.o)
    0x080001a6   0x00000000   Code   RO         5334    .ARM.Collect$$libshutdown$$0000000E  c_w.l(libshutdown2.o)
    0x080001a6   0x00000002   Code   RO         5335    .ARM.Collect$$libshutdown$$0000000F  c_w.l(libshutdown2.o)
    0x080001a8   0x00000000   Code   RO         5124    .ARM.Collect$$rtentry$$00000000  c_w.l(__rtentry.o)
    0x080001a8   0x00000000   Code   RO         5181    .ARM.Collect$$rtentry$$00000002  c_w.l(__rtentry2.o)
    0x080001a8   0x00000006   Code   RO         5193    .ARM.Collect$$rtentry$$00000004  c_w.l(__rtentry4.o)
    0x080001ae   0x00000000   Code   RO         5183    .ARM.Collect$$rtentry$$00000009  c_w.l(__rtentry2.o)
    0x080001ae   0x00000004   Code   RO         5184    .ARM.Collect$$rtentry$$0000000A  c_w.l(__rtentry2.o)
    0x080001b2   0x00000000   Code   RO         5186    .ARM.Collect$$rtentry$$0000000C  c_w.l(__rtentry2.o)
    0x080001b2   0x00000008   Code   RO         5187    .ARM.Collect$$rtentry$$0000000D  c_w.l(__rtentry2.o)
    0x080001ba   0x00000002   Code   RO         5225    .ARM.Collect$$rtexit$$00000000  c_w.l(rtexit.o)
    0x080001bc   0x00000000   Code   RO         5277    .ARM.Collect$$rtexit$$00000002  c_w.l(rtexit2.o)
    0x080001bc   0x00000004   Code   RO         5278    .ARM.Collect$$rtexit$$00000003  c_w.l(rtexit2.o)
    0x080001c0   0x00000006   Code   RO         5279    .ARM.Collect$$rtexit$$00000004  c_w.l(rtexit2.o)
    0x080001c6   0x00000002   PAD
    0x080001c8   0x00000040   Code   RO          101    .text               startup_stm32f10x_md.o
    0x08000208   0x00000048   Code   RO         4988    .text               c_w.l(llsdiv.o)
    0x08000250   0x0000008a   Code   RO         4990    .text               c_w.l(rt_memcpy_v6.o)
    0x080002da   0x00000064   Code   RO         4992    .text               c_w.l(rt_memcpy_w.o)
    0x0800033e   0x00000010   Code   RO         4994    .text               c_w.l(aeabi_memset.o)
    0x0800034e   0x00000044   Code   RO         4996    .text               c_w.l(rt_memclr.o)
    0x08000392   0x0000004e   Code   RO         4998    .text               c_w.l(rt_memclr_w.o)
    0x080003e0   0x00000006   Code   RO         5000    .text               c_w.l(heapauxi.o)
    0x080003e6   0x000000ee   Code   RO         5125    .text               c_w.l(lludivv7m.o)
    0x080004d4   0x00000016   Code   RO         5127    .text               c_w.l(_rserrno.o)
    0x080004ea   0x00000002   PAD
    0x080004ec   0x00000008   Code   RO         5202    .text               c_w.l(rt_errno_addr_intlibspace.o)
    0x080004f4   0x00000008   Code   RO         5208    .text               c_w.l(libspace.o)
    0x080004fc   0x0000004a   Code   RO         5211    .text               c_w.l(sys_stackheap_outer.o)
    0x08000546   0x0000000c   Code   RO         5215    .text               c_w.l(exit.o)
    0x08000552   0x00000002   PAD
    0x08000554   0x0000000c   Code   RO         5293    .text               c_w.l(sys_exit.o)
    0x08000560   0x00000002   Code   RO         5310    .text               c_w.l(use_no_semi.o)
    0x08000562   0x00000000   Code   RO         5312    .text               c_w.l(indicate_semi.o)
    0x08000562   0x0000008e   Code   RO          666    i.Ao_Item_Judge     taskrs232.o
    0x080005f0   0x0000001e   Code   RO         1544    i.Bsp_Init          bsp.o
    0x0800060e   0x00000002   PAD
    0x08000610   0x00000050   Code   RO         1175    i.ChangeNetMode     bsp_rn8302b.o
    0x08000660   0x0000003c   Code   RO          116    i.CharToNumber      taskgui.o
    0x0800069c   0x00000018   Code   RO         1618    i.DMA1_Channel1_IRQHandler  stm32f10x_it.o
    0x080006b4   0x00000018   Code   RO         2450    i.DMA_ClearITPendingBit  stm32f10x_dma.o
    0x080006cc   0x0000001a   Code   RO         2451    i.DMA_Cmd           stm32f10x_dma.o
    0x080006e6   0x00000002   PAD
    0x080006e8   0x000000f8   Code   RO         2452    i.DMA_DeInit        stm32f10x_dma.o
    0x080007e0   0x00000024   Code   RO         2455    i.DMA_GetITStatus   stm32f10x_dma.o
    0x08000804   0x0000003a   Code   RO         2457    i.DMA_Init          stm32f10x_dma.o
    0x0800083e   0x00000002   PAD
    0x08000840   0x0000005c   Code   RO          525    i.Ddi_Protect_JudgeLowProtectHappen  taskextra.o
    0x0800089c   0x0000005c   Code   RO          526    i.Ddi_Protect_JudgeOverProtectHappen  taskextra.o
    0x080008f8   0x00000058   Code   RO          527    i.DinStatus         taskextra.o
    0x08000950   0x00000138   Code   RO          119    i.DispHarI          taskgui.o
    0x08000a88   0x00000120   Code   RO          120    i.DispHarmSubI      taskgui.o
    0x08000ba8   0x000002b0   Code   RO          121    i.DispHarmonicContent  taskgui.o
    0x08000e58   0x000017ae   Code   RO          122    i.DispMenu_Main     taskgui.o
    0x08002606   0x00000002   PAD
    0x08002608   0x00000074   Code   RO          123    i.DispMenu_Menu1    taskgui.o
    0x0800267c   0x00000100   Code   RO          124    i.DispMenu_Menu2    taskgui.o
    0x0800277c   0x00002840   Code   RO          125    i.DispMenu_Menu3    taskgui.o
    0x08004fbc   0x00000070   Code   RO          126    i.DispMenu_MenuCode  taskgui.o
    0x0800502c   0x00000050   Code   RO          127    i.DispMenu_MenuCodeErr  taskgui.o
    0x0800507c   0x00000080   Code   RO          128    i.DispMenu_MenuSave  taskgui.o
    0x080050fc   0x0000250e   Code   RO          129    i.DispMenu_MenuValue  taskgui.o
    0x0800760a   0x00000002   PAD
    0x0800760c   0x00000148   Code   RO          130    i.DispSetCT         taskgui.o
    0x08007754   0x00000148   Code   RO          131    i.DispSetPT         taskgui.o
    0x0800789c   0x00000238   Code   RO          132    i.DispValue         taskgui.o
    0x08007ad4   0x000002b4   Code   RO          133    i.DispValueCurrent  taskgui.o
    0x08007d88   0x00000148   Code   RO          134    i.DispValueEnergy   taskgui.o
    0x08007ed0   0x000006e8   Code   RO          135    i.DispValuePower    taskgui.o
    0x080085b8   0x000002b4   Code   RO          136    i.DispValueVoltage  taskgui.o
    0x0800886c   0x00000006   Code   RO          137    i.Disp_IO_Status    taskgui.o
    0x08008872   0x0000017a   Code   RO          667    i.Do_Item_Judge     taskrs232.o
    0x080089ec   0x00000002   Code   RO         1545    i.EXTI_Configuration  bsp.o
    0x080089ee   0x00000002   PAD
    0x080089f0   0x000001b8   Code   RO         1176    i.FFT               bsp_rn8302b.o
    0x08008ba8   0x0000000c   Code   RO         2575    i.FLASH_ClearFlag   stm32f10x_flash.o
    0x08008bb4   0x0000003c   Code   RO         2580    i.FLASH_ErasePage   stm32f10x_flash.o
    0x08008bf0   0x00000028   Code   RO         2581    i.FLASH_GetBank1Status  stm32f10x_flash.o
    0x08008c18   0x00000010   Code   RO         2590    i.FLASH_Lock        stm32f10x_flash.o
    0x08008c28   0x0000005c   Code   RO         2595    i.FLASH_ProgramWord  stm32f10x_flash.o
    0x08008c84   0x00000018   Code   RO         2598    i.FLASH_Unlock      stm32f10x_flash.o
    0x08008c9c   0x00000020   Code   RO         2602    i.FLASH_WaitForLastOperation  stm32f10x_flash.o
    0x08008cbc   0x00000078   Code   RO         1370    i.FRAM_I2C_ReadData  drvfram.o
    0x08008d34   0x00000050   Code   RO         1371    i.FRAM_I2C_WriteData  drvfram.o
    0x08008d84   0x00000048   Code   RO         1372    i.FRAM_ReadData     drvfram.o
    0x08008dcc   0x00000054   Code   RO         1373    i.FRAM_WriteData    drvfram.o
    0x08008e20   0x00000016   Code   RO         1374    i.FramData_Crc      drvfram.o
    0x08008e36   0x00000002   PAD
    0x08008e38   0x00000200   Code   RO         1546    i.GPIO_Configuration  bsp.o
    0x08009038   0x000000a6   Code   RO         2875    i.GPIO_Init         stm32f10x_gpio.o
    0x080090de   0x00000002   PAD
    0x080090e0   0x0000005c   Code   RO         2877    i.GPIO_PinRemapConfig  stm32f10x_gpio.o
    0x0800913c   0x0000000e   Code   RO         2879    i.GPIO_ReadInputDataBit  stm32f10x_gpio.o
    0x0800914a   0x00000004   Code   RO         2882    i.GPIO_ResetBits    stm32f10x_gpio.o
    0x0800914e   0x00000004   Code   RO         2883    i.GPIO_SetBits      stm32f10x_gpio.o
    0x08009152   0x00000002   PAD
    0x08009154   0x00000090   Code   RO          139    i.GUI_Key_Default   taskgui.o
    0x080091e4   0x000003b8   Code   RO          140    i.GUI_Key_Down      taskgui.o
    0x0800959c   0x000000b4   Code   RO          141    i.GUI_Key_Menu      taskgui.o
    0x08009650   0x0000002c   Code   RO          142    i.GUI_Key_MenuLong  taskgui.o
    0x0800967c   0x000001c0   Code   RO          143    i.GUI_Key_Ok        taskgui.o
    0x0800983c   0x000003ec   Code   RO          144    i.GUI_Key_Up        taskgui.o
    0x08009c28   0x00000074   Code   RO          145    i.GUI_Main          taskgui.o
    0x08009c9c   0x00000290   Code   RO          147    i.GUI_Timer_On      taskgui.o
    0x08009f2c   0x000003b4   Code   RO          148    i.GetSetNewValue    taskgui.o
    0x0800a2e0   0x000001e0   Code   RO          149    i.GetSetOldValue    taskgui.o
    0x0800a4c0   0x0000002c   Code   RO          928    i.HT_ClearLeftSign  bsp_lcd.o
    0x0800a4ec   0x00000074   Code   RO          929    i.HT_ClearRightSign  bsp_lcd.o
    0x0800a560   0x0000000a   Code   RO          930    i.HT_I2C_delay      bsp_lcd.o
    0x0800a56a   0x00000002   PAD
    0x0800a56c   0x0000007c   Code   RO          931    i.HT_Init           bsp_lcd.o
    0x0800a5e8   0x0000001c   Code   RO          932    i.HT_LedStatus      bsp_lcd.o
    0x0800a604   0x00000058   Code   RO          933    i.HT_SendBit        bsp_lcd.o
    0x0800a65c   0x0000003c   Code   RO          934    i.HT_SendCmd        bsp_lcd.o
    0x0800a698   0x00000036   Code   RO          937    i.HT_Write4Value    bsp_lcd.o
    0x0800a6ce   0x00000002   PAD
    0x0800a6d0   0x00000038   Code   RO          941    i.HT_WriteData      bsp_lcd.o
    0x0800a708   0x000000e4   Code   RO          942    i.HT_WriteDot       bsp_lcd.o
    0x0800a7ec   0x00000028   Code   RO          946    i.HT_WriteNegative  bsp_lcd.o
    0x0800a814   0x00000060   Code   RO          949    i.HT_WritePhase     bsp_lcd.o
    0x0800a874   0x00000060   Code   RO          950    i.HT_WritePhaseDouble  bsp_lcd.o
    0x0800a8d4   0x00000028   Code   RO          953    i.HT_WriteSum       bsp_lcd.o
    0x0800a8fc   0x000001cc   Code   RO          957    i.HT_WriteUnit      bsp_lcd.o
    0x0800aac8   0x0000020c   Code   RO          958    i.HT_WriteValue     bsp_lcd.o
    0x0800acd4   0x00000090   Code   RO          959    i.HT_Write_Four_Quadrant  bsp_lcd.o
    0x0800ad64   0x0000008c   Code   RO          960    i.HT_Write_IO_Frame  bsp_lcd.o
    0x0800adf0   0x00000002   Code   RO         1621    i.HardFault_Handler  stm32f10x_it.o
    0x0800adf2   0x00000002   PAD
    0x0800adf4   0x000001e4   Code   RO          150    i.HarmCurrent       taskgui.o
    0x0800afd8   0x000000a8   Code   RO         1448    i.InitCtrlParam     param.o
    0x0800b080   0x00000064   Code   RO         1178    i.InitForFFT        bsp_rn8302b.o
    0x0800b0e4   0x00000012   Code   RO         1449    i.InitRNParam       param.o
    0x0800b0f6   0x00000012   Code   RO         1450    i.InitRNParamToZero  param.o
    0x0800b108   0x00000038   Code   RO         1451    i.InitRNParam_Phase  param.o
    0x0800b140   0x00000034   Code   RO         1452    i.InitRNParam_PhaseToZero  param.o
    0x0800b174   0x00000026   Code   RO          152    i.JudgeSetNewValue  taskgui.o
    0x0800b19a   0x0000000e   Code   RO          617    i.KG_CancelJudge    taskprotect.o
    0x0800b1a8   0x0000005c   Code   RO          618    i.KG_JudgeOverHappen  taskprotect.o
    0x0800b204   0x00000038   Code   RO          619    i.KG_ProtectHappen  taskprotect.o
    0x0800b23c   0x00000032   Code   RO          620    i.KG_ProtectRtn     taskprotect.o
    0x0800b26e   0x00000002   PAD
    0x0800b270   0x00000054   Code   RO          153    i.KeyDiff           taskgui.o
    0x0800b2c4   0x00000054   Code   RO          154    i.KeyStatus         taskgui.o
    0x0800b318   0x00000046   Code   RO          962    i.LCD_Update_screen_T  bsp_lcd.o
    0x0800b35e   0x00000002   PAD
    0x0800b360   0x00000084   Code   RO          963    i.Lcd_Update_screen  bsp_lcd.o
    0x0800b3e4   0x0000020c   Code   RO         1179    i.LineCalcFunc      bsp_rn8302b.o
    0x0800b5f0   0x00000004   Code   RO         1453    i.LoadParam         param.o
    0x0800b5f4   0x0000001a   Code   RO          668    i.MSRS232_CRC       taskrs232.o
    0x0800b60e   0x0000001c   Code   RO         4698    i.MemData_CmpParam  memdataoperate.o
    0x0800b62a   0x000001ae   Code   RO         4699    i.MemData_CmpParamType  memdataoperate.o
    0x0800b7d8   0x00000016   Code   RO         4700    i.MemData_Crc       memdataoperate.o
    0x0800b7ee   0x00000002   PAD
    0x0800b7f0   0x00000048   Code   RO         4705    i.MemData_ReadParam  memdataoperate.o
    0x0800b838   0x00000044   Code   RO         4708    i.MemData_WriteParam  memdataoperate.o
    0x0800b87c   0x0000005a   Code   RO         4709    i.MemData_Write_To_Flash  memdataoperate.o
    0x0800b8d6   0x00000012   Code   RO         4928    i.Modbus_IRQHandler  sch.o
    0x0800b8e8   0x00000040   Code   RO         4929    i.Modebus_Init_T    sch.o
    0x0800b928   0x00000024   Code   RO         1375    i.MyI2C_GPIO_IN_Config  drvfram.o
    0x0800b94c   0x00000024   Code   RO         1376    i.MyI2C_GPIO_Out_Config  drvfram.o
    0x0800b970   0x00000068   Code   RO         1377    i.MyI2C_ReceiveByte  drvfram.o
    0x0800b9d8   0x00000060   Code   RO         1378    i.MyI2C_SendByte    drvfram.o
    0x0800ba38   0x00000028   Code   RO         1379    i.MyI2C_Start       drvfram.o
    0x0800ba60   0x00000020   Code   RO         1380    i.MyI2C_Stop        drvfram.o
    0x0800ba80   0x00000002   Code   RO         1622    i.NMI_Handler       stm32f10x_it.o
    0x0800ba82   0x0000005a   Code   RO         1548    i.NVIC_Configuration  bsp.o
    0x0800badc   0x00000064   Code   RO         1709    i.NVIC_Init         misc.o
    0x0800bb40   0x00000014   Code   RO         1710    i.NVIC_PriorityGroupConfig  misc.o
    0x0800bb54   0x0000001c   Code   RO         1180    i.NVIC_SystemReset  bsp_rn8302b.o
    0x0800bb70   0x0000008c   Code   RO          155    i.OneKeyStaus       taskgui.o
    0x0800bbfc   0x000008dc   Code   RO          528    i.OutHandler_First  taskextra.o
    0x0800c4d8   0x000008dc   Code   RO          529    i.OutHandler_Second  taskextra.o
    0x0800cdb4   0x0000003c   Code   RO          530    i.OutStatus         taskextra.o
    0x0800cdf0   0x0000001a   Code   RO         4874    i.PT_TimerDelay     pt_timer.o
    0x0800ce0a   0x00000016   Code   RO         4875    i.PT_TimerDiff      pt_timer.o
    0x0800ce20   0x0000000c   Code   RO         4877    i.PT_TimerGet       pt_timer.o
    0x0800ce2c   0x00000010   Code   RO         4878    i.PT_TimerIncrement  pt_timer.o
    0x0800ce3c   0x00000002   Code   RO         1623    i.PendSV_Handler    stm32f10x_it.o
    0x0800ce3e   0x00000002   PAD
    0x0800ce40   0x0000012c   Code   RO          621    i.Protect_AutoProc  taskprotect.o
    0x0800cf6c   0x00000310   Code   RO          531    i.PwmPercentOutput_First  taskextra.o
    0x0800d27c   0x0000030c   Code   RO          532    i.PwmPercentOutput_Second  taskextra.o
    0x0800d588   0x0000001c   Code   RO         3293    i.RCC_AHBPeriphClockCmd  stm32f10x_rcc.o
    0x0800d5a4   0x0000001c   Code   RO         3294    i.RCC_APB1PeriphClockCmd  stm32f10x_rcc.o
    0x0800d5c0   0x0000001c   Code   RO         3295    i.RCC_APB1PeriphResetCmd  stm32f10x_rcc.o
    0x0800d5dc   0x0000001c   Code   RO         3296    i.RCC_APB2PeriphClockCmd  stm32f10x_rcc.o
    0x0800d5f8   0x0000001c   Code   RO         3297    i.RCC_APB2PeriphResetCmd  stm32f10x_rcc.o
    0x0800d614   0x00000024   Code   RO         1549    i.RCC_Configuration  bsp.o
    0x0800d638   0x000000ac   Code   RO         3304    i.RCC_GetClocksFreq  stm32f10x_rcc.o
    0x0800d6e4   0x000002a0   Code   RO         1181    i.RN8032_Adjust     bsp_rn8302b.o
    0x0800d984   0x00000124   Code   RO         1182    i.RN8032_Adjust_Angle  bsp_rn8302b.o
    0x0800daa8   0x000000b0   Code   RO         1184    i.RN8032_Adjust_I   bsp_rn8302b.o
    0x0800db58   0x000000b0   Code   RO         1186    i.RN8032_Adjust_U   bsp_rn8302b.o
    0x0800dc08   0x0000150c   Code   RO         1187    i.RN8032_Updata     bsp_rn8302b.o
    0x0800f114   0x00000224   Code   RO         1188    i.RN8302Init        bsp_rn8302b.o
    0x0800f338   0x000000d8   Code   RO         1189    i.RN8302InitAdjust  bsp_rn8302b.o
    0x0800f410   0x000000bc   Code   RO         1190    i.RN8302RD          bsp_rn8302b.o
    0x0800f4cc   0x000000d8   Code   RO         1191    i.RN8302RDBUFF      bsp_rn8302b.o
    0x0800f5a4   0x00000080   Code   RO         1192    i.RN8302WR          bsp_rn8302b.o
    0x0800f624   0x00000148   Code   RO         1193    i.RN8302_RX_Frame   bsp_rn8302b.o
    0x0800f76c   0x00000100   Code   RO         1194    i.RN8302_TX_Frame   bsp_rn8302b.o
    0x0800f86c   0x00000020   Code   RO          964    i.Reset_Screen      bsp_lcd.o
    0x0800f88c   0x00000040   Code   RO         4930    i.SCH_Add_Task      sch.o
    0x0800f8cc   0x00000020   Code   RO         4931    i.SCH_Delete_Task   sch.o
    0x0800f8ec   0x00000040   Code   RO         4932    i.SCH_Init_T        sch.o
    0x0800f92c   0x00000038   Code   RO         4933    i.SCH_RUN_Tasks     sch.o
    0x0800f964   0x00000020   Code   RO         4934    i.SCH_Start         sch.o
    0x0800f984   0x00000074   Code   RO          836    i.SERIAL_IRQHandler  drvserial.o
    0x0800f9f8   0x00000070   Code   RO         4935    i.SIGNAL_IRQHandler  sch.o
    0x0800fa68   0x00000002   Code   RO         1624    i.SVC_Handler       stm32f10x_it.o
    0x0800fa6a   0x00000002   PAD
    0x0800fa6c   0x00000060   Code   RO         1195    i.SampleDataModifyF  bsp_rn8302b.o
    0x0800facc   0x00000004   Code   RO         1454    i.SaveParam         param.o
    0x0800fad0   0x0000013c   Code   RO          156    i.SetPT_CT          taskgui.o
    0x0800fc0c   0x00000004   Code   RO            1    i.SetSysClock       system_stm32f10x.o
    0x0800fc10   0x000000b0   Code   RO            2    i.SetSysClockTo72   system_stm32f10x.o
    0x0800fcc0   0x00000044   Code   RO         1196    i.Spi_RN8302_ReadByte  bsp_rn8302b.o
    0x0800fd04   0x0000004c   Code   RO         1197    i.Spi_RN8302_SendByte  bsp_rn8302b.o
    0x0800fd50   0x0000001c   Code   RO         1713    i.SysTick_CLKSourceConfig  misc.o
    0x0800fd6c   0x0000004c   Code   RO         1550    i.SysTick_Configuration  bsp.o
    0x0800fdb8   0x0000000e   Code   RO         1625    i.SysTick_Handler   stm32f10x_it.o
    0x0800fdc6   0x00000002   PAD
    0x0800fdc8   0x00000050   Code   RO            4    i.SystemInit        system_stm32f10x.o
    0x0800fe18   0x00000120   Code   RO          157    i.THDIFuntion       taskgui.o
    0x0800ff38   0x0000009c   Code   RO          158    i.THDUFuntion       taskgui.o
    0x0800ffd4   0x00000004   Code   RO         1628    i.TIM2_IRQHandler   stm32f10x_it.o
    0x0800ffd8   0x00000004   Code   RO         1629    i.TIM3_IRQHandler   stm32f10x_it.o
    0x0800ffdc   0x00000018   Code   RO         3919    i.TIM_ARRPreloadConfig  stm32f10x_tim.o
    0x0800fff4   0x00000006   Code   RO         3925    i.TIM_ClearFlag     stm32f10x_tim.o
    0x0800fffa   0x00000006   Code   RO         3926    i.TIM_ClearITPendingBit  stm32f10x_tim.o
    0x08010000   0x00000018   Code   RO         3931    i.TIM_Cmd           stm32f10x_tim.o
    0x08010018   0x0000001c   Code   RO         3933    i.TIM_CtrlPWMOutputs  stm32f10x_tim.o
    0x08010034   0x00000210   Code   RO         3936    i.TIM_DeInit        stm32f10x_tim.o
    0x08010244   0x00000018   Code   RO         3952    i.TIM_GetITStatus   stm32f10x_tim.o
    0x0801025c   0x00000014   Code   RO         3956    i.TIM_ITConfig      stm32f10x_tim.o
    0x08010270   0x00000084   Code   RO         3970    i.TIM_OC3Init       stm32f10x_tim.o
    0x080102f4   0x0000000c   Code   RO         3973    i.TIM_OC3PreloadConfig  stm32f10x_tim.o
    0x08010300   0x00000068   Code   RO         3975    i.TIM_OC4Init       stm32f10x_tim.o
    0x08010368   0x00000014   Code   RO         3977    i.TIM_OC4PreloadConfig  stm32f10x_tim.o
    0x0801037c   0x000000e4   Code   RO         1551    i.TIM_PWM_Configuration  bsp.o
    0x08010460   0x00000004   Code   RO         3994    i.TIM_SetCompare3   stm32f10x_tim.o
    0x08010464   0x00000006   Code   RO         3995    i.TIM_SetCompare4   stm32f10x_tim.o
    0x0801046a   0x00000002   PAD
    0x0801046c   0x0000009c   Code   RO         4002    i.TIM_TimeBaseInit  stm32f10x_tim.o
    0x08010508   0x00000034   Code   RO          533    i.Task_Extra_Function  taskextra.o
    0x0801053c   0x00000034   Code   RO          159    i.Task_GUI_Function  taskgui.o
    0x08010570   0x00000020   Code   RO          160    i.Task_GUI_init     taskgui.o
    0x08010590   0x00000012   Code   RO         1198    i.Task_Power_Function  bsp_rn8302b.o
    0x080105a2   0x00000004   Code   RO          622    i.Task_Protect_Function  taskprotect.o
    0x080105a6   0x00000004   Code   RO          669    i.Task_RS232_Function  taskrs232.o
    0x080105aa   0x00000002   PAD
    0x080105ac   0x00000028   Code   RO          670    i.Task_RS232_init   taskrs232.o
    0x080105d4   0x0000000e   Code   RO          161    i.Task_Timer_Function  taskgui.o
    0x080105e2   0x00000002   PAD
    0x080105e4   0x00000010   Code   RO          838    i.UASRT_StopSend    drvserial.o
    0x080105f4   0x00000004   Code   RO         1630    i.USART1_IRQHandler  stm32f10x_it.o
    0x080105f8   0x00000008   Code   RO         4463    i.USART_ClearFlag   stm32f10x_usart.o
    0x08010600   0x00000010   Code   RO         4464    i.USART_ClearITPendingBit  stm32f10x_usart.o
    0x08010610   0x0000001e   Code   RO         4465    i.USART_ClockInit   stm32f10x_usart.o
    0x0801062e   0x00000018   Code   RO         4467    i.USART_Cmd         stm32f10x_usart.o
    0x08010646   0x00000002   PAD
    0x08010648   0x00000140   Code   RO         1552    i.USART_Configuration  bsp.o
    0x08010788   0x00000014   Code   RO         4468    i.USART_DMACmd      stm32f10x_usart.o
    0x0801079c   0x0000004c   Code   RO         1553    i.USART_DMAReConfig  bsp.o
    0x080107e8   0x0000000e   Code   RO         4470    i.USART_GetFlagStatus  stm32f10x_usart.o
    0x080107f6   0x00000040   Code   RO         4471    i.USART_GetITStatus  stm32f10x_usart.o
    0x08010836   0x00000002   PAD
    0x08010838   0x00000024   Code   RO          839    i.USART_GetRxBufData  drvserial.o
    0x0801085c   0x00000020   Code   RO          840    i.USART_GetRxBufLen  drvserial.o
    0x0801087c   0x00000026   Code   RO          841    i.USART_GetRxString  drvserial.o
    0x080108a2   0x00000002   PAD
    0x080108a4   0x00000024   Code   RO          842    i.USART_GetTxBufData  drvserial.o
    0x080108c8   0x00000036   Code   RO         4473    i.USART_ITConfig    stm32f10x_usart.o
    0x080108fe   0x00000002   PAD
    0x08010900   0x000000bc   Code   RO         4474    i.USART_Init        stm32f10x_usart.o
    0x080109bc   0x00000018   Code   RO          845    i.USART_IsDataInTxBuf  drvserial.o
    0x080109d4   0x0000001c   Code   RO          846    i.USART_PutDatatoRxBuf  drvserial.o
    0x080109f0   0x00000008   Code   RO         4481    i.USART_ReceiveData  stm32f10x_usart.o
    0x080109f8   0x00000008   Code   RO         4484    i.USART_SendData    stm32f10x_usart.o
    0x08010a00   0x00000148   Code   RO          162    i.UpdataOrSetValue  taskgui.o
    0x08010b48   0x000000f0   Code   RO          163    i.UpdataSetValue    taskgui.o
    0x08010c38   0x000000f4   Code   RO         1455    i.WriteRNParam      param.o
    0x08010d2c   0x00000028   Code   RO         5165    i.__ARM_fpclassify  m_ws.l(fpclassify.o)
    0x08010d54   0x00000388   Code   RO         5169    i.__ieee754_rem_pio2  m_ws.l(rred.o)
    0x080110dc   0x000000fc   Code   RO         5148    i.__kernel_cos      m_ws.l(cos_i.o)
    0x080111d8   0x000000aa   Code   RO         5167    i.__kernel_poly     m_ws.l(poly.o)
    0x08011282   0x00000002   PAD
    0x08011284   0x000000ec   Code   RO         5174    i.__kernel_sin      m_ws.l(sin_i.o)
    0x08011370   0x00000006   Code   RO         5152    i.__mathlib_dbl_infnan  m_ws.l(dunder.o)
    0x08011376   0x0000000c   Code   RO         5154    i.__mathlib_dbl_invalid  m_ws.l(dunder.o)
    0x08011382   0x00000002   PAD
    0x08011384   0x00000010   Code   RO         5157    i.__mathlib_dbl_underflow  m_ws.l(dunder.o)
    0x08011394   0x00000270   Code   RO         5091    i.asin              m_ws.l(asin.o)
    0x08011604   0x00000004   Code   RO         1199    i.bsp_InitRN8023    bsp_rn8302b.o
    0x08011608   0x0000009c   Code   RO         5101    i.cos               m_ws.l(cos.o)
    0x080116a4   0x0000000c   Code   RO         1381    i.delay_us          drvfram.o
    0x080116b0   0x000000a4   Code   RO         1200    i.fnDl645Fft_DataCmp  bsp_rn8302b.o
    0x08011754   0x000001e4   Code   RO         1201    i.fnDl645Fft_Harmonic_Exec  bsp_rn8302b.o
    0x08011938   0x000000a0   Code   RO         1527    i.main              sysmain.o
    0x080119d8   0x00000014   Code   RO         4880    i.nus_delay         pt_timer.o
    0x080119ec   0x000000a0   Code   RO         5109    i.sin               m_ws.l(sin.o)
    0x08011a8c   0x0000000c   Code   RO         1204    i.spi_nop           bsp_rn8302b.o
    0x08011a98   0x0000004c   Code   RO         5117    i.sqrt              m_ws.l(sqrt.o)
    0x08011ae4   0x00000040   Code   RO         1205    i.sqrt_64fixed      bsp_rn8302b.o
    0x08011b24   0x0000000e   Code   RO          534    i.svc_Protect_CancelJudge  taskextra.o
    0x08011b32   0x00000038   Code   RO          535    i.svc_Protect_ProtectHappen  taskextra.o
    0x08011b6a   0x00000032   Code   RO          536    i.svc_Protect_ProtectRtn  taskextra.o
    0x08011b9c   0x0000002c   Code   RO          671    i.usMBCRC16         taskrs232.o
    0x08011bc8   0x00000098   Code   RO          672    i.vMSRS232_Analysis  taskrs232.o
    0x08011c60   0x0000001c   Code   RO          673    i.vMSRS232_Query_Adjust  taskrs232.o
    0x08011c7c   0x00000018   Code   RO          674    i.vMSRS232_Query_Param  taskrs232.o
    0x08011c94   0x0000001c   Code   RO          675    i.vMSRS232_Query_Power  taskrs232.o
    0x08011cb0   0x000002b4   Code   RO          678    i.vMSRS232_RxProtocol  taskrs232.o
    0x08011f64   0x0000005c   Code   RO          679    i.vMSRS232_SetFrameData  taskrs232.o
    0x08011fc0   0x000001ac   Code   RO          680    i.vMSRS232_Set_Adjust  taskrs232.o
    0x0801216c   0x00000002   Code   RO          681    i.vMSRS232_Set_Param  taskrs232.o
    0x0801216e   0x00000002   PAD
    0x08012170   0x000001c4   Code   RO          682    i.vModeBusRtu_Analysis  taskrs232.o
    0x08012334   0x000000d8   Code   RO          683    i.vModeBus_Query_CTRL  taskrs232.o
    0x0801240c   0x00000068   Code   RO          684    i.vModeBus_Query_Primary  taskrs232.o
    0x08012474   0x00000068   Code   RO          685    i.vModeBus_Query_Primary_HarmI  taskrs232.o
    0x080124dc   0x00000024   Code   RO          686    i.vModeBus_Query_Secondary  taskrs232.o
    0x08012500   0x0000011c   Code   RO          687    i.vModeBus_Query_THD  taskrs232.o
    0x0801261c   0x0000017c   Code   RO          688    i.vModeBus_SetFrameData  taskrs232.o
    0x08012798   0x000003f4   Code   RO          689    i.vModeBus_Set_Ctrl_Parm  taskrs232.o
    0x08012b8c   0x00000048   Code   RO          690    i.vModeBus_Set_Multi_Relay  taskrs232.o
    0x08012bd4   0x00000034   Code   RO          691    i.vModeBus_Set_Relay  taskrs232.o
    0x08012c08   0x00000062   Code   RO         5004    x$fpl$d2f           fz_ws.l(d2f.o)
    0x08012c6a   0x00000002   PAD
    0x08012c6c   0x00000150   Code   RO         5006    x$fpl$dadd          fz_ws.l(daddsub_clz.o)
    0x08012dbc   0x00000010   Code   RO         5129    x$fpl$dcheck1       fz_ws.l(dcheck1.o)
    0x08012dcc   0x000002b0   Code   RO         5013    x$fpl$ddiv          fz_ws.l(ddiv.o)
    0x0801307c   0x0000005e   Code   RO         5016    x$fpl$dfix          fz_ws.l(dfix.o)
    0x080130da   0x00000002   PAD
    0x080130dc   0x0000005a   Code   RO         5024    x$fpl$dfixu         fz_ws.l(dfixu.o)
    0x08013136   0x0000002e   Code   RO         5033    x$fpl$dflt          fz_ws.l(dflt_clz.o)
    0x08013164   0x000000a2   Code   RO         5038    x$fpl$dfltll        fz_ws.l(dfltll_clz.o)
    0x08013206   0x00000026   Code   RO         5032    x$fpl$dfltu         fz_ws.l(dflt_clz.o)
    0x0801322c   0x0000008a   Code   RO         5039    x$fpl$dfltull       fz_ws.l(dfltll_clz.o)
    0x080132b6   0x00000002   PAD
    0x080132b8   0x00000154   Code   RO         5042    x$fpl$dmul          fz_ws.l(dmul.o)
    0x0801340c   0x0000009c   Code   RO         5133    x$fpl$dnaninf       fz_ws.l(dnaninf.o)
    0x080134a8   0x0000000c   Code   RO         5135    x$fpl$dretinf       fz_ws.l(dretinf.o)
    0x080134b4   0x00000016   Code   RO         5007    x$fpl$drsb          fz_ws.l(daddsub_clz.o)
    0x080134ca   0x00000002   PAD
    0x080134cc   0x000001cc   Code   RO         5137    x$fpl$dsqrt         fz_ws.l(dsqrt_noumaal.o)
    0x08013698   0x000001d4   Code   RO         5008    x$fpl$dsub          fz_ws.l(daddsub_clz.o)
    0x0801386c   0x00000056   Code   RO         5044    x$fpl$f2d           fz_ws.l(f2d.o)
    0x080138c2   0x00000002   PAD
    0x080138c4   0x000000c4   Code   RO         5046    x$fpl$fadd          fz_ws.l(faddsub_clz.o)
    0x08013988   0x0000000c   Code   RO         5139    x$fpl$fcheck1       fz_ws.l(fcheck1.o)
    0x08013994   0x00000018   Code   RO         5141    x$fpl$fcmpinf       fz_ws.l(fcmpi.o)
    0x080139ac   0x00000184   Code   RO         5053    x$fpl$fdiv          fz_ws.l(fdiv.o)
    0x08013b30   0x00000036   Code   RO         5056    x$fpl$ffix          fz_ws.l(ffix.o)
    0x08013b66   0x00000002   PAD
    0x08013b68   0x0000003e   Code   RO         5064    x$fpl$ffixu         fz_ws.l(ffixu.o)
    0x08013ba6   0x00000002   PAD
    0x08013ba8   0x00000030   Code   RO         5073    x$fpl$fflt          fz_ws.l(fflt_clz.o)
    0x08013bd8   0x00000060   Code   RO         5078    x$fpl$ffltll        fz_ws.l(ffltll_clz.o)
    0x08013c38   0x00000026   Code   RO         5072    x$fpl$ffltu         fz_ws.l(fflt_clz.o)
    0x08013c5e   0x00000002   PAD
    0x08013c60   0x00000068   Code   RO         5080    x$fpl$fleqf         fz_ws.l(fleqf.o)
    0x08013cc8   0x00000102   Code   RO         5082    x$fpl$fmul          fz_ws.l(fmul.o)
    0x08013dca   0x0000008c   Code   RO         5143    x$fpl$fnaninf       fz_ws.l(fnaninf.o)
    0x08013e56   0x0000000a   Code   RO         5145    x$fpl$fretinf       fz_ws.l(fretinf.o)
    0x08013e60   0x00000062   Code   RO         5084    x$fpl$frleqf        fz_ws.l(frleqf.o)
    0x08013ec2   0x00000014   Code   RO         5047    x$fpl$frsb          fz_ws.l(faddsub_clz.o)
    0x08013ed6   0x00000002   PAD
    0x08013ed8   0x000000ea   Code   RO         5048    x$fpl$fsub          fz_ws.l(faddsub_clz.o)
    0x08013fc2   0x00000002   PAD
    0x08013fc4   0x000000c2   Code   RO         5020    x$fpl$llsfromd      fz_ws.l(dfixll.o)
    0x08014086   0x00000002   PAD
    0x08014088   0x00000086   Code   RO         5060    x$fpl$llsfromf      fz_ws.l(ffixll.o)
    0x0801410e   0x00000002   PAD
    0x08014110   0x00000078   Code   RO         5028    x$fpl$llufromd      fz_ws.l(dfixull.o)
    0x08014188   0x0000005c   Code   RO         5068    x$fpl$llufromf      fz_ws.l(ffixull.o)
    0x080141e4   0x00000064   Code   RO         5206    x$fpl$retnan        fz_ws.l(retnan.o)
    0x08014248   0x0000005c   Code   RO         5086    x$fpl$scalbn        fz_ws.l(scalbn.o)
    0x080142a4   0x0000004c   Code   RO         5088    x$fpl$scalbnf       fz_ws.l(scalbnf.o)
    0x080142f0   0x00000030   Code   RO         5223    x$fpl$trapveneer    fz_ws.l(trapv.o)
    0x08014320   0x00000000   Code   RO         5147    x$fpl$usenofp       fz_ws.l(usenofp.o)
    0x08014320   0x00000068   Data   RO          165    .constdata          taskgui.o
    0x08014388   0x00000220   Data   RO          693    .constdata          taskrs232.o
    0x080145a8   0x0000031e   Data   RO          966    .constdata          bsp_lcd.o
    0x080148c6   0x00000002   PAD
    0x080148c8   0x000000c8   Data   RO         1207    .constdata          bsp_rn8302b.o
    0x08014990   0x00000008   Data   RO         1467    .constdata          param.o
    0x08014998   0x00000050   Data   RO         5092    .constdata          m_ws.l(asin.o)
    0x080149e8   0x00000030   Data   RO         5149    .constdata          m_ws.l(cos_i.o)
    0x08014a18   0x000000c8   Data   RO         5171    .constdata          m_ws.l(rred.o)
    0x08014ae0   0x00000028   Data   RO         5175    .constdata          m_ws.l(sin_i.o)
    0x08014b08   0x00000020   Data   RO         5352    Region$$Table       anon$$obj.o


    Execution Region RW_IRAM1 (Base: 0x20000000, Size: 0x00002ef8, Max: 0x00005000, ABSOLUTE, COMPRESSED[0x00000230])

    Base Addr    Size         Type   Attr      Idx    E Section Name        Object

    0x20000000   0x00000014   Data   RW            5    .data               system_stm32f10x.o
    0x20000014   0x00000084   Data   RW          166    .data               taskgui.o
    0x20000098   0x00000009   Data   RW          540    .data               taskextra.o
    0x200000a1   0x00000003   Data   RW          624    .data               taskprotect.o
    0x200000a4   0x00000008   Data   RW          694    .data               taskrs232.o
    0x200000ac   0x00000010   Data   RW          850    .data               drvserial.o
    0x200000bc   0x000004ac   Data   RW         1208    .data               bsp_rn8302b.o
    0x20000568   0x00000001   Data   RW         1471    .data               param.o
    0x20000569   0x00000001   PAD
    0x2000056a   0x00000006   Data   RW         1555    .data               bsp.o
    0x20000570   0x00000014   Data   RW         3324    .data               stm32f10x_rcc.o
    0x20000584   0x00000004   Data   RW         4881    .data               pt_timer.o
    0x20000588   0x00000002   Data   RW         4937    .data               sch.o
    0x2000058a   0x00000002   PAD
    0x2000058c   0x0000001d   Zero   RW          164    .bss                taskgui.o
    0x200005a9   0x00000003   PAD
    0x200005ac   0x00000258   Zero   RW          538    .bss                taskextra.o
    0x20000804   0x00000018   Zero   RW          623    .bss                taskprotect.o
    0x2000081c   0x000001ae   Zero   RW          692    .bss                taskrs232.o
    0x200009ca   0x00000100   Zero   RW          849    .bss                drvserial.o
    0x20000aca   0x000000b8   Zero   RW          965    .bss                bsp_lcd.o
    0x20000b82   0x00000002   PAD
    0x20000b84   0x00001234   Zero   RW         1206    .bss                bsp_rn8302b.o
    0x20001db8   0x00000090   Zero   RW         1456    .bss                param.o
    0x20001e48   0x00000090   Zero   RW         1457    .bss                param.o
    0x20001ed8   0x00000180   Zero   RW         1458    .bss                param.o
    0x20002058   0x000000cc   Zero   RW         1459    .bss                param.o
    0x20002124   0x00000080   Zero   RW         1460    .bss                param.o
    0x200021a4   0x00000080   Zero   RW         1461    .bss                param.o
    0x20002224   0x00000168   Zero   RW         1462    .bss                param.o
    0x2000238c   0x00000168   Zero   RW         1463    .bss                param.o
    0x200024f4   0x00000010   Zero   RW         1464    .bss                param.o
    0x20002504   0x000000b4   Zero   RW         1465    .bss                param.o
    0x200025b8   0x00000050   Zero   RW         1466    .bss                param.o
    0x20002608   0x00000046   Zero   RW         1554    .bss                bsp.o
    0x2000264e   0x00000002   PAD
    0x20002650   0x00000048   Zero   RW         4936    .bss                sch.o
    0x20002698   0x00000060   Zero   RW         5209    .bss                c_w.l(libspace.o)
    0x200026f8   0x00000400   Zero   RW           99    HEAP                startup_stm32f10x_md.o
    0x20002af8   0x00000400   Zero   RW           98    STACK               startup_stm32f10x_md.o


==============================================================================

Image component sizes


      Code (inc. data)   RO Data    RW Data    ZI Data      Debug   Object Name

      1370         94          0          6         70      21327   bsp.o
      2582        158        798          0        184      19077   bsp_lcd.o
     10742        672        200       1196       4660      30706   bsp_rn8302b.o
       734         46          0          0          0       8199   drvfram.o
       326         48          0         16        256       5282   drvserial.o
       710         18          0          0          0       5370   memdataoperate.o
       148         14          0          0          0       2245   misc.o
       564         28          8          1       2128      11219   param.o
        96         12          0          4          0       3688   pt_timer.o
       442         42          0          2         72       4789   sch.o
        64         26        236          0       2048        892   startup_stm32f10x_md.o
       392         28          0          0          0       5044   stm32f10x_dma.o
       276         38          0          0          0       5760   stm32f10x_flash.o
       280          6          0          0          0       4754   stm32f10x_gpio.o
        58          0          0          0          0       4042   stm32f10x_it.o
       312         48          0         20          0       6616   stm32f10x_rcc.o
      1094        124          0          0          0      11261   stm32f10x_tim.o
       434          6          0          0          0       9214   stm32f10x_usart.o
       160         28          0          0          0        531   sysmain.o
       260         26          0         20          0     270389   system_stm32f10x.o
      6604        330          0          9        600      16095   taskextra.o
     39830       2540        104        132         29     106588   taskgui.o
       516         50          0          3         24       4846   taskprotect.o
      4792        368        544          8        430      20984   taskrs232.o

    ----------------------------------------------------------------------
     72838       4750       1924       1420      10508     578918   Object Totals
         0          0         32          0          0          0   (incl. Generated)
        52          0          2          3          7          0   (incl. Padding)

    ----------------------------------------------------------------------

      Code (inc. data)   RO Data    RW Data    ZI Data      Debug   Library Member Name

        90          0          0          0          0          0   __dczerorl2.o
         8          0          0          0          0         68   __main.o
         0          0          0          0          0          0   __rtentry.o
        12          0          0          0          0          0   __rtentry2.o
         6          0          0          0          0          0   __rtentry4.o
        52          8          0          0          0          0   __scatter.o
        28          0          0          0          0          0   __scatter_zi.o
        22          0          0          0          0        100   _rserrno.o
        16          0          0          0          0         68   aeabi_memset.o
        12          0          0          0          0         72   exit.o
         6          0          0          0          0        152   heapauxi.o
         0          0          0          0          0          0   indicate_semi.o
         2          0          0          0          0          0   libinit.o
         2          0          0          0          0          0   libinit2.o
         2          0          0          0          0          0   libshutdown.o
         2          0          0          0          0          0   libshutdown2.o
         8          4          0          0         96         68   libspace.o
        72          0          0          0          0         76   llsdiv.o
       238          0          0          0          0        100   lludivv7m.o
         8          4          0          0          0         68   rt_errno_addr_intlibspace.o
        68          0          0          0          0         68   rt_memclr.o
        78          0          0          0          0         80   rt_memclr_w.o
       138          0          0          0          0         68   rt_memcpy_v6.o
       100          0          0          0          0         80   rt_memcpy_w.o
         2          0          0          0          0          0   rtexit.o
        10          0          0          0          0          0   rtexit2.o
        12          4          0          0          0         68   sys_exit.o
        74          0          0          0          0         80   sys_stackheap_outer.o
         2          0          0          0          0         68   use_no_semi.o
        98          4          0          0          0         92   d2f.o
       826         16          0          0          0        348   daddsub_clz.o
        16          4          0          0          0         68   dcheck1.o
       688        140          0          0          0        208   ddiv.o
        94          4          0          0          0         92   dfix.o
       194          4          0          0          0        116   dfixll.o
        90          4          0          0          0         92   dfixu.o
       120          4          0          0          0        104   dfixull.o
        84          0          0          0          0        136   dflt_clz.o
       300          0          0          0          0        168   dfltll_clz.o
       340         12          0          0          0        104   dmul.o
       156          4          0          0          0         92   dnaninf.o
        12          0          0          0          0         68   dretinf.o
       460         56          0          0          0        120   dsqrt_noumaal.o
        86          4          0          0          0         84   f2d.o
       450          8          0          0          0        236   faddsub_clz.o
        12          4          0          0          0         68   fcheck1.o
        24          0          0          0          0         68   fcmpi.o
       388         76          0          0          0         96   fdiv.o
        54          4          0          0          0         84   ffix.o
       134          4          0          0          0         84   ffixll.o
        62          4          0          0          0         84   ffixu.o
        92          4          0          0          0         84   ffixull.o
        86          0          0          0          0        136   fflt_clz.o
        96          0          0          0          0         84   ffltll_clz.o
       104          4          0          0          0         84   fleqf.o
       258          4          0          0          0         84   fmul.o
       140          4          0          0          0         84   fnaninf.o
        10          0          0          0          0         68   fretinf.o
        98          0          0          0          0         68   frleqf.o
       100          0          0          0          0         68   retnan.o
        92          0          0          0          0         68   scalbn.o
        76          0          0          0          0         68   scalbnf.o
        48          0          0          0          0         68   trapv.o
         0          0          0          0          0          0   usenofp.o
       624         52         80          0          0        168   asin.o
       156          8          0          0          0        104   cos.o
       252         22         48          0          0        124   cos_i.o
        34          6          0          0          0        204   dunder.o
        40          0          0          0          0         68   fpclassify.o
       170          0          0          0          0         96   poly.o
       904         76        200          0          0        140   rred.o
       160         10          0          0          0        108   sin.o
       236         12         40          0          0        128   sin_i.o
        76          0          0          0          0         84   sqrt.o

    ----------------------------------------------------------------------
      9646        578        368          0         96       6084   Library Totals
        36          0          0          0          0          0   (incl. Padding)

    ----------------------------------------------------------------------

      Code (inc. data)   RO Data    RW Data    ZI Data      Debug   Library Name

      1070         20          0          0         96       1284   c_w.l
      5888        372          0          0          0       3576   fz_ws.l
      2652        186        368          0          0       1224   m_ws.l

    ----------------------------------------------------------------------
      9646        578        368          0         96       6084   Library Totals

    ----------------------------------------------------------------------

==============================================================================


      Code (inc. data)   RO Data    RW Data    ZI Data      Debug   

     82484       5328       2292       1420      10604     568722   Grand Totals
     82484       5328       2292        560      10604     568722   ELF Image Totals (compressed)
     82484       5328       2292        560          0          0   ROM Totals

==============================================================================

    Total RO  Size (Code + RO Data)                84776 (  82.79kB)
    Total RW  Size (RW Data + ZI Data)             12024 (  11.74kB)
    Total ROM Size (Code + RO Data + RW Data)      85336 (  83.34kB)

==============================================================================

