<html>
<body>
<pre>
<h1>礦ision Build Log</h1>
<h2>Tool Versions:</h2>
IDE-Version: μVision V5.15
Copyright (C) 2015 ARM Ltd and ARM Germany GmbH. All rights reserved.
License Information: C Microsoft, Microsoft, LIC=TA3TG-VQ3UD-ATY3F-6J60M-W6ZJ1-ERQPN
 
Tool Versions:
Toolchain:       MDK-ARM Professional  Version: 5.15.0
Toolchain Path:  E:\Office Softsoftware\keil 5\install\ARM\ARMCC\Bin
C Compiler:      Armcc.exe V5.05 update 2 (build 169)
Assembler:       Armasm.exe V5.05 update 2 (build 169)
Linker/Locator:  ArmLink.exe V5.05 update 2 (build 169)
Library Manager: ArmAr.exe V5.05 update 2 (build 169)
Hex Converter:   FromElf.exe V5.05 update 2 (build 169)
CPU DLL:         SARMCM3.DLL V5.15.0
Dialog DLL:      DCM.DLL V1.13.2.0
Target DLL:      Segger\JL2CM3.dll V2.99.15.0
Dialog DLL:      TCM.DLL V1.14.5.0
 
<h2>Project:</h2>
E:\工作\浙江亿德科技有限公司\2020.2.29\PE201D7 R\build\72_Multi.uvprojx
Project File Date:  02/29/2020

<h2>Output:</h2>
*** Using Compiler 'V5.05 update 2 (build 169)', folder: 'E:\Office Softsoftware\keil 5\install\ARM\ARMCC\Bin'
Build target 'LCD_Mult_7_103'
compiling taskGUI.c...
linking...
Program Size: Code=82484 RO-data=2292 RW-data=1420 ZI-data=10604  
FromELF: creating hex file...
".\tempLcd\PD354-LAS3Y-R-H-20200229.axf" - 0 Error(s), 0 Warning(s).

<h2>Collection of Component include folders:</h2>
  E:\工作\浙江亿德科技有限公司\2020.2.29\PE201D7 R\build\RTE
  E:\Office Softsoftware\keil 5\install\ARM\PACK\Keil\STM32F1xx_DFP\1.1.0\Device\Include

<h2>Collection of Component Files used:</h2>
</pre>
</body>
</html>
<SCRIPT Language=VBScript><!--

//--></SCRIPT>